Archive member included to satisfy reference by file (symbol)

C:/MaximSDK/Libraries/PeriphDrivers/bin/MAX32655/softfp/libPeriphDriver_softfp.a(mxc_delay.o)
                              c:/User/Motion_Sensor/build/main.o (MXC_Delay)
C:/MaximSDK/Libraries/PeriphDrivers/bin/MAX32655/softfp/libPeriphDriver_softfp.a(sys_me17.o)
                              c:/User/Motion_Sensor/build/board.o (MXC_SYS_ClockEnable)
C:/MaximSDK/Libraries/PeriphDrivers/bin/MAX32655/softfp/libPeriphDriver_softfp.a(flc_me17.o)
                              C:/MaximSDK/Libraries/PeriphDrivers/bin/MAX32655/softfp/libPeriphDriver_softfp.a(sys_me17.o) (MXC_FLC_UnlockInfoBlock)
C:/MaximSDK/Libraries/PeriphDrivers/bin/MAX32655/softfp/libPeriphDriver_softfp.a(flc_reva.o)
                              C:/MaximSDK/Libraries/PeriphDrivers/bin/MAX32655/softfp/libPeriphDriver_softfp.a(flc_me17.o) (MXC_FLC_RevA_Busy)
C:/MaximSDK/Libraries/PeriphDrivers/bin/MAX32655/softfp/libPeriphDriver_softfp.a(gpio_me17.o)
                              c:/User/Motion_Sensor/build/board.o (MXC_GPIO_Config)
C:/MaximSDK/Libraries/PeriphDrivers/bin/MAX32655/softfp/libPeriphDriver_softfp.a(gpio_reva.o)
                              C:/MaximSDK/Libraries/PeriphDrivers/bin/MAX32655/softfp/libPeriphDriver_softfp.a(gpio_me17.o) (MXC_GPIO_RevA_InGet)
C:/MaximSDK/Libraries/PeriphDrivers/bin/MAX32655/softfp/libPeriphDriver_softfp.a(i2c_me17.o)
                              c:/User/Motion_Sensor/build/main.o (MXC_I2C_Init)
C:/MaximSDK/Libraries/PeriphDrivers/bin/MAX32655/softfp/libPeriphDriver_softfp.a(i2c_reva.o)
                              C:/MaximSDK/Libraries/PeriphDrivers/bin/MAX32655/softfp/libPeriphDriver_softfp.a(i2c_me17.o) (MXC_I2C_RevA_DMACallback)
C:/MaximSDK/Libraries/PeriphDrivers/bin/MAX32655/softfp/libPeriphDriver_softfp.a(icc_me17.o)
                              c:/User/Motion_Sensor/build/system_max32655.o (MXC_ICC_Enable)
C:/MaximSDK/Libraries/PeriphDrivers/bin/MAX32655/softfp/libPeriphDriver_softfp.a(icc_reva.o)
                              C:/MaximSDK/Libraries/PeriphDrivers/bin/MAX32655/softfp/libPeriphDriver_softfp.a(icc_me17.o) (MXC_ICC_RevA_ID)
C:/MaximSDK/Libraries/PeriphDrivers/bin/MAX32655/softfp/libPeriphDriver_softfp.a(simo_me17.o)
                              c:/User/Motion_Sensor/build/system_max32655.o (MXC_SIMO_SetVregO_A)
C:/MaximSDK/Libraries/PeriphDrivers/bin/MAX32655/softfp/libPeriphDriver_softfp.a(simo_reva.o)
                              C:/MaximSDK/Libraries/PeriphDrivers/bin/MAX32655/softfp/libPeriphDriver_softfp.a(simo_me17.o) (MXC_SIMO_RevA_SetVregO_A)
C:/MaximSDK/Libraries/PeriphDrivers/bin/MAX32655/softfp/libPeriphDriver_softfp.a(spi_me17.o)
                              c:/User/Motion_Sensor/build/board.o (MXC_SPI_Init)
C:/MaximSDK/Libraries/PeriphDrivers/bin/MAX32655/softfp/libPeriphDriver_softfp.a(spi_reva.o)
                              C:/MaximSDK/Libraries/PeriphDrivers/bin/MAX32655/softfp/libPeriphDriver_softfp.a(spi_me17.o) (MXC_SPI_RevA_Init)
C:/MaximSDK/Libraries/PeriphDrivers/bin/MAX32655/softfp/libPeriphDriver_softfp.a(uart_me17.o)
                              c:/User/Motion_Sensor/build/board.o (MXC_UART_Shutdown)
C:/MaximSDK/Libraries/PeriphDrivers/bin/MAX32655/softfp/libPeriphDriver_softfp.a(uart_revb.o)
                              C:/MaximSDK/Libraries/PeriphDrivers/bin/MAX32655/softfp/libPeriphDriver_softfp.a(uart_me17.o) (MXC_UART_RevB_Init)
C:/MaximSDK/Libraries/PeriphDrivers/bin/MAX32655/softfp/libPeriphDriver_softfp.a(mxc_lock.o)
                              C:/MaximSDK/Libraries/PeriphDrivers/bin/MAX32655/softfp/libPeriphDriver_softfp.a(spi_reva.o) (MXC_FreeLock)
C:/MaximSDK/Libraries/PeriphDrivers/bin/MAX32655/softfp/libPeriphDriver_softfp.a(pins_me17.o)
                              C:/MaximSDK/Libraries/PeriphDrivers/bin/MAX32655/softfp/libPeriphDriver_softfp.a(uart_me17.o) (gpio_cfg_uart3)
C:/MaximSDK/Libraries/PeriphDrivers/bin/MAX32655/softfp/libPeriphDriver_softfp.a(dma_me17.o)
                              C:/MaximSDK/Libraries/PeriphDrivers/bin/MAX32655/softfp/libPeriphDriver_softfp.a(i2c_reva.o) (MXC_DMA_Init)
C:/MaximSDK/Libraries/PeriphDrivers/bin/MAX32655/softfp/libPeriphDriver_softfp.a(dma_reva.o)
                              C:/MaximSDK/Libraries/PeriphDrivers/bin/MAX32655/softfp/libPeriphDriver_softfp.a(dma_me17.o) (MXC_DMA_RevA_Init)
C:/MaximSDK/Libraries/PeriphDrivers/bin/MAX32655/softfp/libPeriphDriver_softfp.a(flc_common.o)
                              C:/MaximSDK/Libraries/PeriphDrivers/bin/MAX32655/softfp/libPeriphDriver_softfp.a(flc_me17.o) (MXC_FLC_Com_Write)
C:/MaximSDK/Libraries/PeriphDrivers/bin/MAX32655/softfp/libPeriphDriver_softfp.a(gpio_common.o)
                              C:/MaximSDK/Libraries/PeriphDrivers/bin/MAX32655/softfp/libPeriphDriver_softfp.a(gpio_me17.o) (MXC_GPIO_Common_Init)
C:/MaximSDK/Libraries/PeriphDrivers/bin/MAX32655/softfp/libPeriphDriver_softfp.a(uart_common.o)
[...]
Memory Configuration

Name             Origin             Length             Attributes
ROM              0x00000000         0x00010000         xr
FLASH            0x10000000         0x00080000         xr
PAL_NVM_DB       0x10080000         0x00000000         r
RISCV_FLASH      0x10080000         0x00000000         xr
SRAM             0x20000000         0x00020000         xrw
MAILBOX_0        0x20020000         0x00000000         rw
MAILBOX_1        0x20020000         0x00000000         rw
RISCV_SRAM       0x20020000         0x00000000         xrw
*default*        0x00000000         0xffffffff

Linker script and memory map

LOAD c:/maximsdk/tools/gnutools/10.3/bin/../lib/gcc/arm-none-eabi/10.3.1/thumb/v7e-m+fp/softfp/crti.o
LOAD c:/maximsdk/tools/gnutools/10.3/bin/../lib/gcc/arm-none-eabi/10.3.1/thumb/v7e-m+fp/softfp/crtbegin.o
LOAD c:/maximsdk/tools/gnutools/10.3/bin/../lib/gcc/arm-none-eabi/10.3.1/../../../../arm-none-eabi/lib/thumb/v7e-m+fp/softfp/crt0.o
LOAD c:/User/Motion_Sensor/build/main.o
LOAD c:/User/Motion_Sensor/build/drv_i2c.o
LOAD c:/User/Motion_Sensor/build/i2c_rw.o
LOAD c:/User/Motion_Sensor/build/MPU6050.o
LOAD c:/User/Motion_Sensor/build/board.o
LOAD c:/User/Motion_Sensor/build/stdio.o
LOAD c:/User/Motion_Sensor/build/led.o
LOAD c:/User/Motion_Sensor/build/pb.o
LOAD c:/User/Motion_Sensor/build/tft_ssd2119.o
LOAD c:/User/Motion_Sensor/build/tsc2046.o
LOAD c:/User/Motion_Sensor/build/w25.o
LOAD c:/User/Motion_Sensor/build/startup_max32655.o
LOAD c:/User/Motion_Sensor/build/heap.o
LOAD c:/User/Motion_Sensor/build/system_max32655.o
START GROUP
LOAD C:/MaximSDK/Libraries/PeriphDrivers/bin/MAX32655/softfp/libPeriphDriver_softfp.a
LOAD c:/maximsdk/tools/gnutools/10.3/bin/../lib/gcc/arm-none-eabi/10.3.1/../../../../arm-none-eabi/lib/thumb/v7e-m+fp/softfp\libc.a
LOAD c:/maximsdk/tools/gnutools/10.3/bin/../lib/gcc/arm-none-eabi/10.3.1/../../../../arm-none-eabi/lib/thumb/v7e-m+fp/softfp\libm.a
LOAD c:/maximsdk/tools/gnutools/10.3/bin/../lib/gcc/arm-none-eabi/10.3.1/../../../../arm-none-eabi/lib/thumb/v7e-m+fp/softfp\libnosys.a
END GROUP
START GROUP
LOAD c:/maximsdk/tools/gnutools/10.3/bin/../lib/gcc/arm-none-eabi/10.3.1/thumb/v7e-m+fp/softfp\libgcc.a
LOAD c:/maximsdk/tools/gnutools/10.3/bin/../lib/gcc/arm-none-eabi/10.3.1/../../../../arm-none-eabi/lib/thumb/v7e-m+fp/softfp\libc.a
END GROUP
LOAD c:/maximsdk/tools/gnutools/10.3/bin/../lib/gcc/arm-none-eabi/10.3.1/thumb/v7e-m+fp/softfp/crtend.o
LOAD c:/maximsdk/tools/gnutools/10.3/bin/../lib/gcc/arm-none-eabi/10.3.1/thumb/v7e-m+fp/softfp/crtn.o
                0x00080000                FLASH_MEM_SIZE = (_ARM_FLASH_SIZE - _PAL_NVM_SIZE)
                0x10080000                PAL_NVM_ORIGIN = ((_ARM_FLASH_SIZE - _PAL_NVM_SIZE) + _ARM_FLASH_ORIGIN)
                0x10080000                RISCV_FLASH_ORIGIN = (PAL_NVM_ORIGIN + _PAL_NVM_SIZE)
                0x00000000                RISCV_FLASH_SIZE = (_FLASH_SIZE - _ARM_FLASH_SIZE)
                0x20020000                MAILBOX_ORIGIN = (_ARM_SRAM_ORIGIN + _ARM_SRAM_SIZE)
                0x20020000                RISCV_SRAM_ORIGIN = (MAILBOX_ORIGIN + (0x2 * _MAILBOX_SIZE))
                0x00000000                RISCV_SRAM_SIZE = ((_SRAM_SIZE - _ARM_SRAM_SIZE) - (0x2 * _MAILBOX_SIZE))

.rom
 *(.rom_vector)
 *(.rom_handlers*)

.text           0x10000000     0xa8ec
                0x10000000                _text = .
 *(.isr_vector)
 .isr_vector    0x10000000      0x1d0 c:/User/Motion_Sensor/build/startup_max32655.o
                0x10000000                __isr_vector
 EXCLUDE_FILE(*riscv.o) *(.text*)
 .text          0x100001d0       0x40 c:/maximsdk/tools/gnutools/10.3/bin/../lib/gcc/arm-none-eabi/10.3.1/thumb/v7e-m+fp/softfp/crtbegin.o
 .text.ApplicationMode
                0x10000210       0x54 c:/User/Motion_Sensor/build/main.o
                0x10000210                ApplicationMode
 .text.print_reg
                0x10000264       0x10 c:/User/Motion_Sensor/build/main.o
                0x10000264                print_reg
 .text.main     0x10000274       0xe8 c:/User/Motion_Sensor/build/main.o
                0x10000274                main
 .text.I2C_Callback2
                0x1000035c        0x2 c:/User/Motion_Sensor/build/i2c_rw.o
                0x1000035c                I2C_Callback2
 *fill*         0x1000035e        0x2 
 .text.read_req
                0x10000360       0x88 c:/User/Motion_Sensor/build/i2c_rw.o
                0x10000360                read_req
 .text.write_req
                0x100003e8       0x4c c:/User/Motion_Sensor/build/i2c_rw.o
                0x100003e8                write_req
 .text.write_bitslice
                0x10000434       0x2e c:/User/Motion_Sensor/build/i2c_rw.o
                0x10000434                write_bitslice
 .text.mpu6050_rst
                0x10000462       0x18 c:/User/Motion_Sensor/build/MPU6050.o
                0x10000462                mpu6050_rst
 .text.mpu6050_init
                0x1000047a       0x38 c:/User/Motion_Sensor/build/MPU6050.o
                0x1000047a                mpu6050_init
 .text.accel_x_h
                0x100004b2        0xa c:/User/Motion_Sensor/build/MPU6050.o
                0x100004b2                accel_x_h
 .text.accel_x_l
                0x100004bc        0xa c:/User/Motion_Sensor/build/MPU6050.o
                0x100004bc                accel_x_l
 .text.accel_y_h
                0x100004c6        0xa c:/User/Motion_Sensor/build/MPU6050.o
                0x100004c6                accel_y_h
 .text.accel_y_l
                0x100004d0        0xa c:/User/Motion_Sensor/build/MPU6050.o
                0x100004d0                accel_y_l
 .text.accel_z_h
                0x100004da        0xa c:/User/Motion_Sensor/build/MPU6050.o
                0x100004da                accel_z_h
 .text.accel_z_l
                0x100004e4        0xa c:/User/Motion_Sensor/build/MPU6050.o
                0x100004e4                accel_z_l
 *fill*         0x100004ee        0x2 
 .text.convertToAcceleration
                0x100004f0       0x3c c:/User/Motion_Sensor/build/MPU6050.o
                0x100004f0                convertToAcceleration
 .text.ext_flash_clock
                0x1000052c       0x80 c:/User/Motion_Sensor/build/board.o
 .text.ext_flash_board_init_quad
                0x100005ac       0x48 c:/User/Motion_Sensor/build/board.o
 .text.ext_flash_board_write
                0x100005f4       0xb8 c:/User/Motion_Sensor/build/board.o
 .text.ext_flash_board_read
                0x100006ac       0xb8 c:/User/Motion_Sensor/build/board.o
 .text.ext_flash_board_init
                0x10000764       0x74 c:/User/Motion_Sensor/build/board.o
 .text.mxc_assert
                0x100007d8       0x10 c:/User/Motion_Sensor/build/board.o
                0x100007d8                mxc_assert
 .text.Console_Init
                0x100007e8       0x18 c:/User/Motion_Sensor/build/board.o
                0x100007e8                Console_Init
 .text.Board_Init
                0x10000800       0xe8 c:/User/Motion_Sensor/build/board.o
                0x10000800                Board_Init
 .text.NMI_Handler
                0x100008e8       0x10 c:/User/Motion_Sensor/build/board.o
                0x100008e8                NMI_Handler
 .text.HardFault_Handler
                0x100008f8       0x10 c:/User/Motion_Sensor/build/board.o
                0x100008f8                HardFault_Handler
 .text._close   0x10000908        0x6 c:/User/Motion_Sensor/build/stdio.o
                0x10000908                _close
 .text._isatty  0x1000090e        0x6 c:/User/Motion_Sensor/build/stdio.o
                0x1000090e                _isatty
 .text._lseek   0x10000914        0x6 c:/User/Motion_Sensor/build/stdio.o
                0x10000914                _lseek
 .text._fstat   0x1000091a        0x6 c:/User/Motion_Sensor/build/stdio.o
                0x1000091a                _fstat
 .text._read    0x10000920       0x60 c:/User/Motion_Sensor/build/stdio.o
                0x10000920                _read
 .text._write   0x10000980       0x60 c:/User/Motion_Sensor/build/stdio.o
                0x10000980                _write
 .text.LED_Off  0x100009e0       0x44 c:/User/Motion_Sensor/build/led.o
                0x100009e0                LED_Off
 .text.LED_Init
                0x10000a24       0x3c c:/User/Motion_Sensor/build/led.o
                0x10000a24                LED_Init
 .text.PB_Init  0x10000a60       0x34 c:/User/Motion_Sensor/build/pb.o
                0x10000a60                PB_Init
 .text.GPIO0_IRQHandler
                0x10000a94        0xa c:/User/Motion_Sensor/build/pb.o
                0x10000a94                GPIO0_IRQHandler
 .text.GPIO1_IRQHandler
                0x10000a9e        0xa c:/User/Motion_Sensor/build/pb.o
                0x10000a9e                GPIO1_IRQHandler
 .text.MXC_TFT_PreInit
                0x10000aa8       0x74 c:/User/Motion_Sensor/build/tft_ssd2119.o
                0x10000aa8                MXC_TFT_PreInit
 .text.MXC_TS_PreInit
                0x10000b1c       0x70 c:/User/Motion_Sensor/build/tsc2046.o
                0x10000b1c                MXC_TS_PreInit
 .text.Ext_Flash_Configure
                0x10000b8c       0x28 c:/User/Motion_Sensor/build/w25.o
                0x10000b8c                Ext_Flash_Configure
 .text          0x10000bb4      0x140 c:/User/Motion_Sensor/build/startup_max32655.o
                0x10000bb4                Reset_Handler
                0x10000bf4                MemManage_Handler
                0x10000bf6                BusFault_Handler
                0x10000bf8                UsageFault_Handler
                0x10000bfa                SVC_Handler
                0x10000bfc                DebugMon_Handler
                0x10000bfe                PendSV_Handler
                0x10000c00                SysTick_Handler
                0x10000c02                Default_Handler
                0x10000c04                PF_IRQHandler
                0x10000c06                WDT0_IRQHandler
                0x10000c08                RSV02_IRQHandler
                0x10000c0a                RTC_IRQHandler
                0x10000c0c                TRNG_IRQHandler
                0x10000c0e                TMR0_IRQHandler
                0x10000c10                TMR1_IRQHandler
                0x10000c12                TMR2_IRQHandler
                0x10000c14                TMR3_IRQHandler
                0x10000c16                TMR4_IRQHandler
                0x10000c18                TMR5_IRQHandler
                0x10000c1a                RSV11_IRQHandler
                0x10000c1c                RSV12_IRQHandler
                0x10000c1e                I2C0_IRQHandler
                0x10000c20                UART0_IRQHandler
                0x10000c22                UART1_IRQHandler
                0x10000c24                SPI1_IRQHandler
                0x10000c26                RSV17_IRQHandler
                0x10000c28                RSV18_IRQHandler
                0x10000c2a                RSV19_IRQHandler
                0x10000c2c                ADC_IRQHandler
                0x10000c2e                RSV21_IRQHandler
                0x10000c30                RSV22_IRQHandler
                0x10000c32                FLC0_IRQHandler
                0x10000c38                GPIO2_IRQHandler
                0x10000c3a                RSV27_IRQHandler
                0x10000c3c                DMA0_IRQHandler
                0x10000c3e                DMA1_IRQHandler
                0x10000c40                DMA2_IRQHandler
                0x10000c42                DMA3_IRQHandler
                0x10000c44                RSV32_IRQHandler
                0x10000c46                RSV33_IRQHandler
                0x10000c48                UART2_IRQHandler
                0x10000c4a                RSV35_IRQHandler
                0x10000c4c                I2C1_IRQHandler
                0x10000c4e                RSV37_IRQHandler
                0x10000c50                RSV38_IRQHandler
                0x10000c52                BTLE_TX_DONE_IRQHandler
                0x10000c54                BTLE_RX_RCVD_IRQHandler
                0x10000c56                BTLE_RX_ENG_DET_IRQHandler
                0x10000c58                BTLE_SFD_DET_IRQHandler
                0x10000c5a                BTLE_SFD_TO_IRQHandler
                0x10000c5c                BTLE_GP_EVENT_IRQHandler
                0x10000c5e                BTLE_CFO_IRQHandler
                0x10000c60                BTLE_SIG_DET_IRQHandler
                0x10000c62                BTLE_AGC_EVENT_IRQHandler
                0x10000c64                BTLE_RFFE_SPIM_IRQHandler
                0x10000c66                BTLE_TX_AES_IRQHandler
                0x10000c68                BTLE_RX_AES_IRQHandler
                0x10000c6a                BTLE_INV_APB_ADDR_IRQHandler
                0x10000c6c                BTLE_IQ_DATA_VALID_IRQHandler
                0x10000c6e                WUT_IRQHandler
                0x10000c70                GPIOWAKE_IRQHandler
                0x10000c72                RSV55_IRQHandler
                0x10000c74                SPI0_IRQHandler
                0x10000c76                WDT1_IRQHandler
                0x10000c78                RSV57_IRQHandler
                0x10000c7a                PT_IRQHandler
                0x10000c7c                RSV60_IRQHandler
                0x10000c7e                RSV61_IRQHandler
                0x10000c80                I2C2_IRQHandler
                0x10000c82                RISCV_IRQHandler
                0x10000c84                RSV64_IRQHandler
                0x10000c86                RSV65_IRQHandler
                0x10000c88                RSV66_IRQHandler
                0x10000c8a                OWM_IRQHandler
                0x10000c8c                RSV68_IRQHandler
                0x10000c8e                RSV69_IRQHandler
                0x10000c90                RSV70_IRQHandler
                0x10000c92                RSV71_IRQHandler
                0x10000c94                RSV72_IRQHandler
                0x10000c96                RSV73_IRQHandler
                0x10000c98                RSV74_IRQHandler
                0x10000c9a                RSV75_IRQHandler
                0x10000c9c                RSV76_IRQHandler
                0x10000c9e                RSV77_IRQHandler
                0x10000ca0                RSV78_IRQHandler
                0x10000ca2                RSV79_IRQHandler
                0x10000ca4                RSV80_IRQHandler
                0x10000ca6                RSV81_IRQHandler
                0x10000ca8                ECC_IRQHandler
                0x10000caa                DVS_IRQHandler
                0x10000cac                SIMO_IRQHandler
                0x10000cae                RSV85_IRQHandler
                0x10000cb0                RSV86_IRQHandler
                0x10000cb2                RSV87_IRQHandler
                0x10000cb4                UART3_IRQHandler
                0x10000cb6                RSV89_IRQHandler
                0x10000cb8                RSV90_IRQHandler
                0x10000cba                RSV91_IRQHandler
                0x10000cbc                RSV92_IRQHandler
                0x10000cbe                RSV93_IRQHandler
                0x10000cc0                RSV94_IRQHandler
                0x10000cc2                RSV95_IRQHandler
                0x10000cc4                RSV96_IRQHandler
                0x10000cc6                AES_IRQHandler
                0x10000cc8                CRC_IRQHandler
                0x10000cca                I2S_IRQHandler
 .text._sbrk    0x10000cf4       0x40 c:/User/Motion_Sensor/build/heap.o
                0x10000cf4                _sbrk
 .text.SystemCoreClockUpdate
                0x10000d34       0x80 c:/User/Motion_Sensor/build/system_max32655.o
                0x10000d34                SystemCoreClockUpdate
 .text.PreInit  0x10000db4       0x48 c:/User/Motion_Sensor/build/system_max32655.o
                0x10000db4                PreInit
 .text.PalSysInit
                0x10000dfc        0x2 c:/User/Motion_Sensor/build/system_max32655.o
                0x10000dfc                PalSysInit
 *fill*         0x10000dfe        0x2 
 .text.SystemInit
                0x10000e00       0x7c c:/User/Motion_Sensor/build/system_max32655.o
                0x10000e00                SystemInit
 .text.MXC_DelayInit
                0x10000e7c       0x7c C:/MaximSDK/Libraries/PeriphDrivers/bin/MAX32655/softfp/libPeriphDriver_softfp.a(mxc_delay.o)
 .text.MXC_DelayAsync
                0x10000ef8       0x3c C:/MaximSDK/Libraries/PeriphDrivers/bin/MAX32655/softfp/libPeriphDriver_softfp.a(mxc_delay.o)
                0x10000ef8                MXC_DelayAsync
 .text.MXC_DelayAbort
                0x10000f34       0x34 C:/MaximSDK/Libraries/PeriphDrivers/bin/MAX32655/softfp/libPeriphDriver_softfp.a(mxc_delay.o)
                0x10000f34                MXC_DelayAbort
 .text.MXC_DelayCheck
                0x10000f68       0x58 C:/MaximSDK/Libraries/PeriphDrivers/bin/MAX32655/softfp/libPeriphDriver_softfp.a(mxc_delay.o)
                0x10000f68                MXC_DelayCheck
 .text.MXC_Delay
                0x10000fc0       0x50 C:/MaximSDK/Libraries/PeriphDrivers/bin/MAX32655/softfp/libPeriphDriver_softfp.a(mxc_delay.o)
                0x10000fc0                MXC_Delay
 .text.MXC_SYS_ClockDisable
                0x10001010       0x44 C:/MaximSDK/Libraries/PeriphDrivers/bin/MAX32655/softfp/libPeriphDriver_softfp.a(sys_me17.o)
                0x10001010                MXC_SYS_ClockDisable
 .text.MXC_SYS_ClockEnable
                0x10001054       0x4c C:/MaximSDK/Libraries/PeriphDrivers/bin/MAX32655/softfp/libPeriphDriver_softfp.a(sys_me17.o)
                0x10001054                MXC_SYS_ClockEnable
 .text.MXC_SYS_Clock_Timeout
                0x100010a0       0x2e C:/MaximSDK/Libraries/PeriphDrivers/bin/MAX32655/softfp/libPeriphDriver_softfp.a(sys_me17.o)
                0x100010a0                MXC_SYS_Clock_Timeout
 *fill*         0x100010ce        0x2 
 .text.MXC_SYS_ClockSourceEnable
                0x100010d0       0x80 C:/MaximSDK/Libraries/PeriphDrivers/bin/MAX32655/softfp/libPeriphDriver_softfp.a(sys_me17.o)
                0x100010d0                MXC_SYS_ClockSourceEnable
 .text.MXC_SYS_Clock_Select
                0x10001150      0x13c C:/MaximSDK/Libraries/PeriphDrivers/bin/MAX32655/softfp/libPeriphDriver_softfp.a(sys_me17.o)
                0x10001150                MXC_SYS_Clock_Select
 .text.MXC_SYS_SetClockDiv
                0x1000128c       0x22 C:/MaximSDK/Libraries/PeriphDrivers/bin/MAX32655/softfp/libPeriphDriver_softfp.a(sys_me17.o)
                0x1000128c                MXC_SYS_SetClockDiv
 *fill*         0x100012ae        0x2 
 .text.MXC_SYS_Reset_Periph
                0x100012b0       0x4c C:/MaximSDK/Libraries/PeriphDrivers/bin/MAX32655/softfp/libPeriphDriver_softfp.a(sys_me17.o)
                0x100012b0                MXC_SYS_Reset_Periph
 .text.MXC_GPIO_Init
                0x100012fc       0x22 C:/MaximSDK/Libraries/PeriphDrivers/bin/MAX32655/softfp/libPeriphDriver_softfp.a(gpio_me17.o)
                0x100012fc                MXC_GPIO_Init
 *fill*         0x1000131e        0x2 
 .text.MXC_GPIO_Config
                0x10001320      0x178 C:/MaximSDK/Libraries/PeriphDrivers/bin/MAX32655/softfp/libPeriphDriver_softfp.a(gpio_me17.o)
                0x10001320                MXC_GPIO_Config
 .text.MXC_GPIO_OutSet
                0x10001498       0x34 C:/MaximSDK/Libraries/PeriphDrivers/bin/MAX32655/softfp/libPeriphDriver_softfp.a(gpio_me17.o)
                0x10001498                MXC_GPIO_OutSet
 .text.MXC_GPIO_OutClr
                0x100014cc       0x34 C:/MaximSDK/Libraries/PeriphDrivers/bin/MAX32655/softfp/libPeriphDriver_softfp.a(gpio_me17.o)
                0x100014cc                MXC_GPIO_OutClr
 .text.MXC_GPIO_Handler
                0x10001500        0x4 C:/MaximSDK/Libraries/PeriphDrivers/bin/MAX32655/softfp/libPeriphDriver_softfp.a(gpio_me17.o)
                0x10001500                MXC_GPIO_Handler
 .text.MXC_GPIO_ClearFlags
                0x10001504        0x4 C:/MaximSDK/Libraries/PeriphDrivers/bin/MAX32655/softfp/libPeriphDriver_softfp.a(gpio_me17.o)
                0x10001504                MXC_GPIO_ClearFlags
 .text.MXC_GPIO_GetFlags
                0x10001508        0x4 C:/MaximSDK/Libraries/PeriphDrivers/bin/MAX32655/softfp/libPeriphDriver_softfp.a(gpio_me17.o)
                0x10001508                MXC_GPIO_GetFlags
 .text.MXC_GPIO_RevA_OutSet
                0x1000150c        0x4 C:/MaximSDK/Libraries/PeriphDrivers/bin/MAX32655/softfp/libPeriphDriver_softfp.a(gpio_reva.o)
                0x1000150c                MXC_GPIO_RevA_OutSet
 .text.MXC_GPIO_RevA_OutClr
                0x10001510        0x4 C:/MaximSDK/Libraries/PeriphDrivers/bin/MAX32655/softfp/libPeriphDriver_softfp.a(gpio_reva.o)
                0x10001510                MXC_GPIO_RevA_OutClr
 .text.MXC_GPIO_RevA_ClearFlags
                0x10001514        0x4 C:/MaximSDK/Libraries/PeriphDrivers/bin/MAX32655/softfp/libPeriphDriver_softfp.a(gpio_reva.o)
                0x10001514                MXC_GPIO_RevA_ClearFlags
 .text.MXC_GPIO_RevA_GetFlags
                0x10001518        0x4 C:/MaximSDK/Libraries/PeriphDrivers/bin/MAX32655/softfp/libPeriphDriver_softfp.a(gpio_reva.o)
                0x10001518                MXC_GPIO_RevA_GetFlags
 .text.MXC_GPIO_RevA_SetVSSEL
                0x1000151c       0x24 C:/MaximSDK/Libraries/PeriphDrivers/bin/MAX32655/softfp/libPeriphDriver_softfp.a(gpio_reva.o)
                0x1000151c                MXC_GPIO_RevA_SetVSSEL
 .text.MXC_GPIO_RevA_SetAF
                0x10001540       0x44 C:/MaximSDK/Libraries/PeriphDrivers/bin/MAX32655/softfp/libPeriphDriver_softfp.a(gpio_reva.o)
                0x10001540                MXC_GPIO_RevA_SetAF
 .text.MXC_I2C_SetSlaveAddr
                0x10001584        0x4 C:/MaximSDK/Libraries/PeriphDrivers/bin/MAX32655/softfp/libPeriphDriver_softfp.a(i2c_me17.o)
                0x10001584                MXC_I2C_SetSlaveAddr
 .text.MXC_I2C_Shutdown
                0x10001588       0x4c C:/MaximSDK/Libraries/PeriphDrivers/bin/MAX32655/softfp/libPeriphDriver_softfp.a(i2c_me17.o)
                0x10001588                MXC_I2C_Shutdown
 .text.MXC_I2C_Init
                0x100015d4       0x74 C:/MaximSDK/Libraries/PeriphDrivers/bin/MAX32655/softfp/libPeriphDriver_softfp.a(i2c_me17.o)
                0x100015d4                MXC_I2C_Init
 .text.MXC_I2C_SetFrequency
                0x10001648       0x14 C:/MaximSDK/Libraries/PeriphDrivers/bin/MAX32655/softfp/libPeriphDriver_softfp.a(i2c_me17.o)
                0x10001648                MXC_I2C_SetFrequency
 .text.MXC_I2C_GetFrequency
                0x1000165c        0x4 C:/MaximSDK/Libraries/PeriphDrivers/bin/MAX32655/softfp/libPeriphDriver_softfp.a(i2c_me17.o)
                0x1000165c                MXC_I2C_GetFrequency
 .text.MXC_I2C_Start
                0x10001660        0x4 C:/MaximSDK/Libraries/PeriphDrivers/bin/MAX32655/softfp/libPeriphDriver_softfp.a(i2c_me17.o)
                0x10001660                MXC_I2C_Start
 .text.MXC_I2C_Stop
                0x10001664        0x4 C:/MaximSDK/Libraries/PeriphDrivers/bin/MAX32655/softfp/libPeriphDriver_softfp.a(i2c_me17.o)
                0x10001664                MXC_I2C_Stop
 .text.MXC_I2C_ReadRXFIFO
                0x10001668        0x4 C:/MaximSDK/Libraries/PeriphDrivers/bin/MAX32655/softfp/libPeriphDriver_softfp.a(i2c_me17.o)
                0x10001668                MXC_I2C_ReadRXFIFO
 .text.MXC_I2C_WriteTXFIFO
                0x1000166c        0x4 C:/MaximSDK/Libraries/PeriphDrivers/bin/MAX32655/softfp/libPeriphDriver_softfp.a(i2c_me17.o)
                0x1000166c                MXC_I2C_WriteTXFIFO
 .text.MXC_I2C_ClearRXFIFO
                0x10001670        0x4 C:/MaximSDK/Libraries/PeriphDrivers/bin/MAX32655/softfp/libPeriphDriver_softfp.a(i2c_me17.o)
                0x10001670                MXC_I2C_ClearRXFIFO
 .text.MXC_I2C_ClearTXFIFO
                0x10001674        0x4 C:/MaximSDK/Libraries/PeriphDrivers/bin/MAX32655/softfp/libPeriphDriver_softfp.a(i2c_me17.o)
                0x10001674                MXC_I2C_ClearTXFIFO
 .text.MXC_I2C_ClearFlags
                0x10001678        0x4 C:/MaximSDK/Libraries/PeriphDrivers/bin/MAX32655/softfp/libPeriphDriver_softfp.a(i2c_me17.o)
                0x10001678                MXC_I2C_ClearFlags
 .text.MXC_I2C_Recover
                0x1000167c        0x4 C:/MaximSDK/Libraries/PeriphDrivers/bin/MAX32655/softfp/libPeriphDriver_softfp.a(i2c_me17.o)
                0x1000167c                MXC_I2C_Recover
 .text.MXC_I2C_MasterTransaction
                0x10001680        0x4 C:/MaximSDK/Libraries/PeriphDrivers/bin/MAX32655/softfp/libPeriphDriver_softfp.a(i2c_me17.o)
                0x10001680                MXC_I2C_MasterTransaction
 .text.MXC_I2C_SetRXThreshold
                0x10001684        0x4 C:/MaximSDK/Libraries/PeriphDrivers/bin/MAX32655/softfp/libPeriphDriver_softfp.a(i2c_me17.o)
                0x10001684                MXC_I2C_SetRXThreshold
 .text.MXC_I2C_SetTXThreshold
                0x10001688        0x4 C:/MaximSDK/Libraries/PeriphDrivers/bin/MAX32655/softfp/libPeriphDriver_softfp.a(i2c_me17.o)
                0x10001688                MXC_I2C_SetTXThreshold
 .text.MXC_I2C_RevA_Init
                0x1000168c       0xc0 C:/MaximSDK/Libraries/PeriphDrivers/bin/MAX32655/softfp/libPeriphDriver_softfp.a(i2c_reva.o)
                0x1000168c                MXC_I2C_RevA_Init
 .text.MXC_I2C_RevA_SetSlaveAddr
                0x1000174c       0x34 C:/MaximSDK/Libraries/PeriphDrivers/bin/MAX32655/softfp/libPeriphDriver_softfp.a(i2c_reva.o)
                0x1000174c                MXC_I2C_RevA_SetSlaveAddr
 .text.MXC_I2C_RevA_SetFrequency
                0x10001780       0x6c C:/MaximSDK/Libraries/PeriphDrivers/bin/MAX32655/softfp/libPeriphDriver_softfp.a(i2c_reva.o)
                0x10001780                MXC_I2C_RevA_SetFrequency
 .text.MXC_I2C_RevA_GetFrequency
                0x100017ec       0x20 C:/MaximSDK/Libraries/PeriphDrivers/bin/MAX32655/softfp/libPeriphDriver_softfp.a(i2c_reva.o)
                0x100017ec                MXC_I2C_RevA_GetFrequency
 .text.MXC_I2C_RevA_Start
                0x1000180c       0x26 C:/MaximSDK/Libraries/PeriphDrivers/bin/MAX32655/softfp/libPeriphDriver_softfp.a(i2c_reva.o)
                0x1000180c                MXC_I2C_RevA_Start
 .text.MXC_I2C_RevA_Stop
                0x10001832       0x1c C:/MaximSDK/Libraries/PeriphDrivers/bin/MAX32655/softfp/libPeriphDriver_softfp.a(i2c_reva.o)
                0x10001832                MXC_I2C_RevA_Stop
 .text.MXC_I2C_RevA_ReadRXFIFO
                0x1000184e       0x26 C:/MaximSDK/Libraries/PeriphDrivers/bin/MAX32655/softfp/libPeriphDriver_softfp.a(i2c_reva.o)
                0x1000184e                MXC_I2C_RevA_ReadRXFIFO
 .text.MXC_I2C_RevA_WriteTXFIFO
                0x10001874       0x26 C:/MaximSDK/Libraries/PeriphDrivers/bin/MAX32655/softfp/libPeriphDriver_softfp.a(i2c_reva.o)
                0x10001874                MXC_I2C_RevA_WriteTXFIFO
 .text.MXC_I2C_RevA_ClearRXFIFO
                0x1000189a       0x10 C:/MaximSDK/Libraries/PeriphDrivers/bin/MAX32655/softfp/libPeriphDriver_softfp.a(i2c_reva.o)
                0x1000189a                MXC_I2C_RevA_ClearRXFIFO
 .text.MXC_I2C_RevA_ClearTXFIFO
                0x100018aa       0x10 C:/MaximSDK/Libraries/PeriphDrivers/bin/MAX32655/softfp/libPeriphDriver_softfp.a(i2c_reva.o)
                0x100018aa                MXC_I2C_RevA_ClearTXFIFO
 .text.MXC_I2C_RevA_ClearFlags
                0x100018ba        0x6 C:/MaximSDK/Libraries/PeriphDrivers/bin/MAX32655/softfp/libPeriphDriver_softfp.a(i2c_reva.o)
                0x100018ba                MXC_I2C_RevA_ClearFlags
 .text.MXC_I2C_RevA_Recover
                0x100018c0       0xc6 C:/MaximSDK/Libraries/PeriphDrivers/bin/MAX32655/softfp/libPeriphDriver_softfp.a(i2c_reva.o)
                0x100018c0                MXC_I2C_RevA_Recover
 *fill*         0x10001986        0x2 
 .text.MXC_I2C_RevA_MasterTransaction
                0x10001988      0x178 C:/MaximSDK/Libraries/PeriphDrivers/bin/MAX32655/softfp/libPeriphDriver_softfp.a(i2c_reva.o)
                0x10001988                MXC_I2C_RevA_MasterTransaction
 .text.MXC_I2C_RevA_SetRXThreshold
                0x10001b00       0x1e C:/MaximSDK/Libraries/PeriphDrivers/bin/MAX32655/softfp/libPeriphDriver_softfp.a(i2c_reva.o)
                0x10001b00                MXC_I2C_RevA_SetRXThreshold
 .text.MXC_I2C_RevA_SetTXThreshold
                0x10001b1e       0x20 C:/MaximSDK/Libraries/PeriphDrivers/bin/MAX32655/softfp/libPeriphDriver_softfp.a(i2c_reva.o)
                0x10001b1e                MXC_I2C_RevA_SetTXThreshold
 .text.MXC_ICC_Enable
                0x10001b3e        0x4 C:/MaximSDK/Libraries/PeriphDrivers/bin/MAX32655/softfp/libPeriphDriver_softfp.a(icc_me17.o)
                0x10001b3e                MXC_ICC_Enable
 .text.MXC_ICC_RevA_Enable
                0x10001b42       0x30 C:/MaximSDK/Libraries/PeriphDrivers/bin/MAX32655/softfp/libPeriphDriver_softfp.a(icc_reva.o)
                0x10001b42                MXC_ICC_RevA_Enable
 *fill*         0x10001b72        0x2 
 .text.MXC_SIMO_SetVregO_A
                0x10001b74        0xc C:/MaximSDK/Libraries/PeriphDrivers/bin/MAX32655/softfp/libPeriphDriver_softfp.a(simo_me17.o)
                0x10001b74                MXC_SIMO_SetVregO_A
 .text.MXC_SIMO_SetVregO_B
                0x10001b80        0xc C:/MaximSDK/Libraries/PeriphDrivers/bin/MAX32655/softfp/libPeriphDriver_softfp.a(simo_me17.o)
                0x10001b80                MXC_SIMO_SetVregO_B
 .text.MXC_SIMO_SetVregO_C
                0x10001b8c        0xc C:/MaximSDK/Libraries/PeriphDrivers/bin/MAX32655/softfp/libPeriphDriver_softfp.a(simo_me17.o)
                0x10001b8c                MXC_SIMO_SetVregO_C
 .text.MXC_SIMO_GetOutReadyA
                0x10001b98        0xc C:/MaximSDK/Libraries/PeriphDrivers/bin/MAX32655/softfp/libPeriphDriver_softfp.a(simo_me17.o)
                0x10001b98                MXC_SIMO_GetOutReadyA
 .text.MXC_SIMO_GetOutReadyB
                0x10001ba4        0xc C:/MaximSDK/Libraries/PeriphDrivers/bin/MAX32655/softfp/libPeriphDriver_softfp.a(simo_me17.o)
                0x10001ba4                MXC_SIMO_GetOutReadyB
 .text.MXC_SIMO_GetOutReadyC
                0x10001bb0        0xc C:/MaximSDK/Libraries/PeriphDrivers/bin/MAX32655/softfp/libPeriphDriver_softfp.a(simo_me17.o)
                0x10001bb0                MXC_SIMO_GetOutReadyC
 .text.MXC_SIMO_RevA_SetVregO_A
                0x10001bbc       0x2a C:/MaximSDK/Libraries/PeriphDrivers/bin/MAX32655/softfp/libPeriphDriver_softfp.a(simo_reva.o)
                0x10001bbc                MXC_SIMO_RevA_SetVregO_A
 .text.MXC_SIMO_RevA_SetVregO_B
                0x10001be6       0x2a C:/MaximSDK/Libraries/PeriphDrivers/bin/MAX32655/softfp/libPeriphDriver_softfp.a(simo_reva.o)
                0x10001be6                MXC_SIMO_RevA_SetVregO_B
 .text.MXC_SIMO_RevA_SetVregO_C
                0x10001c10       0x2a C:/MaximSDK/Libraries/PeriphDrivers/bin/MAX32655/softfp/libPeriphDriver_softfp.a(simo_reva.o)
                0x10001c10                MXC_SIMO_RevA_SetVregO_C
 .text.MXC_SIMO_RevA_GetOutReadyA
                0x10001c3a       0x10 C:/MaximSDK/Libraries/PeriphDrivers/bin/MAX32655/softfp/libPeriphDriver_softfp.a(simo_reva.o)
                0x10001c3a                MXC_SIMO_RevA_GetOutReadyA
 .text.MXC_SIMO_RevA_GetOutReadyB
                0x10001c4a       0x10 C:/MaximSDK/Libraries/PeriphDrivers/bin/MAX32655/softfp/libPeriphDriver_softfp.a(simo_reva.o)
                0x10001c4a                MXC_SIMO_RevA_GetOutReadyB
 .text.MXC_SIMO_RevA_GetOutReadyC
                0x10001c5a       0x10 C:/MaximSDK/Libraries/PeriphDrivers/bin/MAX32655/softfp/libPeriphDriver_softfp.a(simo_reva.o)
                0x10001c5a                MXC_SIMO_RevA_GetOutReadyC
 *fill*         0x10001c6a        0x2 
 .text.MXC_SPI_Init
                0x10001c6c      0x1ec C:/MaximSDK/Libraries/PeriphDrivers/bin/MAX32655/softfp/libPeriphDriver_softfp.a(spi_me17.o)
                0x10001c6c                MXC_SPI_Init
 .text.MXC_SPI_GetPeripheralClock
                0x10001e58       0x7c C:/MaximSDK/Libraries/PeriphDrivers/bin/MAX32655/softfp/libPeriphDriver_softfp.a(spi_me17.o)
                0x10001e58                MXC_SPI_GetPeripheralClock
 .text.MXC_SPI_SetFrequency
                0x10001ed4        0x4 C:/MaximSDK/Libraries/PeriphDrivers/bin/MAX32655/softfp/libPeriphDriver_softfp.a(spi_me17.o)
                0x10001ed4                MXC_SPI_SetFrequency
 .text.MXC_SPI_SetDataSize
                0x10001ed8        0x4 C:/MaximSDK/Libraries/PeriphDrivers/bin/MAX32655/softfp/libPeriphDriver_softfp.a(spi_me17.o)
                0x10001ed8                MXC_SPI_SetDataSize
 .text.MXC_SPI_GetDataSize
                0x10001edc        0x4 C:/MaximSDK/Libraries/PeriphDrivers/bin/MAX32655/softfp/libPeriphDriver_softfp.a(spi_me17.o)
                0x10001edc                MXC_SPI_GetDataSize
 .text.MXC_SPI_SetSlave
                0x10001ee0        0x4 C:/MaximSDK/Libraries/PeriphDrivers/bin/MAX32655/softfp/libPeriphDriver_softfp.a(spi_me17.o)
                0x10001ee0                MXC_SPI_SetSlave
 .text.MXC_SPI_SetWidth
                0x10001ee4        0x4 C:/MaximSDK/Libraries/PeriphDrivers/bin/MAX32655/softfp/libPeriphDriver_softfp.a(spi_me17.o)
                0x10001ee4                MXC_SPI_SetWidth
 .text.MXC_SPI_GetWidth
                0x10001ee8        0x4 C:/MaximSDK/Libraries/PeriphDrivers/bin/MAX32655/softfp/libPeriphDriver_softfp.a(spi_me17.o)
                0x10001ee8                MXC_SPI_GetWidth
 .text.MXC_SPI_SetMode
                0x10001eec        0x4 C:/MaximSDK/Libraries/PeriphDrivers/bin/MAX32655/softfp/libPeriphDriver_softfp.a(spi_me17.o)
                0x10001eec                MXC_SPI_SetMode
 .text.MXC_SPI_StartTransmission
                0x10001ef0        0x4 C:/MaximSDK/Libraries/PeriphDrivers/bin/MAX32655/softfp/libPeriphDriver_softfp.a(spi_me17.o)
                0x10001ef0                MXC_SPI_StartTransmission
 .text.MXC_SPI_GetActive
                0x10001ef4        0x4 C:/MaximSDK/Libraries/PeriphDrivers/bin/MAX32655/softfp/libPeriphDriver_softfp.a(spi_me17.o)
                0x10001ef4                MXC_SPI_GetActive
 .text.MXC_SPI_ReadRXFIFO
                0x10001ef8        0x4 C:/MaximSDK/Libraries/PeriphDrivers/bin/MAX32655/softfp/libPeriphDriver_softfp.a(spi_me17.o)
                0x10001ef8                MXC_SPI_ReadRXFIFO
 .text.MXC_SPI_GetRXFIFOAvailable
                0x10001efc        0x4 C:/MaximSDK/Libraries/PeriphDrivers/bin/MAX32655/softfp/libPeriphDriver_softfp.a(spi_me17.o)
                0x10001efc                MXC_SPI_GetRXFIFOAvailable
 .text.MXC_SPI_WriteTXFIFO
                0x10001f00        0x4 C:/MaximSDK/Libraries/PeriphDrivers/bin/MAX32655/softfp/libPeriphDriver_softfp.a(spi_me17.o)
                0x10001f00                MXC_SPI_WriteTXFIFO
 .text.MXC_SPI_GetTXFIFOAvailable
                0x10001f04        0x4 C:/MaximSDK/Libraries/PeriphDrivers/bin/MAX32655/softfp/libPeriphDriver_softfp.a(spi_me17.o)
                0x10001f04                MXC_SPI_GetTXFIFOAvailable
 .text.MXC_SPI_SetRXThreshold
                0x10001f08        0x4 C:/MaximSDK/Libraries/PeriphDrivers/bin/MAX32655/softfp/libPeriphDriver_softfp.a(spi_me17.o)
                0x10001f08                MXC_SPI_SetRXThreshold
 .text.MXC_SPI_SetTXThreshold
                0x10001f0c        0x4 C:/MaximSDK/Libraries/PeriphDrivers/bin/MAX32655/softfp/libPeriphDriver_softfp.a(spi_me17.o)
                0x10001f0c                MXC_SPI_SetTXThreshold
 .text.MXC_SPI_MasterTransaction
                0x10001f10        0x4 C:/MaximSDK/Libraries/PeriphDrivers/bin/MAX32655/softfp/libPeriphDriver_softfp.a(spi_me17.o)
                0x10001f10                MXC_SPI_MasterTransaction
 .text.MXC_SPI_RevA_TransSetup
                0x10001f14      0x17c C:/MaximSDK/Libraries/PeriphDrivers/bin/MAX32655/softfp/libPeriphDriver_softfp.a(spi_reva.o)
 .text.MXC_SPI_RevA_TransHandler
                0x10002090      0x140 C:/MaximSDK/Libraries/PeriphDrivers/bin/MAX32655/softfp/libPeriphDriver_softfp.a(spi_reva.o)
 .text.MXC_SPI_RevA_MasterTransHandler
                0x100021d0       0x68 C:/MaximSDK/Libraries/PeriphDrivers/bin/MAX32655/softfp/libPeriphDriver_softfp.a(spi_reva.o)
 .text.MXC_SPI_RevA_Init
                0x10002238       0xe8 C:/MaximSDK/Libraries/PeriphDrivers/bin/MAX32655/softfp/libPeriphDriver_softfp.a(spi_reva.o)
                0x10002238                MXC_SPI_RevA_Init
 .text.MXC_SPI_RevA_SetFrequency
                0x10002320       0x70 C:/MaximSDK/Libraries/PeriphDrivers/bin/MAX32655/softfp/libPeriphDriver_softfp.a(spi_reva.o)
                0x10002320                MXC_SPI_RevA_SetFrequency
 .text.MXC_SPI_RevA_SetDataSize
                0x10002390       0x98 C:/MaximSDK/Libraries/PeriphDrivers/bin/MAX32655/softfp/libPeriphDriver_softfp.a(spi_reva.o)
                0x10002390                MXC_SPI_RevA_SetDataSize
 .text.MXC_SPI_RevA_GetDataSize
                0x10002428       0x3c C:/MaximSDK/Libraries/PeriphDrivers/bin/MAX32655/softfp/libPeriphDriver_softfp.a(spi_reva.o)
                0x10002428                MXC_SPI_RevA_GetDataSize
 .text.MXC_SPI_RevA_SetSlave
                0x10002464       0x60 C:/MaximSDK/Libraries/PeriphDrivers/bin/MAX32655/softfp/libPeriphDriver_softfp.a(spi_reva.o)
                0x10002464                MXC_SPI_RevA_SetSlave
 .text.MXC_SPI_RevA_SetWidth
                0x100024c4       0x60 C:/MaximSDK/Libraries/PeriphDrivers/bin/MAX32655/softfp/libPeriphDriver_softfp.a(spi_reva.o)
                0x100024c4                MXC_SPI_RevA_SetWidth
 .text.MXC_SPI_RevA_GetWidth
                0x10002524       0x22 C:/MaximSDK/Libraries/PeriphDrivers/bin/MAX32655/softfp/libPeriphDriver_softfp.a(spi_reva.o)
                0x10002524                MXC_SPI_RevA_GetWidth
 *fill*         0x10002546        0x2 
 .text.MXC_SPI_RevA_SetMode
                0x10002548       0x6c C:/MaximSDK/Libraries/PeriphDrivers/bin/MAX32655/softfp/libPeriphDriver_softfp.a(spi_reva.o)
                0x10002548                MXC_SPI_RevA_SetMode
 .text.MXC_SPI_RevA_StartTransmission
                0x100025b4       0x40 C:/MaximSDK/Libraries/PeriphDrivers/bin/MAX32655/softfp/libPeriphDriver_softfp.a(spi_reva.o)
                0x100025b4                MXC_SPI_RevA_StartTransmission
 .text.MXC_SPI_RevA_GetActive
                0x100025f4       0x10 C:/MaximSDK/Libraries/PeriphDrivers/bin/MAX32655/softfp/libPeriphDriver_softfp.a(spi_reva.o)
                0x100025f4                MXC_SPI_RevA_GetActive
 .text.MXC_SPI_RevA_ReadRXFIFO
                0x10002604       0x90 C:/MaximSDK/Libraries/PeriphDrivers/bin/MAX32655/softfp/libPeriphDriver_softfp.a(spi_reva.o)
                0x10002604                MXC_SPI_RevA_ReadRXFIFO
 .text.MXC_SPI_RevA_GetRXFIFOAvailable
                0x10002694        0x8 C:/MaximSDK/Libraries/PeriphDrivers/bin/MAX32655/softfp/libPeriphDriver_softfp.a(spi_reva.o)
                0x10002694                MXC_SPI_RevA_GetRXFIFOAvailable
 .text.MXC_SPI_RevA_WriteTXFIFO
                0x1000269c       0x84 C:/MaximSDK/Libraries/PeriphDrivers/bin/MAX32655/softfp/libPeriphDriver_softfp.a(spi_reva.o)
                0x1000269c                MXC_SPI_RevA_WriteTXFIFO
 .text.MXC_SPI_RevA_GetTXFIFOAvailable
                0x10002720       0x38 C:/MaximSDK/Libraries/PeriphDrivers/bin/MAX32655/softfp/libPeriphDriver_softfp.a(spi_reva.o)
                0x10002720                MXC_SPI_RevA_GetTXFIFOAvailable
 .text.MXC_SPI_RevA_SetRXThreshold
                0x10002758       0x4c C:/MaximSDK/Libraries/PeriphDrivers/bin/MAX32655/softfp/libPeriphDriver_softfp.a(spi_reva.o)
                0x10002758                MXC_SPI_RevA_SetRXThreshold
 .text.MXC_SPI_RevA_SetTXThreshold
                0x100027a4       0x48 C:/MaximSDK/Libraries/PeriphDrivers/bin/MAX32655/softfp/libPeriphDriver_softfp.a(spi_reva.o)
                0x100027a4                MXC_SPI_RevA_SetTXThreshold
 .text.MXC_SPI_RevA_MasterTransaction
                0x100027ec       0x2c C:/MaximSDK/Libraries/PeriphDrivers/bin/MAX32655/softfp/libPeriphDriver_softfp.a(spi_reva.o)
                0x100027ec                MXC_SPI_RevA_MasterTransaction
 .text.MXC_UART_Shutdown
                0x10002818       0x60 C:/MaximSDK/Libraries/PeriphDrivers/bin/MAX32655/softfp/libPeriphDriver_softfp.a(uart_me17.o)
                0x10002818                MXC_UART_Shutdown
 .text.MXC_UART_Init
                0x10002878       0x98 C:/MaximSDK/Libraries/PeriphDrivers/bin/MAX32655/softfp/libPeriphDriver_softfp.a(uart_me17.o)
                0x10002878                MXC_UART_Init
 .text.MXC_UART_GetFrequency
                0x10002910       0x9c C:/MaximSDK/Libraries/PeriphDrivers/bin/MAX32655/softfp/libPeriphDriver_softfp.a(uart_me17.o)
                0x10002910                MXC_UART_GetFrequency
 .text.MXC_UART_SetFrequency
                0x100029ac      0x12c C:/MaximSDK/Libraries/PeriphDrivers/bin/MAX32655/softfp/libPeriphDriver_softfp.a(uart_me17.o)
                0x100029ac                MXC_UART_SetFrequency
 .text.MXC_UART_SetDataSize
                0x10002ad8        0x4 C:/MaximSDK/Libraries/PeriphDrivers/bin/MAX32655/softfp/libPeriphDriver_softfp.a(uart_me17.o)
                0x10002ad8                MXC_UART_SetDataSize
 .text.MXC_UART_SetStopBits
                0x10002adc        0x4 C:/MaximSDK/Libraries/PeriphDrivers/bin/MAX32655/softfp/libPeriphDriver_softfp.a(uart_me17.o)
                0x10002adc                MXC_UART_SetStopBits
 .text.MXC_UART_SetParity
                0x10002ae0        0x4 C:/MaximSDK/Libraries/PeriphDrivers/bin/MAX32655/softfp/libPeriphDriver_softfp.a(uart_me17.o)
                0x10002ae0                MXC_UART_SetParity
 .text.MXC_UART_ReadCharacterRaw
                0x10002ae4        0x4 C:/MaximSDK/Libraries/PeriphDrivers/bin/MAX32655/softfp/libPeriphDriver_softfp.a(uart_me17.o)
                0x10002ae4                MXC_UART_ReadCharacterRaw
 .text.MXC_UART_WriteCharacterRaw
                0x10002ae8        0x4 C:/MaximSDK/Libraries/PeriphDrivers/bin/MAX32655/softfp/libPeriphDriver_softfp.a(uart_me17.o)
                0x10002ae8                MXC_UART_WriteCharacterRaw
 .text.MXC_UART_ReadCharacter
                0x10002aec        0x4 C:/MaximSDK/Libraries/PeriphDrivers/bin/MAX32655/softfp/libPeriphDriver_softfp.a(uart_me17.o)
                0x10002aec                MXC_UART_ReadCharacter
 .text.MXC_UART_WriteCharacter
                0x10002af0        0x4 C:/MaximSDK/Libraries/PeriphDrivers/bin/MAX32655/softfp/libPeriphDriver_softfp.a(uart_me17.o)
                0x10002af0                MXC_UART_WriteCharacter
 .text.MXC_UART_GetRXFIFOAvailable
                0x10002af4        0x4 C:/MaximSDK/Libraries/PeriphDrivers/bin/MAX32655/softfp/libPeriphDriver_softfp.a(uart_me17.o)
                0x10002af4                MXC_UART_GetRXFIFOAvailable
 .text.MXC_UART_GetTXFIFOAvailable
                0x10002af8        0x4 C:/MaximSDK/Libraries/PeriphDrivers/bin/MAX32655/softfp/libPeriphDriver_softfp.a(uart_me17.o)
                0x10002af8                MXC_UART_GetTXFIFOAvailable
 .text.MXC_UART_SetRXThreshold
                0x10002afc        0x4 C:/MaximSDK/Libraries/PeriphDrivers/bin/MAX32655/softfp/libPeriphDriver_softfp.a(uart_me17.o)
                0x10002afc                MXC_UART_SetRXThreshold
 .text.MXC_UART_RevB_Init
                0x10002b00       0x68 C:/MaximSDK/Libraries/PeriphDrivers/bin/MAX32655/softfp/libPeriphDriver_softfp.a(uart_revb.o)
                0x10002b00                MXC_UART_RevB_Init
 .text.MXC_UART_RevB_SetDataSize
                0x10002b68       0x40 C:/MaximSDK/Libraries/PeriphDrivers/bin/MAX32655/softfp/libPeriphDriver_softfp.a(uart_revb.o)
                0x10002b68                MXC_UART_RevB_SetDataSize
 .text.MXC_UART_RevB_SetStopBits
                0x10002ba8       0x44 C:/MaximSDK/Libraries/PeriphDrivers/bin/MAX32655/softfp/libPeriphDriver_softfp.a(uart_revb.o)
                0x10002ba8                MXC_UART_RevB_SetStopBits
 .text.MXC_UART_RevB_SetParity
                0x10002bec       0x94 C:/MaximSDK/Libraries/PeriphDrivers/bin/MAX32655/softfp/libPeriphDriver_softfp.a(uart_revb.o)
                0x10002bec                MXC_UART_RevB_SetParity
 .text.MXC_UART_RevB_ReadCharacterRaw
                0x10002c80       0x38 C:/MaximSDK/Libraries/PeriphDrivers/bin/MAX32655/softfp/libPeriphDriver_softfp.a(uart_revb.o)
                0x10002c80                MXC_UART_RevB_ReadCharacterRaw
 .text.MXC_UART_RevB_WriteCharacterRaw
                0x10002cb8       0x3c C:/MaximSDK/Libraries/PeriphDrivers/bin/MAX32655/softfp/libPeriphDriver_softfp.a(uart_revb.o)
                0x10002cb8                MXC_UART_RevB_WriteCharacterRaw
 .text.MXC_UART_RevB_GetRXFIFOAvailable
                0x10002cf4        0x8 C:/MaximSDK/Libraries/PeriphDrivers/bin/MAX32655/softfp/libPeriphDriver_softfp.a(uart_revb.o)
                0x10002cf4                MXC_UART_RevB_GetRXFIFOAvailable
 .text.MXC_UART_RevB_GetTXFIFOAvailable
                0x10002cfc        0xc C:/MaximSDK/Libraries/PeriphDrivers/bin/MAX32655/softfp/libPeriphDriver_softfp.a(uart_revb.o)
                0x10002cfc                MXC_UART_RevB_GetTXFIFOAvailable
 .text.MXC_UART_RevB_SetRXThreshold
                0x10002d08       0x3c C:/MaximSDK/Libraries/PeriphDrivers/bin/MAX32655/softfp/libPeriphDriver_softfp.a(uart_revb.o)
                0x10002d08                MXC_UART_RevB_SetRXThreshold
 .text.MXC_FreeLock
                0x10002d44        0xa C:/MaximSDK/Libraries/PeriphDrivers/bin/MAX32655/softfp/libPeriphDriver_softfp.a(mxc_lock.o)
                0x10002d44                MXC_FreeLock
 *fill*         0x10002d4e        0x2 
 .text.MXC_GPIO_Common_Init
                0x10002d50       0x24 C:/MaximSDK/Libraries/PeriphDrivers/bin/MAX32655/softfp/libPeriphDriver_softfp.a(gpio_common.o)
                0x10002d50                MXC_GPIO_Common_Init
 .text.MXC_GPIO_Common_Handler
                0x10002d74       0x84 C:/MaximSDK/Libraries/PeriphDrivers/bin/MAX32655/softfp/libPeriphDriver_softfp.a(gpio_common.o)
                0x10002d74                MXC_GPIO_Common_Handler
 .text.MXC_UART_Common_ReadCharacter
                0x10002df8       0x18 C:/MaximSDK/Libraries/PeriphDrivers/bin/MAX32655/softfp/libPeriphDriver_softfp.a(uart_common.o)
                0x10002df8                MXC_UART_Common_ReadCharacter
 .text.MXC_UART_Common_WriteCharacter
                0x10002e10       0x1e C:/MaximSDK/Libraries/PeriphDrivers/bin/MAX32655/softfp/libPeriphDriver_softfp.a(uart_common.o)
                0x10002e10                MXC_UART_Common_WriteCharacter
 *fill*         0x10002e2e        0x2 
 .text.__errno  0x10002e30        0xc c:/maximsdk/tools/gnutools/10.3/bin/../lib/gcc/arm-none-eabi/10.3.1/../../../../arm-none-eabi/lib/thumb/v7e-m+fp/softfp\libc.a(lib_a-errno.o)
                0x10002e30                __errno
 .text.__sflush_r
                0x10002e3c      0x130 c:/maximsdk/tools/gnutools/10.3/bin/../lib/gcc/arm-none-eabi/10.3.1/../../../../arm-none-eabi/lib/thumb/v7e-m+fp/softfp\libc.a(lib_a-fflush.o)
                0x10002e3c                __sflush_r
 .text._fflush_r
                0x10002f6c       0x5c c:/maximsdk/tools/gnutools/10.3/bin/../lib/gcc/arm-none-eabi/10.3.1/../../../../arm-none-eabi/lib/thumb/v7e-m+fp/softfp\libc.a(lib_a-fflush.o)
                0x10002f6c                _fflush_r
 .text._cleanup_r
                0x10002fc8        0xc c:/maximsdk/tools/gnutools/10.3/bin/../lib/gcc/arm-none-eabi/10.3.1/../../../../arm-none-eabi/lib/thumb/v7e-m+fp/softfp\libc.a(lib_a-findfp.o)
                0x10002fc8                _cleanup_r
 .text.__sinit  0x10002fd4      0x10c c:/maximsdk/tools/gnutools/10.3/bin/../lib/gcc/arm-none-eabi/10.3.1/../../../../arm-none-eabi/lib/thumb/v7e-m+fp/softfp\libc.a(lib_a-findfp.o)
                0x10002fd4                __sinit
 .text.__sfp_lock_acquire
                0x100030e0        0xc c:/maximsdk/tools/gnutools/10.3/bin/../lib/gcc/arm-none-eabi/10.3.1/../../../../arm-none-eabi/lib/thumb/v7e-m+fp/softfp\libc.a(lib_a-findfp.o)
                0x100030e0                __sfp_lock_acquire
 .text.__sfp_lock_release
                0x100030ec        0xc c:/maximsdk/tools/gnutools/10.3/bin/../lib/gcc/arm-none-eabi/10.3.1/../../../../arm-none-eabi/lib/thumb/v7e-m+fp/softfp\libc.a(lib_a-findfp.o)
                0x100030ec                __sfp_lock_release
 .text._malloc_trim_r
                0x100030f8       0xa0 c:/maximsdk/tools/gnutools/10.3/bin/../lib/gcc/arm-none-eabi/10.3.1/../../../../arm-none-eabi/lib/thumb/v7e-m+fp/softfp\libc.a(lib_a-freer.o)
                0x100030f8                _malloc_trim_r
 .text._free_r  0x10003198      0x20c c:/maximsdk/tools/gnutools/10.3/bin/../lib/gcc/arm-none-eabi/10.3.1/../../../../arm-none-eabi/lib/thumb/v7e-m+fp/softfp\libc.a(lib_a-freer.o)
                0x10003198                _free_r
 .text._fwalk_reent
                0x100033a4       0x48 c:/maximsdk/tools/gnutools/10.3/bin/../lib/gcc/arm-none-eabi/10.3.1/../../../../arm-none-eabi/lib/thumb/v7e-m+fp/softfp\libc.a(lib_a-fwalk.o)
                0x100033a4                _fwalk_reent
 .text.__libc_init_array
                0x100033ec       0x48 c:/maximsdk/tools/gnutools/10.3/bin/../lib/gcc/arm-none-eabi/10.3.1/../../../../arm-none-eabi/lib/thumb/v7e-m+fp/softfp\libc.a(lib_a-init.o)
                0x100033ec                __libc_init_array
 .text.__retarget_lock_init_recursive
                0x10003434        0x4 c:/maximsdk/tools/gnutools/10.3/bin/../lib/gcc/arm-none-eabi/10.3.1/../../../../arm-none-eabi/lib/thumb/v7e-m+fp/softfp\libc.a(lib_a-lock.o)
                0x10003434                __retarget_lock_init_recursive
 .text.__retarget_lock_close_recursive
                0x10003438        0x4 c:/maximsdk/tools/gnutools/10.3/bin/../lib/gcc/arm-none-eabi/10.3.1/../../../../arm-none-eabi/lib/thumb/v7e-m+fp/softfp\libc.a(lib_a-lock.o)
                0x10003438                __retarget_lock_close_recursive
 .text.__retarget_lock_acquire_recursive
                0x1000343c        0x4 c:/maximsdk/tools/gnutools/10.3/bin/../lib/gcc/arm-none-eabi/10.3.1/../../../../arm-none-eabi/lib/thumb/v7e-m+fp/softfp\libc.a(lib_a-lock.o)
                0x1000343c                __retarget_lock_acquire_recursive
 .text.__retarget_lock_release_recursive
                0x10003440        0x4 c:/maximsdk/tools/gnutools/10.3/bin/../lib/gcc/arm-none-eabi/10.3.1/../../../../arm-none-eabi/lib/thumb/v7e-m+fp/softfp\libc.a(lib_a-lock.o)
                0x10003440                __retarget_lock_release_recursive
 .text._malloc_r
                0x10003444      0x560 c:/maximsdk/tools/gnutools/10.3/bin/../lib/gcc/arm-none-eabi/10.3.1/../../../../arm-none-eabi/lib/thumb/v7e-m+fp/softfp\libc.a(lib_a-mallocr.o)
                0x10003444                _malloc_r
 .text          0x100039a4      0x134 c:/maximsdk/tools/gnutools/10.3/bin/../lib/gcc/arm-none-eabi/10.3.1/../../../../arm-none-eabi/lib/thumb/v7e-m+fp/softfp\libc.a(lib_a-memcpy.o)
                0x100039a4                memcpy
 .text.memset   0x10003ad8       0xa4 c:/maximsdk/tools/gnutools/10.3/bin/../lib/gcc/arm-none-eabi/10.3.1/../../../../arm-none-eabi/lib/thumb/v7e-m+fp/softfp\libc.a(lib_a-memset.o)
                0x10003ad8                memset
 .text.__malloc_lock
                0x10003b7c        0xc c:/maximsdk/tools/gnutools/10.3/bin/../lib/gcc/arm-none-eabi/10.3.1/../../../../arm-none-eabi/lib/thumb/v7e-m+fp/softfp\libc.a(lib_a-mlock.o)
                0x10003b7c                __malloc_lock
 .text.__malloc_unlock
                0x10003b88        0xc c:/maximsdk/tools/gnutools/10.3/bin/../lib/gcc/arm-none-eabi/10.3.1/../../../../arm-none-eabi/lib/thumb/v7e-m+fp/softfp\libc.a(lib_a-mlock.o)
                0x10003b88                __malloc_unlock
 .text.printf   0x10003b94       0x28 c:/maximsdk/tools/gnutools/10.3/bin/../lib/gcc/arm-none-eabi/10.3.1/../../../../arm-none-eabi/lib/thumb/v7e-m+fp/softfp\libc.a(lib_a-printf.o)
                0x10003b94                printf
 .text._puts_r  0x10003bbc       0x9c c:/maximsdk/tools/gnutools/10.3/bin/../lib/gcc/arm-none-eabi/10.3.1/../../../../arm-none-eabi/lib/thumb/v7e-m+fp/softfp\libc.a(lib_a-puts.o)
                0x10003bbc                _puts_r
 .text.puts     0x10003c58       0x10 c:/maximsdk/tools/gnutools/10.3/bin/../lib/gcc/arm-none-eabi/10.3.1/../../../../arm-none-eabi/lib/thumb/v7e-m+fp/softfp\libc.a(lib_a-puts.o)
                0x10003c58                puts
 .text._sbrk_r  0x10003c68       0x24 c:/maximsdk/tools/gnutools/10.3/bin/../lib/gcc/arm-none-eabi/10.3.1/../../../../arm-none-eabi/lib/thumb/v7e-m+fp/softfp\libc.a(lib_a-sbrkr.o)
                0x10003c68                _sbrk_r
 .text.__sread  0x10003c8c       0x24 c:/maximsdk/tools/gnutools/10.3/bin/../lib/gcc/arm-none-eabi/10.3.1/../../../../arm-none-eabi/lib/thumb/v7e-m+fp/softfp\libc.a(lib_a-stdio.o)
                0x10003c8c                __sread
 .text.__swrite
                0x10003cb0       0x40 c:/maximsdk/tools/gnutools/10.3/bin/../lib/gcc/arm-none-eabi/10.3.1/../../../../arm-none-eabi/lib/thumb/v7e-m+fp/softfp\libc.a(lib_a-stdio.o)
                0x10003cb0                __swrite
 .text.__sseek  0x10003cf0       0x20 c:/maximsdk/tools/gnutools/10.3/bin/../lib/gcc/arm-none-eabi/10.3.1/../../../../arm-none-eabi/lib/thumb/v7e-m+fp/softfp\libc.a(lib_a-stdio.o)
                0x10003cf0                __sseek
 .text.__sclose
                0x10003d10        0x8 c:/maximsdk/tools/gnutools/10.3/bin/../lib/gcc/arm-none-eabi/10.3.1/../../../../arm-none-eabi/lib/thumb/v7e-m+fp/softfp\libc.a(lib_a-stdio.o)
                0x10003d10                __sclose
 *fill*         0x10003d18       0x28 
 .text          0x10003d40       0xdc c:/maximsdk/tools/gnutools/10.3/bin/../lib/gcc/arm-none-eabi/10.3.1/../../../../arm-none-eabi/lib/thumb/v7e-m+fp/softfp\libc.a(lib_a-strlen.o)
                0x10003d40                strlen
 *fill*         0x10003e1c        0x4 
 .text._vfprintf_r
                0x10003e20     0x1b8c c:/maximsdk/tools/gnutools/10.3/bin/../lib/gcc/arm-none-eabi/10.3.1/../../../../arm-none-eabi/lib/thumb/v7e-m+fp/softfp\libc.a(lib_a-vfprintf.o)
                0x10003e20                _vfprintf_r
 .text.__sbprintf
                0x100059ac       0x80 c:/maximsdk/tools/gnutools/10.3/bin/../lib/gcc/arm-none-eabi/10.3.1/../../../../arm-none-eabi/lib/thumb/v7e-m+fp/softfp\libc.a(lib_a-vfprintf.o)
 .text._write_r
                0x10005a2c       0x2c c:/maximsdk/tools/gnutools/10.3/bin/../lib/gcc/arm-none-eabi/10.3.1/../../../../arm-none-eabi/lib/thumb/v7e-m+fp/softfp\libc.a(lib_a-writer.o)
                0x10005a2c                _write_r
 .text.__swsetup_r
                0x10005a58       0xd4 c:/maximsdk/tools/gnutools/10.3/bin/../lib/gcc/arm-none-eabi/10.3.1/../../../../arm-none-eabi/lib/thumb/v7e-m+fp/softfp\libc.a(lib_a-wsetup.o)
                0x10005a58                __swsetup_r
 .text.startup.register_fini
                0x10005b2c       0x14 c:/maximsdk/tools/gnutools/10.3/bin/../lib/gcc/arm-none-eabi/10.3.1/../../../../arm-none-eabi/lib/thumb/v7e-m+fp/softfp\libc.a(lib_a-__call_atexit.o)
 .text.atexit   0x10005b40        0xc c:/maximsdk/tools/gnutools/10.3/bin/../lib/gcc/arm-none-eabi/10.3.1/../../../../arm-none-eabi/lib/thumb/v7e-m+fp/softfp\libc.a(lib_a-atexit.o)
                0x10005b40                atexit
 .text._close_r
                0x10005b4c       0x24 c:/maximsdk/tools/gnutools/10.3/bin/../lib/gcc/arm-none-eabi/10.3.1/../../../../arm-none-eabi/lib/thumb/v7e-m+fp/softfp\libc.a(lib_a-closer.o)
                0x10005b4c                _close_r
 .text.quorem   0x10005b70      0x128 c:/maximsdk/tools/gnutools/10.3/bin/../lib/gcc/arm-none-eabi/10.3.1/../../../../arm-none-eabi/lib/thumb/v7e-m+fp/softfp\libc.a(lib_a-dtoa.o)
 .text._dtoa_r  0x10005c98      0xf34 c:/maximsdk/tools/gnutools/10.3/bin/../lib/gcc/arm-none-eabi/10.3.1/../../../../arm-none-eabi/lib/thumb/v7e-m+fp/softfp\libc.a(lib_a-dtoa.o)
                0x10005c98                _dtoa_r
 .text._fclose_r
                0x10006bcc       0xcc c:/maximsdk/tools/gnutools/10.3/bin/../lib/gcc/arm-none-eabi/10.3.1/../../../../arm-none-eabi/lib/thumb/v7e-m+fp/softfp\libc.a(lib_a-fclose.o)
                0x10006bcc                _fclose_r
 .text.__libc_fini_array
                0x10006c98       0x2c c:/maximsdk/tools/gnutools/10.3/bin/../lib/gcc/arm-none-eabi/10.3.1/../../../../arm-none-eabi/lib/thumb/v7e-m+fp/softfp\libc.a(lib_a-fini.o)
                0x10006c98                __libc_fini_array
 .text.__sfvwrite_r
                0x10006cc4      0x2f0 c:/maximsdk/tools/gnutools/10.3/bin/../lib/gcc/arm-none-eabi/10.3.1/../../../../arm-none-eabi/lib/thumb/v7e-m+fp/softfp\libc.a(lib_a-fvwrite.o)
                0x10006cc4                __sfvwrite_r
 .text._localeconv_r
                0x10006fb4        0x8 c:/maximsdk/tools/gnutools/10.3/bin/../lib/gcc/arm-none-eabi/10.3.1/../../../../arm-none-eabi/lib/thumb/v7e-m+fp/softfp\libc.a(lib_a-localeconv.o)
                0x10006fb4                _localeconv_r
 .text._lseek_r
                0x10006fbc       0x2c c:/maximsdk/tools/gnutools/10.3/bin/../lib/gcc/arm-none-eabi/10.3.1/../../../../arm-none-eabi/lib/thumb/v7e-m+fp/softfp\libc.a(lib_a-lseekr.o)
                0x10006fbc                _lseek_r
 .text.__smakebuf_r
                0x10006fe8       0xe0 c:/maximsdk/tools/gnutools/10.3/bin/../lib/gcc/arm-none-eabi/10.3.1/../../../../arm-none-eabi/lib/thumb/v7e-m+fp/softfp\libc.a(lib_a-makebuf.o)
                0x10006fe8                __smakebuf_r
 *fill*         0x100070c8        0x8 
 .text          0x100070d0       0xa0 c:/maximsdk/tools/gnutools/10.3/bin/../lib/gcc/arm-none-eabi/10.3.1/../../../../arm-none-eabi/lib/thumb/v7e-m+fp/softfp\libc.a(lib_a-memchr.o)
                0x100070d0                memchr
 .text.memmove  0x10007170       0xf8 c:/maximsdk/tools/gnutools/10.3/bin/../lib/gcc/arm-none-eabi/10.3.1/../../../../arm-none-eabi/lib/thumb/v7e-m+fp/softfp\libc.a(lib_a-memmove.o)
                0x10007170                memmove
 .text._Balloc  0x10007268       0x4c c:/maximsdk/tools/gnutools/10.3/bin/../lib/gcc/arm-none-eabi/10.3.1/../../../../arm-none-eabi/lib/thumb/v7e-m+fp/softfp\libc.a(lib_a-mprec.o)
                0x10007268                _Balloc
 .text._Bfree   0x100072b4       0x14 c:/maximsdk/tools/gnutools/10.3/bin/../lib/gcc/arm-none-eabi/10.3.1/../../../../arm-none-eabi/lib/thumb/v7e-m+fp/softfp\libc.a(lib_a-mprec.o)
                0x100072b4                _Bfree
 .text.__multadd
                0x100072c8       0xa8 c:/maximsdk/tools/gnutools/10.3/bin/../lib/gcc/arm-none-eabi/10.3.1/../../../../arm-none-eabi/lib/thumb/v7e-m+fp/softfp\libc.a(lib_a-mprec.o)
                0x100072c8                __multadd
 .text.__hi0bits
                0x10007370       0x40 c:/maximsdk/tools/gnutools/10.3/bin/../lib/gcc/arm-none-eabi/10.3.1/../../../../arm-none-eabi/lib/thumb/v7e-m+fp/softfp\libc.a(lib_a-mprec.o)
                0x10007370                __hi0bits
 .text.__lo0bits
                0x100073b0       0x60 c:/maximsdk/tools/gnutools/10.3/bin/../lib/gcc/arm-none-eabi/10.3.1/../../../../arm-none-eabi/lib/thumb/v7e-m+fp/softfp\libc.a(lib_a-mprec.o)
                0x100073b0                __lo0bits
 .text.__i2b    0x10007410       0x5c c:/maximsdk/tools/gnutools/10.3/bin/../lib/gcc/arm-none-eabi/10.3.1/../../../../arm-none-eabi/lib/thumb/v7e-m+fp/softfp\libc.a(lib_a-mprec.o)
                0x10007410                __i2b
 .text.__multiply
                0x1000746c      0x15c c:/maximsdk/tools/gnutools/10.3/bin/../lib/gcc/arm-none-eabi/10.3.1/../../../../arm-none-eabi/lib/thumb/v7e-m+fp/softfp\libc.a(lib_a-mprec.o)
                0x1000746c                __multiply
 .text.__pow5mult
                0x100075c8       0xc0 c:/maximsdk/tools/gnutools/10.3/bin/../lib/gcc/arm-none-eabi/10.3.1/../../../../arm-none-eabi/lib/thumb/v7e-m+fp/softfp\libc.a(lib_a-mprec.o)
                0x100075c8                __pow5mult
 .text.__lshift
                0x10007688       0xf0 c:/maximsdk/tools/gnutools/10.3/bin/../lib/gcc/arm-none-eabi/10.3.1/../../../../arm-none-eabi/lib/thumb/v7e-m+fp/softfp\libc.a(lib_a-mprec.o)
                0x10007688                __lshift
 .text.__mcmp   0x10007778       0x44 c:/maximsdk/tools/gnutools/10.3/bin/../lib/gcc/arm-none-eabi/10.3.1/../../../../arm-none-eabi/lib/thumb/v7e-m+fp/softfp\libc.a(lib_a-mprec.o)
                0x10007778                __mcmp
 .text.__mdiff  0x100077bc      0x14c c:/maximsdk/tools/gnutools/10.3/bin/../lib/gcc/arm-none-eabi/10.3.1/../../../../arm-none-eabi/lib/thumb/v7e-m+fp/softfp\libc.a(lib_a-mprec.o)
                0x100077bc                __mdiff
 .text.__d2b    0x10007908       0xc4 c:/maximsdk/tools/gnutools/10.3/bin/../lib/gcc/arm-none-eabi/10.3.1/../../../../arm-none-eabi/lib/thumb/v7e-m+fp/softfp\libc.a(lib_a-mprec.o)
                0x10007908                __d2b
 .text._read_r  0x100079cc       0x2c c:/maximsdk/tools/gnutools/10.3/bin/../lib/gcc/arm-none-eabi/10.3.1/../../../../arm-none-eabi/lib/thumb/v7e-m+fp/softfp\libc.a(lib_a-readr.o)
                0x100079cc                _read_r
 .text._realloc_r
                0x100079f8      0x3d8 c:/maximsdk/tools/gnutools/10.3/bin/../lib/gcc/arm-none-eabi/10.3.1/../../../../arm-none-eabi/lib/thumb/v7e-m+fp/softfp\libc.a(lib_a-reallocr.o)
                0x100079f8                _realloc_r
 .text.frexp    0x10007dd0       0x70 c:/maximsdk/tools/gnutools/10.3/bin/../lib/gcc/arm-none-eabi/10.3.1/../../../../arm-none-eabi/lib/thumb/v7e-m+fp/softfp\libc.a(lib_a-s_frexp.o)
                0x10007dd0                frexp
 .text.strncpy  0x10007e40       0x64 c:/maximsdk/tools/gnutools/10.3/bin/../lib/gcc/arm-none-eabi/10.3.1/../../../../arm-none-eabi/lib/thumb/v7e-m+fp/softfp\libc.a(lib_a-strncpy.o)
                0x10007e40                strncpy
 .text.__sprint_r.part.0
                0x10007ea4       0x78 c:/maximsdk/tools/gnutools/10.3/bin/../lib/gcc/arm-none-eabi/10.3.1/../../../../arm-none-eabi/lib/thumb/v7e-m+fp/softfp\libc.a(lib_a-vfiprintf.o)
 .text.__sprint_r
                0x10007f1c       0x18 c:/maximsdk/tools/gnutools/10.3/bin/../lib/gcc/arm-none-eabi/10.3.1/../../../../arm-none-eabi/lib/thumb/v7e-m+fp/softfp\libc.a(lib_a-vfiprintf.o)
                0x10007f1c                __sprint_r
 .text._vfiprintf_r
                0x10007f34      0xdfc c:/maximsdk/tools/gnutools/10.3/bin/../lib/gcc/arm-none-eabi/10.3.1/../../../../arm-none-eabi/lib/thumb/v7e-m+fp/softfp\libc.a(lib_a-vfiprintf.o)
                0x10007f34                _vfiprintf_r
 .text.__sbprintf
                0x10008d30       0x80 c:/maximsdk/tools/gnutools/10.3/bin/../lib/gcc/arm-none-eabi/10.3.1/../../../../arm-none-eabi/lib/thumb/v7e-m+fp/softfp\libc.a(lib_a-vfiprintf.o)
 .text.__swbuf_r
                0x10008db0       0xb0 c:/maximsdk/tools/gnutools/10.3/bin/../lib/gcc/arm-none-eabi/10.3.1/../../../../arm-none-eabi/lib/thumb/v7e-m+fp/softfp\libc.a(lib_a-wbuf.o)
                0x10008db0                __swbuf_r
 .text.__register_exitproc
                0x10008e60       0x8c c:/maximsdk/tools/gnutools/10.3/bin/../lib/gcc/arm-none-eabi/10.3.1/../../../../arm-none-eabi/lib/thumb/v7e-m+fp/softfp\libc.a(lib_a-__atexit.o)
                0x10008e60                __register_exitproc
 .text.__assert_func
                0x10008eec       0x40 c:/maximsdk/tools/gnutools/10.3/bin/../lib/gcc/arm-none-eabi/10.3.1/../../../../arm-none-eabi/lib/thumb/v7e-m+fp/softfp\libc.a(lib_a-assert.o)
                0x10008eec                __assert_func
 .text._calloc_r
                0x10008f2c       0x78 c:/maximsdk/tools/gnutools/10.3/bin/../lib/gcc/arm-none-eabi/10.3.1/../../../../arm-none-eabi/lib/thumb/v7e-m+fp/softfp\libc.a(lib_a-callocr.o)
                0x10008f2c                _calloc_r
 .text.fiprintf
                0x10008fa4       0x28 c:/maximsdk/tools/gnutools/10.3/bin/../lib/gcc/arm-none-eabi/10.3.1/../../../../arm-none-eabi/lib/thumb/v7e-m+fp/softfp\libc.a(lib_a-fiprintf.o)
                0x10008fa4                fiprintf
 .text.__fputwc
                0x10008fcc       0xa8 c:/maximsdk/tools/gnutools/10.3/bin/../lib/gcc/arm-none-eabi/10.3.1/../../../../arm-none-eabi/lib/thumb/v7e-m+fp/softfp\libc.a(lib_a-fputwc.o)
                0x10008fcc                __fputwc
 .text._fputwc_r
                0x10009074       0x68 c:/maximsdk/tools/gnutools/10.3/bin/../lib/gcc/arm-none-eabi/10.3.1/../../../../arm-none-eabi/lib/thumb/v7e-m+fp/softfp\libc.a(lib_a-fputwc.o)
                0x10009074                _fputwc_r
 .text._fstat_r
                0x100090dc       0x2c c:/maximsdk/tools/gnutools/10.3/bin/../lib/gcc/arm-none-eabi/10.3.1/../../../../arm-none-eabi/lib/thumb/v7e-m+fp/softfp\libc.a(lib_a-fstatr.o)
                0x100090dc                _fstat_r
 .text._isatty_r
                0x10009108       0x24 c:/maximsdk/tools/gnutools/10.3/bin/../lib/gcc/arm-none-eabi/10.3.1/../../../../arm-none-eabi/lib/thumb/v7e-m+fp/softfp\libc.a(lib_a-isattyr.o)
                0x10009108                _isatty_r
 .text.__locale_mb_cur_max
                0x1000912c        0xc c:/maximsdk/tools/gnutools/10.3/bin/../lib/gcc/arm-none-eabi/10.3.1/../../../../arm-none-eabi/lib/thumb/v7e-m+fp/softfp\libc.a(lib_a-locale.o)
                0x1000912c                __locale_mb_cur_max
 .text.__ascii_mbtowc
                0x10009138       0x2c c:/maximsdk/tools/gnutools/10.3/bin/../lib/gcc/arm-none-eabi/10.3.1/../../../../arm-none-eabi/lib/thumb/v7e-m+fp/softfp\libc.a(lib_a-mbtowc_r.o)
                0x10009138                __ascii_mbtowc
 .text._wcrtomb_r
                0x10009164       0x3c c:/maximsdk/tools/gnutools/10.3/bin/../lib/gcc/arm-none-eabi/10.3.1/../../../../arm-none-eabi/lib/thumb/v7e-m+fp/softfp\libc.a(lib_a-wcrtomb.o)
                0x10009164                _wcrtomb_r
 .text.__ascii_wctomb
                0x100091a0       0x1c c:/maximsdk/tools/gnutools/10.3/bin/../lib/gcc/arm-none-eabi/10.3.1/../../../../arm-none-eabi/lib/thumb/v7e-m+fp/softfp\libc.a(lib_a-wctomb_r.o)
                0x100091a0                __ascii_wctomb
 .text.abort    0x100091bc       0x10 c:/maximsdk/tools/gnutools/10.3/bin/../lib/gcc/arm-none-eabi/10.3.1/../../../../arm-none-eabi/lib/thumb/v7e-m+fp/softfp\libc.a(lib_a-abort.o)
                0x100091bc                abort
 .text.raise    0x100091cc       0x5c c:/maximsdk/tools/gnutools/10.3/bin/../lib/gcc/arm-none-eabi/10.3.1/../../../../arm-none-eabi/lib/thumb/v7e-m+fp/softfp\libc.a(lib_a-signal.o)
                0x100091cc                raise
 .text._kill_r  0x10009228       0x2c c:/maximsdk/tools/gnutools/10.3/bin/../lib/gcc/arm-none-eabi/10.3.1/../../../../arm-none-eabi/lib/thumb/v7e-m+fp/softfp\libc.a(lib_a-signalr.o)
                0x10009228                _kill_r
 .text._getpid_r
                0x10009254        0x4 c:/maximsdk/tools/gnutools/10.3/bin/../lib/gcc/arm-none-eabi/10.3.1/../../../../arm-none-eabi/lib/thumb/v7e-m+fp/softfp\libc.a(lib_a-signalr.o)
                0x10009254                _getpid_r
 .text._getpid  0x10009258       0x10 c:/maximsdk/tools/gnutools/10.3/bin/../lib/gcc/arm-none-eabi/10.3.1/../../../../arm-none-eabi/lib/thumb/v7e-m+fp/softfp\libnosys.a(getpid.o)
                0x10009258                _getpid
 .text._kill    0x10009268       0x10 c:/maximsdk/tools/gnutools/10.3/bin/../lib/gcc/arm-none-eabi/10.3.1/../../../../arm-none-eabi/lib/thumb/v7e-m+fp/softfp\libnosys.a(kill.o)
                0x10009268                _kill
 .text._exit    0x10009278        0x4 c:/maximsdk/tools/gnutools/10.3/bin/../lib/gcc/arm-none-eabi/10.3.1/../../../../arm-none-eabi/lib/thumb/v7e-m+fp/softfp\libnosys.a(_exit.o)
                0x10009278                _exit
 .text          0x1000927c      0x378 c:/maximsdk/tools/gnutools/10.3/bin/../lib/gcc/arm-none-eabi/10.3.1/thumb/v7e-m+fp/softfp\libgcc.a(_arm_addsubdf3.o)
                0x1000927c                __aeabi_drsub
                0x10009284                __aeabi_dsub
                0x10009284                __subdf3
                0x10009288                __aeabi_dadd
                0x10009288                __adddf3
                0x10009500                __floatunsidf
                0x10009500                __aeabi_ui2d
                0x10009520                __floatsidf
                0x10009520                __aeabi_i2d
                0x10009544                __aeabi_f2d
                0x10009544                __extendsfdf2
                0x10009588                __floatundidf
                0x10009588                __aeabi_ul2d
                0x10009598                __floatdidf
                0x10009598                __aeabi_l2d
 .text          0x100095f4      0x424 c:/maximsdk/tools/gnutools/10.3/bin/../lib/gcc/arm-none-eabi/10.3.1/thumb/v7e-m+fp/softfp\libgcc.a(_arm_muldivdf3.o)
                0x100095f4                __aeabi_dmul
                0x100095f4                __muldf3
                0x10009848                __divdf3
                0x10009848                __aeabi_ddiv
 .text          0x10009a18      0x110 c:/maximsdk/tools/gnutools/10.3/bin/../lib/gcc/arm-none-eabi/10.3.1/thumb/v7e-m+fp/softfp\libgcc.a(_arm_cmpdf2.o)
                0x10009a18                __gtdf2
                0x10009a18                __gedf2
                0x10009a20                __ltdf2
                0x10009a20                __ledf2
                0x10009a28                __nedf2
                0x10009a28                __eqdf2
                0x10009a28                __cmpdf2
                0x10009aa4                __aeabi_cdrcmple
                0x10009ab4                __aeabi_cdcmpeq
                0x10009ab4                __aeabi_cdcmple
                0x10009ac4                __aeabi_dcmpeq
                0x10009ad8                __aeabi_dcmplt
                0x10009aec                __aeabi_dcmple
                0x10009b00                __aeabi_dcmpge
                0x10009b14                __aeabi_dcmpgt
 .text          0x10009b28       0x2c c:/maximsdk/tools/gnutools/10.3/bin/../lib/gcc/arm-none-eabi/10.3.1/thumb/v7e-m+fp/softfp\libgcc.a(_arm_unorddf2.o)
                0x10009b28                __unorddf2
                0x10009b28                __aeabi_dcmpun
 .text          0x10009b54       0x50 c:/maximsdk/tools/gnutools/10.3/bin/../lib/gcc/arm-none-eabi/10.3.1/thumb/v7e-m+fp/softfp\libgcc.a(_arm_fixdfsi.o)
                0x10009b54                __aeabi_d2iz
                0x10009b54                __fixdfsi
 .text          0x10009ba4       0xa0 c:/maximsdk/tools/gnutools/10.3/bin/../lib/gcc/arm-none-eabi/10.3.1/thumb/v7e-m+fp/softfp\libgcc.a(_arm_truncdfsf2.o)
                0x10009ba4                __truncdfsf2
                0x10009ba4                __aeabi_d2f
 .text          0x10009c44       0x30 c:/maximsdk/tools/gnutools/10.3/bin/../lib/gcc/arm-none-eabi/10.3.1/thumb/v7e-m+fp/softfp\libgcc.a(_aeabi_uldivmod.o)
                0x10009c44                __aeabi_uldivmod
 .text          0x10009c74      0x2d0 c:/maximsdk/tools/gnutools/10.3/bin/../lib/gcc/arm-none-eabi/10.3.1/thumb/v7e-m+fp/softfp\libgcc.a(_udivmoddi4.o)
                0x10009c74                __udivmoddi4
 .text          0x10009f44        0x4 c:/maximsdk/tools/gnutools/10.3/bin/../lib/gcc/arm-none-eabi/10.3.1/thumb/v7e-m+fp/softfp\libgcc.a(_dvmd_tls.o)
                0x10009f44                __aeabi_idiv0
                0x10009f44                __aeabi_ldiv0
 *(.rodata*)
 .rodata.I2CScan.str1.4
                0x10009f48      0x1b1 c:/User/Motion_Sensor/build/main.o
 *fill*         0x1000a0f9        0x3 
 .rodata.print_reg.str1.4
                0x1000a0fc        0x5 c:/User/Motion_Sensor/build/main.o
 *fill*         0x1000a101        0x3 
 .rodata.main.str1.4
                0x1000a104       0x5c c:/User/Motion_Sensor/build/main.o
 .rodata.read_req.str1.4
                0x1000a160       0x13 c:/User/Motion_Sensor/build/i2c_rw.o
 *fill*         0x1000a173        0x1 
 .rodata.mxc_assert.str1.4
                0x1000a174       0x19 c:/User/Motion_Sensor/build/board.o
 *fill*         0x1000a18d        0x3 
 .rodata.Board_Init.str1.4
                0x1000a190       0x45 c:/User/Motion_Sensor/build/board.o
 *fill*         0x1000a1d5        0x3 
 .rodata.NMI_Handler.str1.4
                0x1000a1d8        0xc c:/User/Motion_Sensor/build/board.o
 .rodata.HardFault_Handler.str1.4
                0x1000a1e4       0x12 c:/User/Motion_Sensor/build/board.o
 *fill*         0x1000a1f6        0x2 
 .rodata        0x1000a1f8       0x70 c:/User/Motion_Sensor/build/board.o
 .rodata.led_pin
                0x1000a268       0x54 c:/User/Motion_Sensor/build/board.o
                0x1000a268                led_pin
 .rodata.num_leds
                0x1000a2bc        0x4 c:/User/Motion_Sensor/build/board.o
                0x1000a2bc                num_leds
 .rodata.num_pbs
                0x1000a2c0        0x4 c:/User/Motion_Sensor/build/board.o
                0x1000a2c0                num_pbs
 .rodata.pb_pin
                0x1000a2c4       0x18 c:/User/Motion_Sensor/build/board.o
                0x1000a2c4                pb_pin
 .rodata.LED_On.str1.4
                0x1000a2dc       0x4f c:/User/Motion_Sensor/build/led.o
 .rodata.MXC_SPI_Init.str1.1
                0x1000a32b       0x50 C:/MaximSDK/Libraries/PeriphDrivers/bin/MAX32655/softfp/libPeriphDriver_softfp.a(spi_me17.o)
 .rodata.MXC_SPI_RevA_DMACallback.str1.1
                0x1000a37b       0x4f C:/MaximSDK/Libraries/PeriphDrivers/bin/MAX32655/softfp/libPeriphDriver_softfp.a(spi_reva.o)
 .rodata.MXC_SPI_RevA_TransSetup.str1.1
                0x1000a3ca       0x22 C:/MaximSDK/Libraries/PeriphDrivers/bin/MAX32655/softfp/libPeriphDriver_softfp.a(spi_reva.o)
                                 0x2f (size before relaxing)
 .rodata.MXC_SPI_RevA_ReadyForSleep.str1.1
                0x1000a3ec       0x2b C:/MaximSDK/Libraries/PeriphDrivers/bin/MAX32655/softfp/libPeriphDriver_softfp.a(spi_reva.o)
 *fill*         0x1000a417        0x1 
 .rodata.gpio_cfg_i2c0
                0x1000a418        0xc C:/MaximSDK/Libraries/PeriphDrivers/bin/MAX32655/softfp/libPeriphDriver_softfp.a(pins_me17.o)
                0x1000a418                gpio_cfg_i2c0
 .rodata.gpio_cfg_i2c1
                0x1000a424        0xc C:/MaximSDK/Libraries/PeriphDrivers/bin/MAX32655/softfp/libPeriphDriver_softfp.a(pins_me17.o)
                0x1000a424                gpio_cfg_i2c1
 .rodata.gpio_cfg_i2c2
                0x1000a430        0xc C:/MaximSDK/Libraries/PeriphDrivers/bin/MAX32655/softfp/libPeriphDriver_softfp.a(pins_me17.o)
                0x1000a430                gpio_cfg_i2c2
 .rodata.gpio_cfg_uart0
                0x1000a43c        0xc C:/MaximSDK/Libraries/PeriphDrivers/bin/MAX32655/softfp/libPeriphDriver_softfp.a(pins_me17.o)
                0x1000a43c                gpio_cfg_uart0
 .rodata.gpio_cfg_uart1
                0x1000a448        0xc C:/MaximSDK/Libraries/PeriphDrivers/bin/MAX32655/softfp/libPeriphDriver_softfp.a(pins_me17.o)
                0x1000a448                gpio_cfg_uart1
 .rodata.gpio_cfg_uart2
                0x1000a454        0xc C:/MaximSDK/Libraries/PeriphDrivers/bin/MAX32655/softfp/libPeriphDriver_softfp.a(pins_me17.o)
                0x1000a454                gpio_cfg_uart2
 .rodata.gpio_cfg_uart3
                0x1000a460        0xc C:/MaximSDK/Libraries/PeriphDrivers/bin/MAX32655/softfp/libPeriphDriver_softfp.a(pins_me17.o)
                0x1000a460                gpio_cfg_uart3
 .rodata.MXC_GPIO_Common_Handler.str1.1
                0x1000a46c       0x65 C:/MaximSDK/Libraries/PeriphDrivers/bin/MAX32655/softfp/libPeriphDriver_softfp.a(gpio_common.o)
 *fill*         0x1000a4d1        0x3 
 .rodata._global_impure_ptr
                0x1000a4d4        0x4 c:/maximsdk/tools/gnutools/10.3/bin/../lib/gcc/arm-none-eabi/10.3.1/../../../../arm-none-eabi/lib/thumb/v7e-m+fp/softfp\libc.a(lib_a-impure.o)
                0x1000a4d4                _global_impure_ptr
 .rodata._puts_r.str1.4
                0x1000a4d8       0x4f c:/maximsdk/tools/gnutools/10.3/bin/../lib/gcc/arm-none-eabi/10.3.1/../../../../arm-none-eabi/lib/thumb/v7e-m+fp/softfp\libc.a(lib_a-puts.o)
                                  0x2 (size before relaxing)
 .rodata._vfprintf_r.str1.4
                0x1000a4d8       0x42 c:/maximsdk/tools/gnutools/10.3/bin/../lib/gcc/arm-none-eabi/10.3.1/../../../../arm-none-eabi/lib/thumb/v7e-m+fp/softfp\libc.a(lib_a-vfprintf.o)
 *fill*         0x1000a51a        0x2 
 .rodata.blanks.1
                0x1000a51c       0x10 c:/maximsdk/tools/gnutools/10.3/bin/../lib/gcc/arm-none-eabi/10.3.1/../../../../arm-none-eabi/lib/thumb/v7e-m+fp/softfp\libc.a(lib_a-vfprintf.o)
 .rodata.zeroes.0
                0x1000a52c       0x10 c:/maximsdk/tools/gnutools/10.3/bin/../lib/gcc/arm-none-eabi/10.3.1/../../../../arm-none-eabi/lib/thumb/v7e-m+fp/softfp\libc.a(lib_a-vfprintf.o)
 .rodata._dtoa_r.str1.4
                0x1000a53c       0xa2 c:/maximsdk/tools/gnutools/10.3/bin/../lib/gcc/arm-none-eabi/10.3.1/../../../../arm-none-eabi/lib/thumb/v7e-m+fp/softfp\libc.a(lib_a-dtoa.o)
                                 0xa6 (size before relaxing)
 *fill*         0x1000a5de        0x2 
 .rodata.__multadd.str1.4
                0x1000a5e0       0x7f c:/maximsdk/tools/gnutools/10.3/bin/../lib/gcc/arm-none-eabi/10.3.1/../../../../arm-none-eabi/lib/thumb/v7e-m+fp/softfp\libc.a(lib_a-mprec.o)
                                 0x93 (size before relaxing)
 *fill*         0x1000a65f        0x1 
 .rodata.__mprec_bigtens
                0x1000a660       0x28 c:/maximsdk/tools/gnutools/10.3/bin/../lib/gcc/arm-none-eabi/10.3.1/../../../../arm-none-eabi/lib/thumb/v7e-m+fp/softfp\libc.a(lib_a-mprec.o)
                0x1000a660                __mprec_bigtens
 .rodata.__mprec_tens
                0x1000a688       0xc8 c:/maximsdk/tools/gnutools/10.3/bin/../lib/gcc/arm-none-eabi/10.3.1/../../../../arm-none-eabi/lib/thumb/v7e-m+fp/softfp\libc.a(lib_a-mprec.o)
                0x1000a688                __mprec_tens
 .rodata.p05.0  0x1000a750        0xc c:/maximsdk/tools/gnutools/10.3/bin/../lib/gcc/arm-none-eabi/10.3.1/../../../../arm-none-eabi/lib/thumb/v7e-m+fp/softfp\libc.a(lib_a-mprec.o)
 .rodata._vfiprintf_r.str1.4
                0x1000a75c       0x2f c:/maximsdk/tools/gnutools/10.3/bin/../lib/gcc/arm-none-eabi/10.3.1/../../../../arm-none-eabi/lib/thumb/v7e-m+fp/softfp\libc.a(lib_a-vfiprintf.o)
 .rodata.blanks.1
                0x1000a75c       0x10 c:/maximsdk/tools/gnutools/10.3/bin/../lib/gcc/arm-none-eabi/10.3.1/../../../../arm-none-eabi/lib/thumb/v7e-m+fp/softfp\libc.a(lib_a-vfiprintf.o)
 .rodata.zeroes.0
                0x1000a76c       0x10 c:/maximsdk/tools/gnutools/10.3/bin/../lib/gcc/arm-none-eabi/10.3.1/../../../../arm-none-eabi/lib/thumb/v7e-m+fp/softfp\libc.a(lib_a-vfiprintf.o)
 .rodata.__assert_func.str1.4
                0x1000a77c       0x3f c:/maximsdk/tools/gnutools/10.3/bin/../lib/gcc/arm-none-eabi/10.3.1/../../../../arm-none-eabi/lib/thumb/v7e-m+fp/softfp\libc.a(lib_a-assert.o)
                                 0x43 (size before relaxing)
 *fill*         0x1000a7bb        0x1 
 .rodata._setlocale_r.str1.4
                0x1000a7bc        0xa c:/maximsdk/tools/gnutools/10.3/bin/../lib/gcc/arm-none-eabi/10.3.1/../../../../arm-none-eabi/lib/thumb/v7e-m+fp/softfp\libc.a(lib_a-locale.o)
                                  0xd (size before relaxing)
 *fill*         0x1000a7c6        0x2 
 .rodata.str1.4
                0x1000a7c8        0x2 c:/maximsdk/tools/gnutools/10.3/bin/../lib/gcc/arm-none-eabi/10.3.1/../../../../arm-none-eabi/lib/thumb/v7e-m+fp/softfp\libc.a(lib_a-locale.o)
 *fill*         0x1000a7ca        0x2 
 .rodata._ctype_
                0x1000a7cc      0x101 c:/maximsdk/tools/gnutools/10.3/bin/../lib/gcc/arm-none-eabi/10.3.1/../../../../arm-none-eabi/lib/thumb/v7e-m+fp/softfp\libc.a(lib_a-ctype_.o)
                0x1000a7cc                _ctype_
 *(.init)
 *fill*         0x1000a8cd        0x3 
 .init          0x1000a8d0        0x4 c:/maximsdk/tools/gnutools/10.3/bin/../lib/gcc/arm-none-eabi/10.3.1/thumb/v7e-m+fp/softfp/crti.o
                0x1000a8d0                _init
 .init          0x1000a8d4        0x8 c:/maximsdk/tools/gnutools/10.3/bin/../lib/gcc/arm-none-eabi/10.3.1/thumb/v7e-m+fp/softfp/crtn.o
 *(.fini)
 .fini          0x1000a8dc        0x4 c:/maximsdk/tools/gnutools/10.3/bin/../lib/gcc/arm-none-eabi/10.3.1/thumb/v7e-m+fp/softfp/crti.o
                0x1000a8dc                _fini
 .fini          0x1000a8e0        0x8 c:/maximsdk/tools/gnutools/10.3/bin/../lib/gcc/arm-none-eabi/10.3.1/thumb/v7e-m+fp/softfp/crtn.o
 *(.eh_frame*)
 .eh_frame      0x1000a8e8        0x0 c:/maximsdk/tools/gnutools/10.3/bin/../lib/gcc/arm-none-eabi/10.3.1/thumb/v7e-m+fp/softfp/crtbegin.o
 .eh_frame      0x1000a8e8        0x4 c:/maximsdk/tools/gnutools/10.3/bin/../lib/gcc/arm-none-eabi/10.3.1/thumb/v7e-m+fp/softfp/crtend.o
                0x1000a8ec                _etext = .

.glue_7         0x1000a8ec        0x0
 .glue_7        0x1000a8ec        0x0 linker stubs

.glue_7t        0x1000a8ec        0x0
 .glue_7t       0x1000a8ec        0x0 linker stubs

.vfp11_veneer   0x1000a8ec        0x0
 .vfp11_veneer  0x1000a8ec        0x0 linker stubs

.v4_bx          0x1000a8ec        0x0
 .v4_bx         0x1000a8ec        0x0 linker stubs

.iplt           0x1000a8ec        0x0
 .iplt          0x1000a8ec        0x0 c:/maximsdk/tools/gnutools/10.3/bin/../lib/gcc/arm-none-eabi/10.3.1/thumb/v7e-m+fp/softfp/crtbegin.o

.bin_storage    0x1000a8ec        0x0
 FILL mask 0xff
                0x1000a8ec                _bin_start_ = .
 *(.bin_storage_img)
                0x1000a8ec                _bin_end_ = .
                0x1000a8ec                . = ALIGN (0x4)

.rom_code       0x00000000        0x0
                0x00000000                . = ALIGN (0x10)
                0x20000000                _sran_code = .
 *(.rom_code_section)
                0x20000000                _esran_code = .

.flash_code     0x1000a8ec        0x4
                0x1000a8f0                . = ALIGN (0x10)
 *fill*         0x1000a8ec        0x4 
                0x20000000                _sran_code = .
 *(.flash_code_section)
                0x20000000                _esran_code = .

.sram_code      0x20000000        0x0
                0x20000000                . = ALIGN (0x10)
                0x20000000                _sran_code = .
 *(.sram_code_section)
                0x20000000                _esran_code = .

.ARM.exidx      0x1000a8f0        0x8
                0x1000a8f0                __exidx_start = .
 *(.ARM.exidx*)
 .ARM.exidx     0x1000a8f0        0x8 c:/maximsdk/tools/gnutools/10.3/bin/../lib/gcc/arm-none-eabi/10.3.1/thumb/v7e-m+fp/softfp\libgcc.a(_udivmoddi4.o)
                0x1000a8f8                __exidx_end = .

.rel.dyn        0x1000a8f8        0x0
 .rel.iplt      0x1000a8f8        0x0 c:/maximsdk/tools/gnutools/10.3/bin/../lib/gcc/arm-none-eabi/10.3.1/thumb/v7e-m+fp/softfp/crtbegin.o

.data           0x20000000      0x9c4 load address 0x1000a8f8
                0x20000000                _data = ALIGN (., 0x4)
 *(.data*)
 .data.ConsoleUart
                0x20000000        0x4 c:/User/Motion_Sensor/build/board.o
                0x20000000                ConsoleUart
 .data.SystemCoreClock
                0x20000004        0x4 c:/User/Motion_Sensor/build/system_max32655.o
                0x20000004                SystemCoreClock
 .data.overflows
                0x20000008        0x4 C:/MaximSDK/Libraries/PeriphDrivers/bin/MAX32655/softfp/libPeriphDriver_softfp.a(mxc_delay.o)
 .data._impure_ptr
                0x2000000c        0x4 c:/maximsdk/tools/gnutools/10.3/bin/../lib/gcc/arm-none-eabi/10.3.1/../../../../arm-none-eabi/lib/thumb/v7e-m+fp/softfp\libc.a(lib_a-impure.o)
                0x2000000c                _impure_ptr
 .data.impure_data
                0x20000010      0x428 c:/maximsdk/tools/gnutools/10.3/bin/../lib/gcc/arm-none-eabi/10.3.1/../../../../arm-none-eabi/lib/thumb/v7e-m+fp/softfp\libc.a(lib_a-impure.o)
 .data.__malloc_av_
                0x20000438      0x408 c:/maximsdk/tools/gnutools/10.3/bin/../lib/gcc/arm-none-eabi/10.3.1/../../../../arm-none-eabi/lib/thumb/v7e-m+fp/softfp\libc.a(lib_a-mallocr.o)
                0x20000438                __malloc_av_
 .data.__malloc_sbrk_base
                0x20000840        0x4 c:/maximsdk/tools/gnutools/10.3/bin/../lib/gcc/arm-none-eabi/10.3.1/../../../../arm-none-eabi/lib/thumb/v7e-m+fp/softfp\libc.a(lib_a-mallocr.o)
                0x20000840                __malloc_sbrk_base
 .data.__malloc_trim_threshold
                0x20000844        0x4 c:/maximsdk/tools/gnutools/10.3/bin/../lib/gcc/arm-none-eabi/10.3.1/../../../../arm-none-eabi/lib/thumb/v7e-m+fp/softfp\libc.a(lib_a-mallocr.o)
                0x20000844                __malloc_trim_threshold
 .data.__atexit_recursive_mutex
                0x20000848        0x4 c:/maximsdk/tools/gnutools/10.3/bin/../lib/gcc/arm-none-eabi/10.3.1/../../../../arm-none-eabi/lib/thumb/v7e-m+fp/softfp\libc.a(lib_a-__call_atexit.o)
                0x20000848                __atexit_recursive_mutex
 .data.__global_locale
                0x2000084c      0x16c c:/maximsdk/tools/gnutools/10.3/bin/../lib/gcc/arm-none-eabi/10.3.1/../../../../arm-none-eabi/lib/thumb/v7e-m+fp/softfp\libc.a(lib_a-locale.o)
                0x2000084c                __global_locale
 *(.flashprog*)
                0x200009b8                . = ALIGN (0x4)
                0x200009b8                PROVIDE (__preinit_array_start = .)
 *(.preinit_array)
                0x200009b8                PROVIDE (__preinit_array_end = .)
                0x200009b8                . = ALIGN (0x4)
                0x200009b8                PROVIDE (__init_array_start = .)
 *(SORT_BY_NAME(.init_array.*))
 .init_array.00000
                0x200009b8        0x4 c:/maximsdk/tools/gnutools/10.3/bin/../lib/gcc/arm-none-eabi/10.3.1/../../../../arm-none-eabi/lib/thumb/v7e-m+fp/softfp\libc.a(lib_a-__call_atexit.o)
 *(.init_array)
 .init_array    0x200009bc        0x4 c:/maximsdk/tools/gnutools/10.3/bin/../lib/gcc/arm-none-eabi/10.3.1/thumb/v7e-m+fp/softfp/crtbegin.o
                0x200009c0                PROVIDE (__init_array_end = .)
                0x200009c0                . = ALIGN (0x4)
                0x200009c0                PROVIDE (__fini_array_start = .)
 *(SORT_BY_NAME(.fini_array.*))
 *(.fini_array)
 .fini_array    0x200009c0        0x4 c:/maximsdk/tools/gnutools/10.3/bin/../lib/gcc/arm-none-eabi/10.3.1/thumb/v7e-m+fp/softfp/crtbegin.o
                0x200009c4                PROVIDE (__fini_array_end = .)
                0x200009c4                _edata = ALIGN (., 0x4)
                0x1000a8f8                __load_data = LOADADDR (.data)

.igot.plt       0x200009c4        0x0 load address 0x1000b2bc
 .igot.plt      0x200009c4        0x0 c:/maximsdk/tools/gnutools/10.3/bin/../lib/gcc/arm-none-eabi/10.3.1/thumb/v7e-m+fp/softfp/crtbegin.o

.bss            0x200009c4      0x590 load address 0x1000b2bc
                0x200009c4                . = ALIGN (0x4)
                0x200009c4                _bss = .
 *(.bss*)
 .bss           0x200009c4       0x1c c:/maximsdk/tools/gnutools/10.3/bin/../lib/gcc/arm-none-eabi/10.3.1/thumb/v7e-m+fp/softfp/crtbegin.o
 .bss.resp      0x200009e0        0x8 c:/User/Motion_Sensor/build/i2c_rw.o
 .bss.blen_pin  0x200009e8        0xc c:/User/Motion_Sensor/build/tft_ssd2119.o
 .bss.g_spi_gpio
                0x200009f4        0xc c:/User/Motion_Sensor/build/tft_ssd2119.o
 .bss.reset_pin
                0x20000a00        0xc c:/User/Motion_Sensor/build/tft_ssd2119.o
 .bss.spi       0x20000a0c        0x4 c:/User/Motion_Sensor/build/tft_ssd2119.o
 .bss.ssel      0x20000a10        0x4 c:/User/Motion_Sensor/build/tft_ssd2119.o
 .bss.tft_spi_freq
                0x20000a14        0x4 c:/User/Motion_Sensor/build/tft_ssd2119.o
 .bss.busy_gpio
                0x20000a18        0xc c:/User/Motion_Sensor/build/tsc2046.o
 .bss.int_gpio  0x20000a24        0xc c:/User/Motion_Sensor/build/tsc2046.o
 .bss.t_spi     0x20000a30        0x4 c:/User/Motion_Sensor/build/tsc2046.o
 .bss.t_spi_freq
                0x20000a34        0x4 c:/User/Motion_Sensor/build/tsc2046.o
 .bss.t_spi_gpio
                0x20000a38        0xc c:/User/Motion_Sensor/build/tsc2046.o
 .bss.t_ssel    0x20000a44        0x4 c:/User/Motion_Sensor/build/tsc2046.o
 .bss.g_cfg     0x20000a48       0x10 c:/User/Motion_Sensor/build/w25.o
 .bss.g_is_configured
                0x20000a58        0x1 c:/User/Motion_Sensor/build/w25.o
 *fill*         0x20000a59        0x3 
 .bss.heap_end  0x20000a5c        0x4 c:/User/Motion_Sensor/build/heap.o
 .bss.cbFunc    0x20000a60        0x4 C:/MaximSDK/Libraries/PeriphDrivers/bin/MAX32655/softfp/libPeriphDriver_softfp.a(mxc_delay.o)
 .bss.ctrl_save
                0x20000a64        0x4 C:/MaximSDK/Libraries/PeriphDrivers/bin/MAX32655/softfp/libPeriphDriver_softfp.a(mxc_delay.o)
 .bss.endtick   0x20000a68        0x4 C:/MaximSDK/Libraries/PeriphDrivers/bin/MAX32655/softfp/libPeriphDriver_softfp.a(mxc_delay.o)
 .bss.states    0x20000a6c       0x48 C:/MaximSDK/Libraries/PeriphDrivers/bin/MAX32655/softfp/libPeriphDriver_softfp.a(i2c_reva.o)
 .bss.async     0x20000ab4        0x1 C:/MaximSDK/Libraries/PeriphDrivers/bin/MAX32655/softfp/libPeriphDriver_softfp.a(spi_reva.o)
                0x20000ab4                async
 *fill*         0x20000ab5        0x3 
 .bss.states    0x20000ab8       0x50 C:/MaximSDK/Libraries/PeriphDrivers/bin/MAX32655/softfp/libPeriphDriver_softfp.a(spi_reva.o)
 .bss.callback  0x20000b08      0x200 C:/MaximSDK/Libraries/PeriphDrivers/bin/MAX32655/softfp/libPeriphDriver_softfp.a(gpio_common.o)
 .bss.cbparam   0x20000d08      0x200 C:/MaximSDK/Libraries/PeriphDrivers/bin/MAX32655/softfp/libPeriphDriver_softfp.a(gpio_common.o)
 .bss.initialized
                0x20000f08        0x1 C:/MaximSDK/Libraries/PeriphDrivers/bin/MAX32655/softfp/libPeriphDriver_softfp.a(gpio_common.o)
 *fill*         0x20000f09        0x3 
 .bss.__lock___atexit_recursive_mutex
                0x20000f0c        0x1 c:/maximsdk/tools/gnutools/10.3/bin/../lib/gcc/arm-none-eabi/10.3.1/../../../../arm-none-eabi/lib/thumb/v7e-m+fp/softfp\libc.a(lib_a-lock.o)
                0x20000f0c                __lock___atexit_recursive_mutex
 *fill*         0x20000f0d        0x3 
 .bss.__lock___malloc_recursive_mutex
                0x20000f10        0x1 c:/maximsdk/tools/gnutools/10.3/bin/../lib/gcc/arm-none-eabi/10.3.1/../../../../arm-none-eabi/lib/thumb/v7e-m+fp/softfp\libc.a(lib_a-lock.o)
                0x20000f10                __lock___malloc_recursive_mutex
 *fill*         0x20000f11        0x3 
 .bss.__lock___sfp_recursive_mutex
                0x20000f14        0x1 c:/maximsdk/tools/gnutools/10.3/bin/../lib/gcc/arm-none-eabi/10.3.1/../../../../arm-none-eabi/lib/thumb/v7e-m+fp/softfp\libc.a(lib_a-lock.o)
                0x20000f14                __lock___sfp_recursive_mutex
 *fill*         0x20000f15        0x3 
 .bss.__lock___sinit_recursive_mutex
                0x20000f18        0x1 c:/maximsdk/tools/gnutools/10.3/bin/../lib/gcc/arm-none-eabi/10.3.1/../../../../arm-none-eabi/lib/thumb/v7e-m+fp/softfp\libc.a(lib_a-lock.o)
                0x20000f18                __lock___sinit_recursive_mutex
 *fill*         0x20000f19        0x3 
 .bss.__malloc_current_mallinfo
                0x20000f1c       0x28 c:/maximsdk/tools/gnutools/10.3/bin/../lib/gcc/arm-none-eabi/10.3.1/../../../../arm-none-eabi/lib/thumb/v7e-m+fp/softfp\libc.a(lib_a-mallocr.o)
                0x20000f1c                __malloc_current_mallinfo
 .bss.__malloc_max_sbrked_mem
                0x20000f44        0x4 c:/maximsdk/tools/gnutools/10.3/bin/../lib/gcc/arm-none-eabi/10.3.1/../../../../arm-none-eabi/lib/thumb/v7e-m+fp/softfp\libc.a(lib_a-mallocr.o)
                0x20000f44                __malloc_max_sbrked_mem
 .bss.__malloc_max_total_mem
                0x20000f48        0x4 c:/maximsdk/tools/gnutools/10.3/bin/../lib/gcc/arm-none-eabi/10.3.1/../../../../arm-none-eabi/lib/thumb/v7e-m+fp/softfp\libc.a(lib_a-mallocr.o)
                0x20000f48                __malloc_max_total_mem
 .bss.__malloc_top_pad
                0x20000f4c        0x4 c:/maximsdk/tools/gnutools/10.3/bin/../lib/gcc/arm-none-eabi/10.3.1/../../../../arm-none-eabi/lib/thumb/v7e-m+fp/softfp\libc.a(lib_a-mallocr.o)
                0x20000f4c                __malloc_top_pad
 .bss.errno     0x20000f50        0x4 c:/maximsdk/tools/gnutools/10.3/bin/../lib/gcc/arm-none-eabi/10.3.1/../../../../arm-none-eabi/lib/thumb/v7e-m+fp/softfp\libc.a(lib_a-reent.o)
                0x20000f50                errno
 *(COMMON)
                0x20000f54                _ebss = ALIGN (., 0x4)

.pal_nvm_db     0x10080000        0x0
                0x10080000                . = ALIGN (0x2000)
                0x10080000                __pal_nvm_db_start__ = .
                0x10080000                . = (. + _PAL_NVM_SIZE)
                0x10080000                __pal_nvm_db_end__ = .

.riscv_flash
 *riscv.o()

.shared         0x20000f54        0x0
                0x20000f54                . = ALIGN (0x4)
                0x20000f54                _shared = .
 *(.mailbox*)
                0x20000f54                . = ALIGN (0x4)
 *(.shared*)
                0x20000f54                _eshared = ALIGN (., 0x4)
                0x20000f54                __shared_data = LOADADDR (.shared)
                0x20020000                __StackTop = (ORIGIN (SRAM) + LENGTH (SRAM))
                0x2001f000                __StackLimit = (__StackTop - SIZEOF (.stack_dummy))

.stack_dummy    0x20000f58     0x1000
 *(.stack*)
 .stack         0x20000f58     0x1000 c:/User/Motion_Sensor/build/startup_max32655.o

.heap           0x20000f58      0xc00
                0x20000f58                . = ALIGN (0x4)
 *(.heap*)
 .heap          0x20000f58      0xc00 c:/User/Motion_Sensor/build/startup_max32655.o
                0x20000f58                __HeapBase
                0x2001f000                __HeapLimit = ABSOLUTE (__StackLimit)

.mailbox_0      0x20020000        0x0
                0x20020000                _mailbox_0 = ALIGN (., 0x4)
 *(.mailbox_0*)