Archive member included to satisfy reference by file (symbol)

C:/MaximSDK/Libraries/PeriphDrivers/bin/MAX32655/softfp/libPeriphDriver_softfp.a(mxc_delay.o)
                              c:/User/Motion_Sensor/build/main.o (MXC_Delay)
C:/MaximSDK/Libraries/PeriphDrivers/bin/MAX32655/softfp/libPeriphDriver_softfp.a(sys_me17.o)
                              c:/User/Motion_Sensor/build/board.o (MXC_SYS_ClockEnable)
C:/MaximSDK/Libraries/PeriphDrivers/bin/MAX32655/softfp/libPeriphDriver_softfp.a(flc_me17.o)
                              C:/MaximSDK/Libraries/PeriphDrivers/bin/MAX32655/softfp/libPeriphDriver_softfp.a(sys_me17.o) (MXC_FLC_UnlockInfoBlock)
C:/MaximSDK/Libraries/PeriphDrivers/bin/MAX32655/softfp/libPeriphDriver_softfp.a(flc_reva.o)
                              C:/MaximSDK/Libraries/PeriphDrivers/bin/MAX32655/softfp/libPeriphDriver_softfp.a(flc_me17.o) (MXC_FLC_RevA_Busy)
C:/MaximSDK/Libraries/PeriphDrivers/bin/MAX32655/softfp/libPeriphDriver_softfp.a(gpio_me17.o)
                              c:/User/Motion_Sensor/build/board.o (MXC_GPIO_Config)
C:/MaximSDK/Libraries/PeriphDrivers/bin/MAX32655/softfp/libPeriphDriver_softfp.a(gpio_reva.o)
                              C:/MaximSDK/Libraries/PeriphDrivers/bin/MAX32655/softfp/libPeriphDriver_softfp.a(gpio_me17.o) (MXC_GPIO_RevA_InGet)
C:/MaximSDK/Libraries/PeriphDrivers/bin/MAX32655/softfp/libPeriphDriver_softfp.a(i2c_me17.o)
                              c:/User/Motion_Sensor/build/main.o (MXC_I2C_Init)
C:/MaximSDK/Libraries/PeriphDrivers/bin/MAX32655/softfp/libPeriphDriver_softfp.a(i2c_reva.o)
                              C:/MaximSDK/Libraries/PeriphDrivers/bin/MAX32655/softfp/libPeriphDriver_softfp.a(i2c_me17.o) (MXC_I2C_RevA_DMACallback)
C:/MaximSDK/Libraries/PeriphDrivers/bin/MAX32655/softfp/libPeriphDriver_softfp.a(icc_me17.o)
                              c:/User/Motion_Sensor/build/system_max32655.o (MXC_ICC_Enable)
C:/MaximSDK/Libraries/PeriphDrivers/bin/MAX32655/softfp/libPeriphDriver_softfp.a(icc_reva.o)
                              C:/MaximSDK/Libraries/PeriphDrivers/bin/MAX32655/softfp/libPeriphDriver_softfp.a(icc_me17.o) (MXC_ICC_RevA_ID)
C:/MaximSDK/Libraries/PeriphDrivers/bin/MAX32655/softfp/libPeriphDriver_softfp.a(simo_me17.o)
                              c:/User/Motion_Sensor/build/system_max32655.o (MXC_SIMO_SetVregO_A)
C:/MaximSDK/Libraries/PeriphDrivers/bin/MAX32655/softfp/libPeriphDriver_softfp.a(simo_reva.o)
                              C:/MaximSDK/Libraries/PeriphDrivers/bin/MAX32655/softfp/libPeriphDriver_softfp.a(simo_me17.o) (MXC_SIMO_RevA_SetVregO_A)
C:/MaximSDK/Libraries/PeriphDrivers/bin/MAX32655/softfp/libPeriphDriver_softfp.a(spi_me17.o)
                              c:/User/Motion_Sensor/build/board.o (MXC_SPI_Init)
C:/MaximSDK/Libraries/PeriphDrivers/bin/MAX32655/softfp/libPeriphDriver_softfp.a(spi_reva.o)
                              C:/MaximSDK/Libraries/PeriphDrivers/bin/MAX32655/softfp/libPeriphDriver_softfp.a(spi_me17.o) (MXC_SPI_RevA_Init)
C:/MaximSDK/Libraries/PeriphDrivers/bin/MAX32655/softfp/libPeriphDriver_softfp.a(uart_me17.o)
                              c:/User/Motion_Sensor/build/board.o (MXC_UART_Shutdown)
C:/MaximSDK/Libraries/PeriphDrivers/bin/MAX32655/softfp/libPeriphDriver_softfp.a(uart_revb.o)
                              C:/MaximSDK/Libraries/PeriphDrivers/bin/MAX32655/softfp/libPeriphDriver_softfp.a(uart_me17.o) (MXC_UART_RevB_Init)
C:/MaximSDK/Libraries/PeriphDrivers/bin/MAX32655/softfp/libPeriphDriver_softfp.a(mxc_lock.o)
                              C:/MaximSDK/Libraries/PeriphDrivers/bin/MAX32655/softfp/libPeriphDriver_softfp.a(spi_reva.o) (MXC_FreeLock)
C:/MaximSDK/Libraries/PeriphDrivers/bin/MAX32655/softfp/libPeriphDriver_softfp.a(pins_me17.o)
                              C:/MaximSDK/Libraries/PeriphDrivers/bin/MAX32655/softfp/libPeriphDriver_softfp.a(uart_me17.o) (gpio_cfg_uart3)
C:/MaximSDK/Libraries/PeriphDrivers/bin/MAX32655/softfp/libPeriphDriver_softfp.a(dma_me17.o)
                              C:/MaximSDK/Libraries/PeriphDrivers/bin/MAX32655/softfp/libPeriphDriver_softfp.a(i2c_reva.o) (MXC_DMA_Init)
C:/MaximSDK/Libraries/PeriphDrivers/bin/MAX32655/softfp/libPeriphDriver_softfp.a(dma_reva.o)
                              C:/MaximSDK/Libraries/PeriphDrivers/bin/MAX32655/softfp/libPeriphDriver_softfp.a(dma_me17.o) (MXC_DMA_RevA_Init)
C:/MaximSDK/Libraries/PeriphDrivers/bin/MAX32655/softfp/libPeriphDriver_softfp.a(flc_common.o)
                              C:/MaximSDK/Libraries/PeriphDrivers/bin/MAX32655/softfp/libPeriphDriver_softfp.a(flc_me17.o) (MXC_FLC_Com_Write)
C:/MaximSDK/Libraries/PeriphDrivers/bin/MAX32655/softfp/libPeriphDriver_softfp.a(gpio_common.o)
                              C:/MaximSDK/Libraries/PeriphDrivers/bin/MAX32655/softfp/libPeriphDriver_softfp.a(gpio_me17.o) (MXC_GPIO_Common_Init)
C:/MaximSDK/Libraries/PeriphDrivers/bin/MAX32655/softfp/libPeriphDriver_softfp.a(uart_common.o)
[...]
Memory Configuration

Name             Origin             Length             Attributes
ROM              0x00000000         0x00010000         xr
FLASH            0x10000000         0x00080000         xr
PAL_NVM_DB       0x10080000         0x00000000         r
RISCV_FLASH      0x10080000         0x00000000         xr
SRAM             0x20000000         0x00020000         xrw
MAILBOX_0        0x20020000         0x00000000         rw
MAILBOX_1        0x20020000         0x00000000         rw
RISCV_SRAM       0x20020000         0x00000000         xrw
*default*        0x00000000         0xffffffff

Linker script and memory map

LOAD c:/maximsdk/tools/gnutools/10.3/bin/../lib/gcc/arm-none-eabi/10.3.1/thumb/v7e-m+fp/softfp/crti.o
LOAD c:/maximsdk/tools/gnutools/10.3/bin/../lib/gcc/arm-none-eabi/10.3.1/thumb/v7e-m+fp/softfp/crtbegin.o
LOAD c:/maximsdk/tools/gnutools/10.3/bin/../lib/gcc/arm-none-eabi/10.3.1/../../../../arm-none-eabi/lib/thumb/v7e-m+fp/softfp/crt0.o
LOAD c:/User/Motion_Sensor/build/main.o
LOAD c:/User/Motion_Sensor/build/drv_i2c.o
LOAD c:/User/Motion_Sensor/build/i2c_rw.o
LOAD c:/User/Motion_Sensor/build/MPU6050.o
LOAD c:/User/Motion_Sensor/build/board.o
LOAD c:/User/Motion_Sensor/build/stdio.o
LOAD c:/User/Motion_Sensor/build/led.o
LOAD c:/User/Motion_Sensor/build/pb.o
LOAD c:/User/Motion_Sensor/build/tft_ssd2119.o
LOAD c:/User/Motion_Sensor/build/tsc2046.o
LOAD c:/User/Motion_Sensor/build/w25.o
LOAD c:/User/Motion_Sensor/build/startup_max32655.o
LOAD c:/User/Motion_Sensor/build/heap.o
LOAD c:/User/Motion_Sensor/build/system_max32655.o
START GROUP
LOAD C:/MaximSDK/Libraries/PeriphDrivers/bin/MAX32655/softfp/libPeriphDriver_softfp.a
LOAD c:/maximsdk/tools/gnutools/10.3/bin/../lib/gcc/arm-none-eabi/10.3.1/../../../../arm-none-eabi/lib/thumb/v7e-m+fp/softfp\libc.a
LOAD c:/maximsdk/tools/gnutools/10.3/bin/../lib/gcc/arm-none-eabi/10.3.1/../../../../arm-none-eabi/lib/thumb/v7e-m+fp/softfp\libm.a
LOAD c:/maximsdk/tools/gnutools/10.3/bin/../lib/gcc/arm-none-eabi/10.3.1/../../../../arm-none-eabi/lib/thumb/v7e-m+fp/softfp\libnosys.a
END GROUP
START GROUP
LOAD c:/maximsdk/tools/gnutools/10.3/bin/../lib/gcc/arm-none-eabi/10.3.1/thumb/v7e-m+fp/softfp\libgcc.a
LOAD c:/maximsdk/tools/gnutools/10.3/bin/../lib/gcc/arm-none-eabi/10.3.1/../../../../arm-none-eabi/lib/thumb/v7e-m+fp/softfp\libc.a
END GROUP
LOAD c:/maximsdk/tools/gnutools/10.3/bin/../lib/gcc/arm-none-eabi/10.3.1/thumb/v7e-m+fp/softfp/crtend.o
LOAD c:/maximsdk/tools/gnutools/10.3/bin/../lib/gcc/arm-none-eabi/10.3.1/thumb/v7e-m+fp/softfp/crtn.o
                0x00080000                FLASH_MEM_SIZE = (_ARM_FLASH_SIZE - _PAL_NVM_SIZE)
                0x10080000                PAL_NVM_ORIGIN = ((_ARM_FLASH_SIZE - _PAL_NVM_SIZE) + _ARM_FLASH_ORIGIN)
                0x10080000                RISCV_FLASH_ORIGIN = (PAL_NVM_ORIGIN + _PAL_NVM_SIZE)
                0x00000000                RISCV_FLASH_SIZE = (_FLASH_SIZE - _ARM_FLASH_SIZE)
                0x20020000                MAILBOX_ORIGIN = (_ARM_SRAM_ORIGIN + _ARM_SRAM_SIZE)
                0x20020000                RISCV_SRAM_ORIGIN = (MAILBOX_ORIGIN + (0x2 * _MAILBOX_SIZE))
                0x00000000                RISCV_SRAM_SIZE = ((_SRAM_SIZE - _ARM_SRAM_SIZE) - (0x2 * _MAILBOX_SIZE))

.rom
 *(.rom_vector)
 *(.rom_handlers*)

.text           0x10000000     0xa9d4
                0x10000000                _text = .
 *(.isr_vector)
 .isr_vector    0x10000000      0x1d0 c:/User/Motion_Sensor/build/startup_max32655.o
                0x10000000                __isr_vector
 EXCLUDE_FILE(*riscv.o) *(.text*)
 .text          0x100001d0       0x40 c:/maximsdk/tools/gnutools/10.3/bin/../lib/gcc/arm-none-eabi/10.3.1/thumb/v7e-m+fp/softfp/crtbegin.o
 .text.ApplicationMode
                0x10000210       0x54 c:/User/Motion_Sensor/build/main.o
                0x10000210                ApplicationMode
 .text.print_reg
                0x10000264       0x10 c:/User/Motion_Sensor/build/main.o
                0x10000264                print_reg
 .text.main     0x10000274       0xb0 c:/User/Motion_Sensor/build/main.o
                0x10000274                main
 .text.I2C_Callback2
                0x10000324        0x2 c:/User/Motion_Sensor/build/i2c_rw.o
                0x10000324                I2C_Callback2
 *fill*         0x10000326        0x2 
 .text.read_req
                0x10000328       0x88 c:/User/Motion_Sensor/build/i2c_rw.o
                0x10000328                read_req
 .text.write_req
                0x100003b0       0x4c c:/User/Motion_Sensor/build/i2c_rw.o
                0x100003b0                write_req
 .text.write_bitslice
                0x100003fc       0x2e c:/User/Motion_Sensor/build/i2c_rw.o
                0x100003fc                write_bitslice
 .text.mpu6050_rst
                0x1000042a       0x18 c:/User/Motion_Sensor/build/MPU6050.o
                0x1000042a                mpu6050_rst
 .text.mpu6050_init
                0x10000442       0x38 c:/User/Motion_Sensor/build/MPU6050.o
                0x10000442                mpu6050_init
 .text.a_x_h    0x1000047a        0xa c:/User/Motion_Sensor/build/MPU6050.o
                0x1000047a                a_x_h
 .text.a_x_l    0x10000484        0xa c:/User/Motion_Sensor/build/MPU6050.o
                0x10000484                a_x_l
 .text.a_y_h    0x1000048e        0xa c:/User/Motion_Sensor/build/MPU6050.o
                0x1000048e                a_y_h
 .text.a_y_l    0x10000498        0xa c:/User/Motion_Sensor/build/MPU6050.o
                0x10000498                a_y_l
 .text.a_z_h    0x100004a2        0xa c:/User/Motion_Sensor/build/MPU6050.o
                0x100004a2                a_z_h
 .text.a_z_l    0x100004ac        0xa c:/User/Motion_Sensor/build/MPU6050.o
                0x100004ac                a_z_l
 .text.g_x_h    0x100004b6        0xa c:/User/Motion_Sensor/build/MPU6050.o
                0x100004b6                g_x_h
 .text.g_x_l    0x100004c0        0xa c:/User/Motion_Sensor/build/MPU6050.o
                0x100004c0                g_x_l
 .text.g_y_h    0x100004ca        0xa c:/User/Motion_Sensor/build/MPU6050.o
                0x100004ca                g_y_h
 .text.g_y_l    0x100004d4        0xa c:/User/Motion_Sensor/build/MPU6050.o
                0x100004d4                g_y_l
 .text.g_z_h    0x100004de        0xa c:/User/Motion_Sensor/build/MPU6050.o
                0x100004de                g_z_h
 .text.g_z_l    0x100004e8        0xa c:/User/Motion_Sensor/build/MPU6050.o
                0x100004e8                g_z_l
 .text.checkLinearVibration
                0x100004f2       0xd4 c:/User/Motion_Sensor/build/MPU6050.o
                0x100004f2                checkLinearVibration
 .text.checkAngularVibration
                0x100005c6       0xd4 c:/User/Motion_Sensor/build/MPU6050.o
                0x100005c6                checkAngularVibration
 *fill*         0x1000069a        0x2 
 .text.ext_flash_clock
                0x1000069c       0x80 c:/User/Motion_Sensor/build/board.o
 .text.ext_flash_board_init_quad
                0x1000071c       0x48 c:/User/Motion_Sensor/build/board.o
 .text.ext_flash_board_write
                0x10000764       0xb8 c:/User/Motion_Sensor/build/board.o
 .text.ext_flash_board_read
                0x1000081c       0xb8 c:/User/Motion_Sensor/build/board.o
 .text.ext_flash_board_init
                0x100008d4       0x74 c:/User/Motion_Sensor/build/board.o
 .text.mxc_assert
                0x10000948       0x10 c:/User/Motion_Sensor/build/board.o
                0x10000948                mxc_assert
 .text.Console_Init
                0x10000958       0x18 c:/User/Motion_Sensor/build/board.o
                0x10000958                Console_Init
 .text.Board_Init
                0x10000970       0xe8 c:/User/Motion_Sensor/build/board.o
                0x10000970                Board_Init
 .text.NMI_Handler
                0x10000a58       0x10 c:/User/Motion_Sensor/build/board.o
                0x10000a58                NMI_Handler
 .text.HardFault_Handler
                0x10000a68       0x10 c:/User/Motion_Sensor/build/board.o
                0x10000a68                HardFault_Handler
 .text._close   0x10000a78        0x6 c:/User/Motion_Sensor/build/stdio.o
                0x10000a78                _close
 .text._isatty  0x10000a7e        0x6 c:/User/Motion_Sensor/build/stdio.o
                0x10000a7e                _isatty
 .text._lseek   0x10000a84        0x6 c:/User/Motion_Sensor/build/stdio.o
                0x10000a84                _lseek
 .text._fstat   0x10000a8a        0x6 c:/User/Motion_Sensor/build/stdio.o
                0x10000a8a                _fstat
 .text._read    0x10000a90       0x60 c:/User/Motion_Sensor/build/stdio.o
                0x10000a90                _read
 .text._write   0x10000af0       0x60 c:/User/Motion_Sensor/build/stdio.o
                0x10000af0                _write
 .text.LED_Off  0x10000b50       0x44 c:/User/Motion_Sensor/build/led.o
                0x10000b50                LED_Off
 .text.LED_Init
                0x10000b94       0x3c c:/User/Motion_Sensor/build/led.o
                0x10000b94                LED_Init
 .text.PB_Init  0x10000bd0       0x34 c:/User/Motion_Sensor/build/pb.o
                0x10000bd0                PB_Init
 .text.GPIO0_IRQHandler
                0x10000c04        0xa c:/User/Motion_Sensor/build/pb.o
                0x10000c04                GPIO0_IRQHandler
 .text.GPIO1_IRQHandler
                0x10000c0e        0xa c:/User/Motion_Sensor/build/pb.o
                0x10000c0e                GPIO1_IRQHandler
 .text.MXC_TFT_PreInit
                0x10000c18       0x74 c:/User/Motion_Sensor/build/tft_ssd2119.o
                0x10000c18                MXC_TFT_PreInit
 .text.MXC_TS_PreInit
                0x10000c8c       0x70 c:/User/Motion_Sensor/build/tsc2046.o
                0x10000c8c                MXC_TS_PreInit
 .text.Ext_Flash_Configure
                0x10000cfc       0x28 c:/User/Motion_Sensor/build/w25.o
                0x10000cfc                Ext_Flash_Configure
 .text          0x10000d24      0x140 c:/User/Motion_Sensor/build/startup_max32655.o
                0x10000d24                Reset_Handler
                0x10000d64                MemManage_Handler
                0x10000d66                BusFault_Handler
                0x10000d68                UsageFault_Handler
                0x10000d6a                SVC_Handler
                0x10000d6c                DebugMon_Handler
                0x10000d6e                PendSV_Handler
                0x10000d70                SysTick_Handler
                0x10000d72                Default_Handler
                0x10000d74                PF_IRQHandler
                0x10000d76                WDT0_IRQHandler
                0x10000d78                RSV02_IRQHandler
                0x10000d7a                RTC_IRQHandler
                0x10000d7c                TRNG_IRQHandler
                0x10000d7e                TMR0_IRQHandler
                0x10000d80                TMR1_IRQHandler
                0x10000d82                TMR2_IRQHandler
                0x10000d84                TMR3_IRQHandler
                0x10000d86                TMR4_IRQHandler
                0x10000d88                TMR5_IRQHandler
                0x10000d8a                RSV11_IRQHandler
                0x10000d8c                RSV12_IRQHandler
                0x10000d8e                I2C0_IRQHandler
                0x10000d90                UART0_IRQHandler
                0x10000d92                UART1_IRQHandler
                0x10000d94                SPI1_IRQHandler
                0x10000d96                RSV17_IRQHandler
                0x10000d98                RSV18_IRQHandler
                0x10000d9a                RSV19_IRQHandler
                0x10000d9c                ADC_IRQHandler
                0x10000d9e                RSV21_IRQHandler
                0x10000da0                RSV22_IRQHandler
                0x10000da2                FLC0_IRQHandler
                0x10000da8                GPIO2_IRQHandler
                0x10000daa                RSV27_IRQHandler
                0x10000dac                DMA0_IRQHandler
                0x10000dae                DMA1_IRQHandler
                0x10000db0                DMA2_IRQHandler
                0x10000db2                DMA3_IRQHandler
                0x10000db4                RSV32_IRQHandler
                0x10000db6                RSV33_IRQHandler
                0x10000db8                UART2_IRQHandler
                0x10000dba                RSV35_IRQHandler
                0x10000dbc                I2C1_IRQHandler
                0x10000dbe                RSV37_IRQHandler
                0x10000dc0                RSV38_IRQHandler
                0x10000dc2                BTLE_TX_DONE_IRQHandler
                0x10000dc4                BTLE_RX_RCVD_IRQHandler
                0x10000dc6                BTLE_RX_ENG_DET_IRQHandler
                0x10000dc8                BTLE_SFD_DET_IRQHandler
                0x10000dca                BTLE_SFD_TO_IRQHandler
                0x10000dcc                BTLE_GP_EVENT_IRQHandler
                0x10000dce                BTLE_CFO_IRQHandler
                0x10000dd0                BTLE_SIG_DET_IRQHandler
                0x10000dd2                BTLE_AGC_EVENT_IRQHandler
                0x10000dd4                BTLE_RFFE_SPIM_IRQHandler
                0x10000dd6                BTLE_TX_AES_IRQHandler
                0x10000dd8                BTLE_RX_AES_IRQHandler
                0x10000dda                BTLE_INV_APB_ADDR_IRQHandler
                0x10000ddc                BTLE_IQ_DATA_VALID_IRQHandler
                0x10000dde                WUT_IRQHandler
                0x10000de0                GPIOWAKE_IRQHandler
                0x10000de2                RSV55_IRQHandler
                0x10000de4                SPI0_IRQHandler
                0x10000de6                WDT1_IRQHandler
                0x10000de8                RSV57_IRQHandler
                0x10000dea                PT_IRQHandler
                0x10000dec                RSV60_IRQHandler
                0x10000dee                RSV61_IRQHandler
                0x10000df0                I2C2_IRQHandler
                0x10000df2                RISCV_IRQHandler
                0x10000df4                RSV64_IRQHandler
                0x10000df6                RSV65_IRQHandler
                0x10000df8                RSV66_IRQHandler
                0x10000dfa                OWM_IRQHandler
                0x10000dfc                RSV68_IRQHandler
                0x10000dfe                RSV69_IRQHandler
                0x10000e00                RSV70_IRQHandler
                0x10000e02                RSV71_IRQHandler
                0x10000e04                RSV72_IRQHandler
                0x10000e06                RSV73_IRQHandler
                0x10000e08                RSV74_IRQHandler
                0x10000e0a                RSV75_IRQHandler
                0x10000e0c                RSV76_IRQHandler
                0x10000e0e                RSV77_IRQHandler
                0x10000e10                RSV78_IRQHandler
                0x10000e12                RSV79_IRQHandler
                0x10000e14                RSV80_IRQHandler
                0x10000e16                RSV81_IRQHandler
                0x10000e18                ECC_IRQHandler
                0x10000e1a                DVS_IRQHandler
                0x10000e1c                SIMO_IRQHandler
                0x10000e1e                RSV85_IRQHandler
                0x10000e20                RSV86_IRQHandler
                0x10000e22                RSV87_IRQHandler
                0x10000e24                UART3_IRQHandler
                0x10000e26                RSV89_IRQHandler
                0x10000e28                RSV90_IRQHandler
                0x10000e2a                RSV91_IRQHandler
                0x10000e2c                RSV92_IRQHandler
                0x10000e2e                RSV93_IRQHandler
                0x10000e30                RSV94_IRQHandler
                0x10000e32                RSV95_IRQHandler
                0x10000e34                RSV96_IRQHandler
                0x10000e36                AES_IRQHandler
                0x10000e38                CRC_IRQHandler
                0x10000e3a                I2S_IRQHandler
 .text._sbrk    0x10000e64       0x40 c:/User/Motion_Sensor/build/heap.o
                0x10000e64                _sbrk
 .text.SystemCoreClockUpdate
                0x10000ea4       0x80 c:/User/Motion_Sensor/build/system_max32655.o
                0x10000ea4                SystemCoreClockUpdate
 .text.PreInit  0x10000f24       0x48 c:/User/Motion_Sensor/build/system_max32655.o
                0x10000f24                PreInit
 .text.PalSysInit
                0x10000f6c        0x2 c:/User/Motion_Sensor/build/system_max32655.o
                0x10000f6c                PalSysInit
 *fill*         0x10000f6e        0x2 
 .text.SystemInit
                0x10000f70       0x7c c:/User/Motion_Sensor/build/system_max32655.o
                0x10000f70                SystemInit
 .text.MXC_DelayInit
                0x10000fec       0x7c C:/MaximSDK/Libraries/PeriphDrivers/bin/MAX32655/softfp/libPeriphDriver_softfp.a(mxc_delay.o)
 .text.MXC_DelayAsync
                0x10001068       0x3c C:/MaximSDK/Libraries/PeriphDrivers/bin/MAX32655/softfp/libPeriphDriver_softfp.a(mxc_delay.o)
                0x10001068                MXC_DelayAsync
 .text.MXC_DelayAbort
                0x100010a4       0x34 C:/MaximSDK/Libraries/PeriphDrivers/bin/MAX32655/softfp/libPeriphDriver_softfp.a(mxc_delay.o)
                0x100010a4                MXC_DelayAbort
 .text.MXC_DelayCheck
                0x100010d8       0x58 C:/MaximSDK/Libraries/PeriphDrivers/bin/MAX32655/softfp/libPeriphDriver_softfp.a(mxc_delay.o)
                0x100010d8                MXC_DelayCheck
 .text.MXC_Delay
                0x10001130       0x50 C:/MaximSDK/Libraries/PeriphDrivers/bin/MAX32655/softfp/libPeriphDriver_softfp.a(mxc_delay.o)
                0x10001130                MXC_Delay
 .text.MXC_SYS_ClockDisable
                0x10001180       0x44 C:/MaximSDK/Libraries/PeriphDrivers/bin/MAX32655/softfp/libPeriphDriver_softfp.a(sys_me17.o)
                0x10001180                MXC_SYS_ClockDisable
 .text.MXC_SYS_ClockEnable
                0x100011c4       0x4c C:/MaximSDK/Libraries/PeriphDrivers/bin/MAX32655/softfp/libPeriphDriver_softfp.a(sys_me17.o)
                0x100011c4                MXC_SYS_ClockEnable
 .text.MXC_SYS_Clock_Timeout
                0x10001210       0x2e C:/MaximSDK/Libraries/PeriphDrivers/bin/MAX32655/softfp/libPeriphDriver_softfp.a(sys_me17.o)
                0x10001210                MXC_SYS_Clock_Timeout
 *fill*         0x1000123e        0x2 
 .text.MXC_SYS_ClockSourceEnable
                0x10001240       0x80 C:/MaximSDK/Libraries/PeriphDrivers/bin/MAX32655/softfp/libPeriphDriver_softfp.a(sys_me17.o)
                0x10001240                MXC_SYS_ClockSourceEnable
 .text.MXC_SYS_Clock_Select
                0x100012c0      0x13c C:/MaximSDK/Libraries/PeriphDrivers/bin/MAX32655/softfp/libPeriphDriver_softfp.a(sys_me17.o)
                0x100012c0                MXC_SYS_Clock_Select
 .text.MXC_SYS_SetClockDiv
                0x100013fc       0x22 C:/MaximSDK/Libraries/PeriphDrivers/bin/MAX32655/softfp/libPeriphDriver_softfp.a(sys_me17.o)
                0x100013fc                MXC_SYS_SetClockDiv
 *fill*         0x1000141e        0x2 
 .text.MXC_SYS_Reset_Periph
                0x10001420       0x4c C:/MaximSDK/Libraries/PeriphDrivers/bin/MAX32655/softfp/libPeriphDriver_softfp.a(sys_me17.o)
                0x10001420                MXC_SYS_Reset_Periph
 .text.MXC_GPIO_Init
                0x1000146c       0x22 C:/MaximSDK/Libraries/PeriphDrivers/bin/MAX32655/softfp/libPeriphDriver_softfp.a(gpio_me17.o)
                0x1000146c                MXC_GPIO_Init
 *fill*         0x1000148e        0x2 
 .text.MXC_GPIO_Config
                0x10001490      0x178 C:/MaximSDK/Libraries/PeriphDrivers/bin/MAX32655/softfp/libPeriphDriver_softfp.a(gpio_me17.o)
                0x10001490                MXC_GPIO_Config
 .text.MXC_GPIO_OutSet
                0x10001608       0x34 C:/MaximSDK/Libraries/PeriphDrivers/bin/MAX32655/softfp/libPeriphDriver_softfp.a(gpio_me17.o)
                0x10001608                MXC_GPIO_OutSet
 .text.MXC_GPIO_OutClr
                0x1000163c       0x34 C:/MaximSDK/Libraries/PeriphDrivers/bin/MAX32655/softfp/libPeriphDriver_softfp.a(gpio_me17.o)
                0x1000163c                MXC_GPIO_OutClr
 .text.MXC_GPIO_Handler
                0x10001670        0x4 C:/MaximSDK/Libraries/PeriphDrivers/bin/MAX32655/softfp/libPeriphDriver_softfp.a(gpio_me17.o)
                0x10001670                MXC_GPIO_Handler
 .text.MXC_GPIO_ClearFlags
                0x10001674        0x4 C:/MaximSDK/Libraries/PeriphDrivers/bin/MAX32655/softfp/libPeriphDriver_softfp.a(gpio_me17.o)
                0x10001674                MXC_GPIO_ClearFlags
 .text.MXC_GPIO_GetFlags
                0x10001678        0x4 C:/MaximSDK/Libraries/PeriphDrivers/bin/MAX32655/softfp/libPeriphDriver_softfp.a(gpio_me17.o)
                0x10001678                MXC_GPIO_GetFlags
 .text.MXC_GPIO_RevA_OutSet
                0x1000167c        0x4 C:/MaximSDK/Libraries/PeriphDrivers/bin/MAX32655/softfp/libPeriphDriver_softfp.a(gpio_reva.o)
                0x1000167c                MXC_GPIO_RevA_OutSet
 .text.MXC_GPIO_RevA_OutClr
                0x10001680        0x4 C:/MaximSDK/Libraries/PeriphDrivers/bin/MAX32655/softfp/libPeriphDriver_softfp.a(gpio_reva.o)
                0x10001680                MXC_GPIO_RevA_OutClr
 .text.MXC_GPIO_RevA_ClearFlags
                0x10001684        0x4 C:/MaximSDK/Libraries/PeriphDrivers/bin/MAX32655/softfp/libPeriphDriver_softfp.a(gpio_reva.o)
                0x10001684                MXC_GPIO_RevA_ClearFlags
 .text.MXC_GPIO_RevA_GetFlags
                0x10001688        0x4 C:/MaximSDK/Libraries/PeriphDrivers/bin/MAX32655/softfp/libPeriphDriver_softfp.a(gpio_reva.o)
                0x10001688                MXC_GPIO_RevA_GetFlags
 .text.MXC_GPIO_RevA_SetVSSEL
                0x1000168c       0x24 C:/MaximSDK/Libraries/PeriphDrivers/bin/MAX32655/softfp/libPeriphDriver_softfp.a(gpio_reva.o)
                0x1000168c                MXC_GPIO_RevA_SetVSSEL
 .text.MXC_GPIO_RevA_SetAF
                0x100016b0       0x44 C:/MaximSDK/Libraries/PeriphDrivers/bin/MAX32655/softfp/libPeriphDriver_softfp.a(gpio_reva.o)
                0x100016b0                MXC_GPIO_RevA_SetAF
 .text.MXC_I2C_SetSlaveAddr
                0x100016f4        0x4 C:/MaximSDK/Libraries/PeriphDrivers/bin/MAX32655/softfp/libPeriphDriver_softfp.a(i2c_me17.o)
                0x100016f4                MXC_I2C_SetSlaveAddr
 .text.MXC_I2C_Shutdown
                0x100016f8       0x4c C:/MaximSDK/Libraries/PeriphDrivers/bin/MAX32655/softfp/libPeriphDriver_softfp.a(i2c_me17.o)
                0x100016f8                MXC_I2C_Shutdown
 .text.MXC_I2C_Init
                0x10001744       0x74 C:/MaximSDK/Libraries/PeriphDrivers/bin/MAX32655/softfp/libPeriphDriver_softfp.a(i2c_me17.o)
                0x10001744                MXC_I2C_Init
 .text.MXC_I2C_SetFrequency
                0x100017b8       0x14 C:/MaximSDK/Libraries/PeriphDrivers/bin/MAX32655/softfp/libPeriphDriver_softfp.a(i2c_me17.o)
                0x100017b8                MXC_I2C_SetFrequency
 .text.MXC_I2C_GetFrequency
                0x100017cc        0x4 C:/MaximSDK/Libraries/PeriphDrivers/bin/MAX32655/softfp/libPeriphDriver_softfp.a(i2c_me17.o)
                0x100017cc                MXC_I2C_GetFrequency
 .text.MXC_I2C_Start
                0x100017d0        0x4 C:/MaximSDK/Libraries/PeriphDrivers/bin/MAX32655/softfp/libPeriphDriver_softfp.a(i2c_me17.o)
                0x100017d0                MXC_I2C_Start
 .text.MXC_I2C_Stop
                0x100017d4        0x4 C:/MaximSDK/Libraries/PeriphDrivers/bin/MAX32655/softfp/libPeriphDriver_softfp.a(i2c_me17.o)
                0x100017d4                MXC_I2C_Stop
 .text.MXC_I2C_ReadRXFIFO
                0x100017d8        0x4 C:/MaximSDK/Libraries/PeriphDrivers/bin/MAX32655/softfp/libPeriphDriver_softfp.a(i2c_me17.o)
                0x100017d8                MXC_I2C_ReadRXFIFO
 .text.MXC_I2C_WriteTXFIFO
                0x100017dc        0x4 C:/MaximSDK/Libraries/PeriphDrivers/bin/MAX32655/softfp/libPeriphDriver_softfp.a(i2c_me17.o)
                0x100017dc                MXC_I2C_WriteTXFIFO
 .text.MXC_I2C_ClearRXFIFO
                0x100017e0        0x4 C:/MaximSDK/Libraries/PeriphDrivers/bin/MAX32655/softfp/libPeriphDriver_softfp.a(i2c_me17.o)
                0x100017e0                MXC_I2C_ClearRXFIFO
 .text.MXC_I2C_ClearTXFIFO
                0x100017e4        0x4 C:/MaximSDK/Libraries/PeriphDrivers/bin/MAX32655/softfp/libPeriphDriver_softfp.a(i2c_me17.o)
                0x100017e4                MXC_I2C_ClearTXFIFO
 .text.MXC_I2C_ClearFlags
                0x100017e8        0x4 C:/MaximSDK/Libraries/PeriphDrivers/bin/MAX32655/softfp/libPeriphDriver_softfp.a(i2c_me17.o)
                0x100017e8                MXC_I2C_ClearFlags
 .text.MXC_I2C_Recover
                0x100017ec        0x4 C:/MaximSDK/Libraries/PeriphDrivers/bin/MAX32655/softfp/libPeriphDriver_softfp.a(i2c_me17.o)
                0x100017ec                MXC_I2C_Recover
 .text.MXC_I2C_MasterTransaction
                0x100017f0        0x4 C:/MaximSDK/Libraries/PeriphDrivers/bin/MAX32655/softfp/libPeriphDriver_softfp.a(i2c_me17.o)
                0x100017f0                MXC_I2C_MasterTransaction
 .text.MXC_I2C_SetRXThreshold
                0x100017f4        0x4 C:/MaximSDK/Libraries/PeriphDrivers/bin/MAX32655/softfp/libPeriphDriver_softfp.a(i2c_me17.o)
                0x100017f4                MXC_I2C_SetRXThreshold
 .text.MXC_I2C_SetTXThreshold
                0x100017f8        0x4 C:/MaximSDK/Libraries/PeriphDrivers/bin/MAX32655/softfp/libPeriphDriver_softfp.a(i2c_me17.o)
                0x100017f8                MXC_I2C_SetTXThreshold
 .text.MXC_I2C_RevA_Init
                0x100017fc       0xc0 C:/MaximSDK/Libraries/PeriphDrivers/bin/MAX32655/softfp/libPeriphDriver_softfp.a(i2c_reva.o)
                0x100017fc                MXC_I2C_RevA_Init
 .text.MXC_I2C_RevA_SetSlaveAddr
                0x100018bc       0x34 C:/MaximSDK/Libraries/PeriphDrivers/bin/MAX32655/softfp/libPeriphDriver_softfp.a(i2c_reva.o)
                0x100018bc                MXC_I2C_RevA_SetSlaveAddr
 .text.MXC_I2C_RevA_SetFrequency
                0x100018f0       0x6c C:/MaximSDK/Libraries/PeriphDrivers/bin/MAX32655/softfp/libPeriphDriver_softfp.a(i2c_reva.o)
                0x100018f0                MXC_I2C_RevA_SetFrequency
 .text.MXC_I2C_RevA_GetFrequency
                0x1000195c       0x20 C:/MaximSDK/Libraries/PeriphDrivers/bin/MAX32655/softfp/libPeriphDriver_softfp.a(i2c_reva.o)
                0x1000195c                MXC_I2C_RevA_GetFrequency
 .text.MXC_I2C_RevA_Start
                0x1000197c       0x26 C:/MaximSDK/Libraries/PeriphDrivers/bin/MAX32655/softfp/libPeriphDriver_softfp.a(i2c_reva.o)
                0x1000197c                MXC_I2C_RevA_Start
 .text.MXC_I2C_RevA_Stop
                0x100019a2       0x1c C:/MaximSDK/Libraries/PeriphDrivers/bin/MAX32655/softfp/libPeriphDriver_softfp.a(i2c_reva.o)
                0x100019a2                MXC_I2C_RevA_Stop
 .text.MXC_I2C_RevA_ReadRXFIFO
                0x100019be       0x26 C:/MaximSDK/Libraries/PeriphDrivers/bin/MAX32655/softfp/libPeriphDriver_softfp.a(i2c_reva.o)
                0x100019be                MXC_I2C_RevA_ReadRXFIFO
 .text.MXC_I2C_RevA_WriteTXFIFO
                0x100019e4       0x26 C:/MaximSDK/Libraries/PeriphDrivers/bin/MAX32655/softfp/libPeriphDriver_softfp.a(i2c_reva.o)
                0x100019e4                MXC_I2C_RevA_WriteTXFIFO
 .text.MXC_I2C_RevA_ClearRXFIFO
                0x10001a0a       0x10 C:/MaximSDK/Libraries/PeriphDrivers/bin/MAX32655/softfp/libPeriphDriver_softfp.a(i2c_reva.o)
                0x10001a0a                MXC_I2C_RevA_ClearRXFIFO
 .text.MXC_I2C_RevA_ClearTXFIFO
                0x10001a1a       0x10 C:/MaximSDK/Libraries/PeriphDrivers/bin/MAX32655/softfp/libPeriphDriver_softfp.a(i2c_reva.o)
                0x10001a1a                MXC_I2C_RevA_ClearTXFIFO
 .text.MXC_I2C_RevA_ClearFlags
                0x10001a2a        0x6 C:/MaximSDK/Libraries/PeriphDrivers/bin/MAX32655/softfp/libPeriphDriver_softfp.a(i2c_reva.o)
                0x10001a2a                MXC_I2C_RevA_ClearFlags
 .text.MXC_I2C_RevA_Recover
                0x10001a30       0xc6 C:/MaximSDK/Libraries/PeriphDrivers/bin/MAX32655/softfp/libPeriphDriver_softfp.a(i2c_reva.o)
                0x10001a30                MXC_I2C_RevA_Recover
 *fill*         0x10001af6        0x2 
 .text.MXC_I2C_RevA_MasterTransaction
                0x10001af8      0x178 C:/MaximSDK/Libraries/PeriphDrivers/bin/MAX32655/softfp/libPeriphDriver_softfp.a(i2c_reva.o)
                0x10001af8                MXC_I2C_RevA_MasterTransaction
 .text.MXC_I2C_RevA_SetRXThreshold
                0x10001c70       0x1e C:/MaximSDK/Libraries/PeriphDrivers/bin/MAX32655/softfp/libPeriphDriver_softfp.a(i2c_reva.o)
                0x10001c70                MXC_I2C_RevA_SetRXThreshold
 .text.MXC_I2C_RevA_SetTXThreshold
                0x10001c8e       0x20 C:/MaximSDK/Libraries/PeriphDrivers/bin/MAX32655/softfp/libPeriphDriver_softfp.a(i2c_reva.o)
                0x10001c8e                MXC_I2C_RevA_SetTXThreshold
 .text.MXC_ICC_Enable
                0x10001cae        0x4 C:/MaximSDK/Libraries/PeriphDrivers/bin/MAX32655/softfp/libPeriphDriver_softfp.a(icc_me17.o)
                0x10001cae                MXC_ICC_Enable
 .text.MXC_ICC_RevA_Enable
                0x10001cb2       0x30 C:/MaximSDK/Libraries/PeriphDrivers/bin/MAX32655/softfp/libPeriphDriver_softfp.a(icc_reva.o)
                0x10001cb2                MXC_ICC_RevA_Enable
 *fill*         0x10001ce2        0x2 
 .text.MXC_SIMO_SetVregO_A
                0x10001ce4        0xc C:/MaximSDK/Libraries/PeriphDrivers/bin/MAX32655/softfp/libPeriphDriver_softfp.a(simo_me17.o)
                0x10001ce4                MXC_SIMO_SetVregO_A
 .text.MXC_SIMO_SetVregO_B
                0x10001cf0        0xc C:/MaximSDK/Libraries/PeriphDrivers/bin/MAX32655/softfp/libPeriphDriver_softfp.a(simo_me17.o)
                0x10001cf0                MXC_SIMO_SetVregO_B
 .text.MXC_SIMO_SetVregO_C
                0x10001cfc        0xc C:/MaximSDK/Libraries/PeriphDrivers/bin/MAX32655/softfp/libPeriphDriver_softfp.a(simo_me17.o)
                0x10001cfc                MXC_SIMO_SetVregO_C
 .text.MXC_SIMO_GetOutReadyA
                0x10001d08        0xc C:/MaximSDK/Libraries/PeriphDrivers/bin/MAX32655/softfp/libPeriphDriver_softfp.a(simo_me17.o)
                0x10001d08                MXC_SIMO_GetOutReadyA
 .text.MXC_SIMO_GetOutReadyB
                0x10001d14        0xc C:/MaximSDK/Libraries/PeriphDrivers/bin/MAX32655/softfp/libPeriphDriver_softfp.a(simo_me17.o)
                0x10001d14                MXC_SIMO_GetOutReadyB
 .text.MXC_SIMO_GetOutReadyC
                0x10001d20        0xc C:/MaximSDK/Libraries/PeriphDrivers/bin/MAX32655/softfp/libPeriphDriver_softfp.a(simo_me17.o)
                0x10001d20                MXC_SIMO_GetOutReadyC
 .text.MXC_SIMO_RevA_SetVregO_A
                0x10001d2c       0x2a C:/MaximSDK/Libraries/PeriphDrivers/bin/MAX32655/softfp/libPeriphDriver_softfp.a(simo_reva.o)
                0x10001d2c                MXC_SIMO_RevA_SetVregO_A
 .text.MXC_SIMO_RevA_SetVregO_B
                0x10001d56       0x2a C:/MaximSDK/Libraries/PeriphDrivers/bin/MAX32655/softfp/libPeriphDriver_softfp.a(simo_reva.o)
                0x10001d56                MXC_SIMO_RevA_SetVregO_B
 .text.MXC_SIMO_RevA_SetVregO_C
                0x10001d80       0x2a C:/MaximSDK/Libraries/PeriphDrivers/bin/MAX32655/softfp/libPeriphDriver_softfp.a(simo_reva.o)
                0x10001d80                MXC_SIMO_RevA_SetVregO_C
 .text.MXC_SIMO_RevA_GetOutReadyA
                0x10001daa       0x10 C:/MaximSDK/Libraries/PeriphDrivers/bin/MAX32655/softfp/libPeriphDriver_softfp.a(simo_reva.o)
                0x10001daa                MXC_SIMO_RevA_GetOutReadyA
 .text.MXC_SIMO_RevA_GetOutReadyB
                0x10001dba       0x10 C:/MaximSDK/Libraries/PeriphDrivers/bin/MAX32655/softfp/libPeriphDriver_softfp.a(simo_reva.o)
                0x10001dba                MXC_SIMO_RevA_GetOutReadyB
 .text.MXC_SIMO_RevA_GetOutReadyC
                0x10001dca       0x10 C:/MaximSDK/Libraries/PeriphDrivers/bin/MAX32655/softfp/libPeriphDriver_softfp.a(simo_reva.o)
                0x10001dca                MXC_SIMO_RevA_GetOutReadyC
 *fill*         0x10001dda        0x2 
 .text.MXC_SPI_Init
                0x10001ddc      0x1ec C:/MaximSDK/Libraries/PeriphDrivers/bin/MAX32655/softfp/libPeriphDriver_softfp.a(spi_me17.o)
                0x10001ddc                MXC_SPI_Init
 .text.MXC_SPI_GetPeripheralClock
                0x10001fc8       0x7c C:/MaximSDK/Libraries/PeriphDrivers/bin/MAX32655/softfp/libPeriphDriver_softfp.a(spi_me17.o)
                0x10001fc8                MXC_SPI_GetPeripheralClock
 .text.MXC_SPI_SetFrequency
                0x10002044        0x4 C:/MaximSDK/Libraries/PeriphDrivers/bin/MAX32655/softfp/libPeriphDriver_softfp.a(spi_me17.o)
                0x10002044                MXC_SPI_SetFrequency
 .text.MXC_SPI_SetDataSize
                0x10002048        0x4 C:/MaximSDK/Libraries/PeriphDrivers/bin/MAX32655/softfp/libPeriphDriver_softfp.a(spi_me17.o)
                0x10002048                MXC_SPI_SetDataSize
 .text.MXC_SPI_GetDataSize
                0x1000204c        0x4 C:/MaximSDK/Libraries/PeriphDrivers/bin/MAX32655/softfp/libPeriphDriver_softfp.a(spi_me17.o)
                0x1000204c                MXC_SPI_GetDataSize
 .text.MXC_SPI_SetSlave
                0x10002050        0x4 C:/MaximSDK/Libraries/PeriphDrivers/bin/MAX32655/softfp/libPeriphDriver_softfp.a(spi_me17.o)
                0x10002050                MXC_SPI_SetSlave
 .text.MXC_SPI_SetWidth
                0x10002054        0x4 C:/MaximSDK/Libraries/PeriphDrivers/bin/MAX32655/softfp/libPeriphDriver_softfp.a(spi_me17.o)
                0x10002054                MXC_SPI_SetWidth
 .text.MXC_SPI_GetWidth
                0x10002058        0x4 C:/MaximSDK/Libraries/PeriphDrivers/bin/MAX32655/softfp/libPeriphDriver_softfp.a(spi_me17.o)
                0x10002058                MXC_SPI_GetWidth
 .text.MXC_SPI_SetMode
                0x1000205c        0x4 C:/MaximSDK/Libraries/PeriphDrivers/bin/MAX32655/softfp/libPeriphDriver_softfp.a(spi_me17.o)
                0x1000205c                MXC_SPI_SetMode
 .text.MXC_SPI_StartTransmission
                0x10002060        0x4 C:/MaximSDK/Libraries/PeriphDrivers/bin/MAX32655/softfp/libPeriphDriver_softfp.a(spi_me17.o)
                0x10002060                MXC_SPI_StartTransmission
 .text.MXC_SPI_GetActive
                0x10002064        0x4 C:/MaximSDK/Libraries/PeriphDrivers/bin/MAX32655/softfp/libPeriphDriver_softfp.a(spi_me17.o)
                0x10002064                MXC_SPI_GetActive
 .text.MXC_SPI_ReadRXFIFO
                0x10002068        0x4 C:/MaximSDK/Libraries/PeriphDrivers/bin/MAX32655/softfp/libPeriphDriver_softfp.a(spi_me17.o)
                0x10002068                MXC_SPI_ReadRXFIFO
 .text.MXC_SPI_GetRXFIFOAvailable
                0x1000206c        0x4 C:/MaximSDK/Libraries/PeriphDrivers/bin/MAX32655/softfp/libPeriphDriver_softfp.a(spi_me17.o)
                0x1000206c                MXC_SPI_GetRXFIFOAvailable
 .text.MXC_SPI_WriteTXFIFO
                0x10002070        0x4 C:/MaximSDK/Libraries/PeriphDrivers/bin/MAX32655/softfp/libPeriphDriver_softfp.a(spi_me17.o)
                0x10002070                MXC_SPI_WriteTXFIFO
 .text.MXC_SPI_GetTXFIFOAvailable
                0x10002074        0x4 C:/MaximSDK/Libraries/PeriphDrivers/bin/MAX32655/softfp/libPeriphDriver_softfp.a(spi_me17.o)
                0x10002074                MXC_SPI_GetTXFIFOAvailable
 .text.MXC_SPI_SetRXThreshold
                0x10002078        0x4 C:/MaximSDK/Libraries/PeriphDrivers/bin/MAX32655/softfp/libPeriphDriver_softfp.a(spi_me17.o)
                0x10002078                MXC_SPI_SetRXThreshold
 .text.MXC_SPI_SetTXThreshold
                0x1000207c        0x4 C:/MaximSDK/Libraries/PeriphDrivers/bin/MAX32655/softfp/libPeriphDriver_softfp.a(spi_me17.o)
                0x1000207c                MXC_SPI_SetTXThreshold
 .text.MXC_SPI_MasterTransaction
                0x10002080        0x4 C:/MaximSDK/Libraries/PeriphDrivers/bin/MAX32655/softfp/libPeriphDriver_softfp.a(spi_me17.o)
                0x10002080                MXC_SPI_MasterTransaction
 .text.MXC_SPI_RevA_TransSetup
                0x10002084      0x17c C:/MaximSDK/Libraries/PeriphDrivers/bin/MAX32655/softfp/libPeriphDriver_softfp.a(spi_reva.o)
 .text.MXC_SPI_RevA_TransHandler
                0x10002200      0x140 C:/MaximSDK/Libraries/PeriphDrivers/bin/MAX32655/softfp/libPeriphDriver_softfp.a(spi_reva.o)
 .text.MXC_SPI_RevA_MasterTransHandler
                0x10002340       0x68 C:/MaximSDK/Libraries/PeriphDrivers/bin/MAX32655/softfp/libPeriphDriver_softfp.a(spi_reva.o)
 .text.MXC_SPI_RevA_Init
                0x100023a8       0xe8 C:/MaximSDK/Libraries/PeriphDrivers/bin/MAX32655/softfp/libPeriphDriver_softfp.a(spi_reva.o)
                0x100023a8                MXC_SPI_RevA_Init
 .text.MXC_SPI_RevA_SetFrequency
                0x10002490       0x70 C:/MaximSDK/Libraries/PeriphDrivers/bin/MAX32655/softfp/libPeriphDriver_softfp.a(spi_reva.o)
                0x10002490                MXC_SPI_RevA_SetFrequency
 .text.MXC_SPI_RevA_SetDataSize
                0x10002500       0x98 C:/MaximSDK/Libraries/PeriphDrivers/bin/MAX32655/softfp/libPeriphDriver_softfp.a(spi_reva.o)
                0x10002500                MXC_SPI_RevA_SetDataSize
 .text.MXC_SPI_RevA_GetDataSize
                0x10002598       0x3c C:/MaximSDK/Libraries/PeriphDrivers/bin/MAX32655/softfp/libPeriphDriver_softfp.a(spi_reva.o)
                0x10002598                MXC_SPI_RevA_GetDataSize
 .text.MXC_SPI_RevA_SetSlave
                0x100025d4       0x60 C:/MaximSDK/Libraries/PeriphDrivers/bin/MAX32655/softfp/libPeriphDriver_softfp.a(spi_reva.o)
                0x100025d4                MXC_SPI_RevA_SetSlave
 .text.MXC_SPI_RevA_SetWidth
                0x10002634       0x60 C:/MaximSDK/Libraries/PeriphDrivers/bin/MAX32655/softfp/libPeriphDriver_softfp.a(spi_reva.o)
                0x10002634                MXC_SPI_RevA_SetWidth
 .text.MXC_SPI_RevA_GetWidth
                0x10002694       0x22 C:/MaximSDK/Libraries/PeriphDrivers/bin/MAX32655/softfp/libPeriphDriver_softfp.a(spi_reva.o)
                0x10002694                MXC_SPI_RevA_GetWidth
 *fill*         0x100026b6        0x2 
 .text.MXC_SPI_RevA_SetMode
                0x100026b8       0x6c C:/MaximSDK/Libraries/PeriphDrivers/bin/MAX32655/softfp/libPeriphDriver_softfp.a(spi_reva.o)
                0x100026b8                MXC_SPI_RevA_SetMode
 .text.MXC_SPI_RevA_StartTransmission
                0x10002724       0x40 C:/MaximSDK/Libraries/PeriphDrivers/bin/MAX32655/softfp/libPeriphDriver_softfp.a(spi_reva.o)
                0x10002724                MXC_SPI_RevA_StartTransmission
 .text.MXC_SPI_RevA_GetActive
                0x10002764       0x10 C:/MaximSDK/Libraries/PeriphDrivers/bin/MAX32655/softfp/libPeriphDriver_softfp.a(spi_reva.o)
                0x10002764                MXC_SPI_RevA_GetActive
 .text.MXC_SPI_RevA_ReadRXFIFO
                0x10002774       0x90 C:/MaximSDK/Libraries/PeriphDrivers/bin/MAX32655/softfp/libPeriphDriver_softfp.a(spi_reva.o)
                0x10002774                MXC_SPI_RevA_ReadRXFIFO
 .text.MXC_SPI_RevA_GetRXFIFOAvailable
                0x10002804        0x8 C:/MaximSDK/Libraries/PeriphDrivers/bin/MAX32655/softfp/libPeriphDriver_softfp.a(spi_reva.o)
                0x10002804                MXC_SPI_RevA_GetRXFIFOAvailable
 .text.MXC_SPI_RevA_WriteTXFIFO
                0x1000280c       0x84 C:/MaximSDK/Libraries/PeriphDrivers/bin/MAX32655/softfp/libPeriphDriver_softfp.a(spi_reva.o)
                0x1000280c                MXC_SPI_RevA_WriteTXFIFO
 .text.MXC_SPI_RevA_GetTXFIFOAvailable
                0x10002890       0x38 C:/MaximSDK/Libraries/PeriphDrivers/bin/MAX32655/softfp/libPeriphDriver_softfp.a(spi_reva.o)
                0x10002890                MXC_SPI_RevA_GetTXFIFOAvailable
 .text.MXC_SPI_RevA_SetRXThreshold
                0x100028c8       0x4c C:/MaximSDK/Libraries/PeriphDrivers/bin/MAX32655/softfp/libPeriphDriver_softfp.a(spi_reva.o)
                0x100028c8                MXC_SPI_RevA_SetRXThreshold
 .text.MXC_SPI_RevA_SetTXThreshold
                0x10002914       0x48 C:/MaximSDK/Libraries/PeriphDrivers/bin/MAX32655/softfp/libPeriphDriver_softfp.a(spi_reva.o)
                0x10002914                MXC_SPI_RevA_SetTXThreshold
 .text.MXC_SPI_RevA_MasterTransaction
                0x1000295c       0x2c C:/MaximSDK/Libraries/PeriphDrivers/bin/MAX32655/softfp/libPeriphDriver_softfp.a(spi_reva.o)
                0x1000295c                MXC_SPI_RevA_MasterTransaction
 .text.MXC_UART_Shutdown
                0x10002988       0x60 C:/MaximSDK/Libraries/PeriphDrivers/bin/MAX32655/softfp/libPeriphDriver_softfp.a(uart_me17.o)
                0x10002988                MXC_UART_Shutdown
 .text.MXC_UART_Init
                0x100029e8       0x98 C:/MaximSDK/Libraries/PeriphDrivers/bin/MAX32655/softfp/libPeriphDriver_softfp.a(uart_me17.o)
                0x100029e8                MXC_UART_Init
 .text.MXC_UART_GetFrequency
                0x10002a80       0x9c C:/MaximSDK/Libraries/PeriphDrivers/bin/MAX32655/softfp/libPeriphDriver_softfp.a(uart_me17.o)
                0x10002a80                MXC_UART_GetFrequency
 .text.MXC_UART_SetFrequency
                0x10002b1c      0x12c C:/MaximSDK/Libraries/PeriphDrivers/bin/MAX32655/softfp/libPeriphDriver_softfp.a(uart_me17.o)
                0x10002b1c                MXC_UART_SetFrequency
 .text.MXC_UART_SetDataSize
                0x10002c48        0x4 C:/MaximSDK/Libraries/PeriphDrivers/bin/MAX32655/softfp/libPeriphDriver_softfp.a(uart_me17.o)
                0x10002c48                MXC_UART_SetDataSize
 .text.MXC_UART_SetStopBits
                0x10002c4c        0x4 C:/MaximSDK/Libraries/PeriphDrivers/bin/MAX32655/softfp/libPeriphDriver_softfp.a(uart_me17.o)
                0x10002c4c                MXC_UART_SetStopBits
 .text.MXC_UART_SetParity
                0x10002c50        0x4 C:/MaximSDK/Libraries/PeriphDrivers/bin/MAX32655/softfp/libPeriphDriver_softfp.a(uart_me17.o)
                0x10002c50                MXC_UART_SetParity
 .text.MXC_UART_ReadCharacterRaw
                0x10002c54        0x4 C:/MaximSDK/Libraries/PeriphDrivers/bin/MAX32655/softfp/libPeriphDriver_softfp.a(uart_me17.o)
                0x10002c54                MXC_UART_ReadCharacterRaw
 .text.MXC_UART_WriteCharacterRaw
                0x10002c58        0x4 C:/MaximSDK/Libraries/PeriphDrivers/bin/MAX32655/softfp/libPeriphDriver_softfp.a(uart_me17.o)
                0x10002c58                MXC_UART_WriteCharacterRaw
 .text.MXC_UART_ReadCharacter
                0x10002c5c        0x4 C:/MaximSDK/Libraries/PeriphDrivers/bin/MAX32655/softfp/libPeriphDriver_softfp.a(uart_me17.o)
                0x10002c5c                MXC_UART_ReadCharacter
 .text.MXC_UART_WriteCharacter
                0x10002c60        0x4 C:/MaximSDK/Libraries/PeriphDrivers/bin/MAX32655/softfp/libPeriphDriver_softfp.a(uart_me17.o)
                0x10002c60                MXC_UART_WriteCharacter
 .text.MXC_UART_GetRXFIFOAvailable
                0x10002c64        0x4 C:/MaximSDK/Libraries/PeriphDrivers/bin/MAX32655/softfp/libPeriphDriver_softfp.a(uart_me17.o)
                0x10002c64                MXC_UART_GetRXFIFOAvailable
 .text.MXC_UART_GetTXFIFOAvailable
                0x10002c68        0x4 C:/MaximSDK/Libraries/PeriphDrivers/bin/MAX32655/softfp/libPeriphDriver_softfp.a(uart_me17.o)
                0x10002c68                MXC_UART_GetTXFIFOAvailable
 .text.MXC_UART_SetRXThreshold
                0x10002c6c        0x4 C:/MaximSDK/Libraries/PeriphDrivers/bin/MAX32655/softfp/libPeriphDriver_softfp.a(uart_me17.o)
                0x10002c6c                MXC_UART_SetRXThreshold
 .text.MXC_UART_RevB_Init
                0x10002c70       0x68 C:/MaximSDK/Libraries/PeriphDrivers/bin/MAX32655/softfp/libPeriphDriver_softfp.a(uart_revb.o)
                0x10002c70                MXC_UART_RevB_Init
 .text.MXC_UART_RevB_SetDataSize
                0x10002cd8       0x40 C:/MaximSDK/Libraries/PeriphDrivers/bin/MAX32655/softfp/libPeriphDriver_softfp.a(uart_revb.o)
                0x10002cd8                MXC_UART_RevB_SetDataSize
 .text.MXC_UART_RevB_SetStopBits
                0x10002d18       0x44 C:/MaximSDK/Libraries/PeriphDrivers/bin/MAX32655/softfp/libPeriphDriver_softfp.a(uart_revb.o)
                0x10002d18                MXC_UART_RevB_SetStopBits
 .text.MXC_UART_RevB_SetParity
                0x10002d5c       0x94 C:/MaximSDK/Libraries/PeriphDrivers/bin/MAX32655/softfp/libPeriphDriver_softfp.a(uart_revb.o)
                0x10002d5c                MXC_UART_RevB_SetParity
 .text.MXC_UART_RevB_ReadCharacterRaw
                0x10002df0       0x38 C:/MaximSDK/Libraries/PeriphDrivers/bin/MAX32655/softfp/libPeriphDriver_softfp.a(uart_revb.o)
                0x10002df0                MXC_UART_RevB_ReadCharacterRaw
 .text.MXC_UART_RevB_WriteCharacterRaw
                0x10002e28       0x3c C:/MaximSDK/Libraries/PeriphDrivers/bin/MAX32655/softfp/libPeriphDriver_softfp.a(uart_revb.o)
                0x10002e28                MXC_UART_RevB_WriteCharacterRaw
 .text.MXC_UART_RevB_GetRXFIFOAvailable
                0x10002e64        0x8 C:/MaximSDK/Libraries/PeriphDrivers/bin/MAX32655/softfp/libPeriphDriver_softfp.a(uart_revb.o)
                0x10002e64                MXC_UART_RevB_GetRXFIFOAvailable
 .text.MXC_UART_RevB_GetTXFIFOAvailable
                0x10002e6c        0xc C:/MaximSDK/Libraries/PeriphDrivers/bin/MAX32655/softfp/libPeriphDriver_softfp.a(uart_revb.o)
                0x10002e6c                MXC_UART_RevB_GetTXFIFOAvailable
 .text.MXC_UART_RevB_SetRXThreshold
                0x10002e78       0x3c C:/MaximSDK/Libraries/PeriphDrivers/bin/MAX32655/softfp/libPeriphDriver_softfp.a(uart_revb.o)
                0x10002e78                MXC_UART_RevB_SetRXThreshold
 .text.MXC_FreeLock
                0x10002eb4        0xa C:/MaximSDK/Libraries/PeriphDrivers/bin/MAX32655/softfp/libPeriphDriver_softfp.a(mxc_lock.o)
                0x10002eb4                MXC_FreeLock
 *fill*         0x10002ebe        0x2 
 .text.MXC_GPIO_Common_Init
                0x10002ec0       0x24 C:/MaximSDK/Libraries/PeriphDrivers/bin/MAX32655/softfp/libPeriphDriver_softfp.a(gpio_common.o)
                0x10002ec0                MXC_GPIO_Common_Init
 .text.MXC_GPIO_Common_Handler
                0x10002ee4       0x84 C:/MaximSDK/Libraries/PeriphDrivers/bin/MAX32655/softfp/libPeriphDriver_softfp.a(gpio_common.o)
                0x10002ee4                MXC_GPIO_Common_Handler
 .text.MXC_UART_Common_ReadCharacter
                0x10002f68       0x18 C:/MaximSDK/Libraries/PeriphDrivers/bin/MAX32655/softfp/libPeriphDriver_softfp.a(uart_common.o)
                0x10002f68                MXC_UART_Common_ReadCharacter
 .text.MXC_UART_Common_WriteCharacter
                0x10002f80       0x1e C:/MaximSDK/Libraries/PeriphDrivers/bin/MAX32655/softfp/libPeriphDriver_softfp.a(uart_common.o)
                0x10002f80                MXC_UART_Common_WriteCharacter
 *fill*         0x10002f9e        0x2 
 .text.__errno  0x10002fa0        0xc c:/maximsdk/tools/gnutools/10.3/bin/../lib/gcc/arm-none-eabi/10.3.1/../../../../arm-none-eabi/lib/thumb/v7e-m+fp/softfp\libc.a(lib_a-errno.o)
                0x10002fa0                __errno
 .text.__sflush_r
                0x10002fac      0x130 c:/maximsdk/tools/gnutools/10.3/bin/../lib/gcc/arm-none-eabi/10.3.1/../../../../arm-none-eabi/lib/thumb/v7e-m+fp/softfp\libc.a(lib_a-fflush.o)
                0x10002fac                __sflush_r
 .text._fflush_r
                0x100030dc       0x5c c:/maximsdk/tools/gnutools/10.3/bin/../lib/gcc/arm-none-eabi/10.3.1/../../../../arm-none-eabi/lib/thumb/v7e-m+fp/softfp\libc.a(lib_a-fflush.o)
                0x100030dc                _fflush_r
 .text._cleanup_r
                0x10003138        0xc c:/maximsdk/tools/gnutools/10.3/bin/../lib/gcc/arm-none-eabi/10.3.1/../../../../arm-none-eabi/lib/thumb/v7e-m+fp/softfp\libc.a(lib_a-findfp.o)
                0x10003138                _cleanup_r
 .text.__sinit  0x10003144      0x10c c:/maximsdk/tools/gnutools/10.3/bin/../lib/gcc/arm-none-eabi/10.3.1/../../../../arm-none-eabi/lib/thumb/v7e-m+fp/softfp\libc.a(lib_a-findfp.o)
                0x10003144                __sinit
 .text.__sfp_lock_acquire
                0x10003250        0xc c:/maximsdk/tools/gnutools/10.3/bin/../lib/gcc/arm-none-eabi/10.3.1/../../../../arm-none-eabi/lib/thumb/v7e-m+fp/softfp\libc.a(lib_a-findfp.o)
                0x10003250                __sfp_lock_acquire
 .text.__sfp_lock_release
                0x1000325c        0xc c:/maximsdk/tools/gnutools/10.3/bin/../lib/gcc/arm-none-eabi/10.3.1/../../../../arm-none-eabi/lib/thumb/v7e-m+fp/softfp\libc.a(lib_a-findfp.o)
                0x1000325c                __sfp_lock_release
 .text._malloc_trim_r
                0x10003268       0xa0 c:/maximsdk/tools/gnutools/10.3/bin/../lib/gcc/arm-none-eabi/10.3.1/../../../../arm-none-eabi/lib/thumb/v7e-m+fp/softfp\libc.a(lib_a-freer.o)
                0x10003268                _malloc_trim_r
 .text._free_r  0x10003308      0x20c c:/maximsdk/tools/gnutools/10.3/bin/../lib/gcc/arm-none-eabi/10.3.1/../../../../arm-none-eabi/lib/thumb/v7e-m+fp/softfp\libc.a(lib_a-freer.o)
                0x10003308                _free_r
 .text._fwalk_reent
                0x10003514       0x48 c:/maximsdk/tools/gnutools/10.3/bin/../lib/gcc/arm-none-eabi/10.3.1/../../../../arm-none-eabi/lib/thumb/v7e-m+fp/softfp\libc.a(lib_a-fwalk.o)
                0x10003514                _fwalk_reent
 .text.__libc_init_array
                0x1000355c       0x48 c:/maximsdk/tools/gnutools/10.3/bin/../lib/gcc/arm-none-eabi/10.3.1/../../../../arm-none-eabi/lib/thumb/v7e-m+fp/softfp\libc.a(lib_a-init.o)
                0x1000355c                __libc_init_array
 .text.__retarget_lock_init_recursive
                0x100035a4        0x4 c:/maximsdk/tools/gnutools/10.3/bin/../lib/gcc/arm-none-eabi/10.3.1/../../../../arm-none-eabi/lib/thumb/v7e-m+fp/softfp\libc.a(lib_a-lock.o)
                0x100035a4                __retarget_lock_init_recursive
 .text.__retarget_lock_close_recursive
                0x100035a8        0x4 c:/maximsdk/tools/gnutools/10.3/bin/../lib/gcc/arm-none-eabi/10.3.1/../../../../arm-none-eabi/lib/thumb/v7e-m+fp/softfp\libc.a(lib_a-lock.o)
                0x100035a8                __retarget_lock_close_recursive
 .text.__retarget_lock_acquire_recursive
                0x100035ac        0x4 c:/maximsdk/tools/gnutools/10.3/bin/../lib/gcc/arm-none-eabi/10.3.1/../../../../arm-none-eabi/lib/thumb/v7e-m+fp/softfp\libc.a(lib_a-lock.o)
                0x100035ac                __retarget_lock_acquire_recursive
 .text.__retarget_lock_release_recursive
                0x100035b0        0x4 c:/maximsdk/tools/gnutools/10.3/bin/../lib/gcc/arm-none-eabi/10.3.1/../../../../arm-none-eabi/lib/thumb/v7e-m+fp/softfp\libc.a(lib_a-lock.o)
                0x100035b0                __retarget_lock_release_recursive
 .text._malloc_r
                0x100035b4      0x560 c:/maximsdk/tools/gnutools/10.3/bin/../lib/gcc/arm-none-eabi/10.3.1/../../../../arm-none-eabi/lib/thumb/v7e-m+fp/softfp\libc.a(lib_a-mallocr.o)
                0x100035b4                _malloc_r
 .text          0x10003b14      0x134 c:/maximsdk/tools/gnutools/10.3/bin/../lib/gcc/arm-none-eabi/10.3.1/../../../../arm-none-eabi/lib/thumb/v7e-m+fp/softfp\libc.a(lib_a-memcpy.o)
                0x10003b14                memcpy
 .text.memset   0x10003c48       0xa4 c:/maximsdk/tools/gnutools/10.3/bin/../lib/gcc/arm-none-eabi/10.3.1/../../../../arm-none-eabi/lib/thumb/v7e-m+fp/softfp\libc.a(lib_a-memset.o)
                0x10003c48                memset
 .text.__malloc_lock
                0x10003cec        0xc c:/maximsdk/tools/gnutools/10.3/bin/../lib/gcc/arm-none-eabi/10.3.1/../../../../arm-none-eabi/lib/thumb/v7e-m+fp/softfp\libc.a(lib_a-mlock.o)
                0x10003cec                __malloc_lock
 .text.__malloc_unlock
                0x10003cf8        0xc c:/maximsdk/tools/gnutools/10.3/bin/../lib/gcc/arm-none-eabi/10.3.1/../../../../arm-none-eabi/lib/thumb/v7e-m+fp/softfp\libc.a(lib_a-mlock.o)
                0x10003cf8                __malloc_unlock
 .text.printf   0x10003d04       0x28 c:/maximsdk/tools/gnutools/10.3/bin/../lib/gcc/arm-none-eabi/10.3.1/../../../../arm-none-eabi/lib/thumb/v7e-m+fp/softfp\libc.a(lib_a-printf.o)
                0x10003d04                printf
 .text._puts_r  0x10003d2c       0x9c c:/maximsdk/tools/gnutools/10.3/bin/../lib/gcc/arm-none-eabi/10.3.1/../../../../arm-none-eabi/lib/thumb/v7e-m+fp/softfp\libc.a(lib_a-puts.o)
                0x10003d2c                _puts_r
 .text.puts     0x10003dc8       0x10 c:/maximsdk/tools/gnutools/10.3/bin/../lib/gcc/arm-none-eabi/10.3.1/../../../../arm-none-eabi/lib/thumb/v7e-m+fp/softfp\libc.a(lib_a-puts.o)
                0x10003dc8                puts
 .text._sbrk_r  0x10003dd8       0x24 c:/maximsdk/tools/gnutools/10.3/bin/../lib/gcc/arm-none-eabi/10.3.1/../../../../arm-none-eabi/lib/thumb/v7e-m+fp/softfp\libc.a(lib_a-sbrkr.o)
                0x10003dd8                _sbrk_r
 .text.__sread  0x10003dfc       0x24 c:/maximsdk/tools/gnutools/10.3/bin/../lib/gcc/arm-none-eabi/10.3.1/../../../../arm-none-eabi/lib/thumb/v7e-m+fp/softfp\libc.a(lib_a-stdio.o)
                0x10003dfc                __sread
 .text.__swrite
                0x10003e20       0x40 c:/maximsdk/tools/gnutools/10.3/bin/../lib/gcc/arm-none-eabi/10.3.1/../../../../arm-none-eabi/lib/thumb/v7e-m+fp/softfp\libc.a(lib_a-stdio.o)
                0x10003e20                __swrite
 .text.__sseek  0x10003e60       0x20 c:/maximsdk/tools/gnutools/10.3/bin/../lib/gcc/arm-none-eabi/10.3.1/../../../../arm-none-eabi/lib/thumb/v7e-m+fp/softfp\libc.a(lib_a-stdio.o)
                0x10003e60                __sseek
 .text.__sclose
                0x10003e80        0x8 c:/maximsdk/tools/gnutools/10.3/bin/../lib/gcc/arm-none-eabi/10.3.1/../../../../arm-none-eabi/lib/thumb/v7e-m+fp/softfp\libc.a(lib_a-stdio.o)
                0x10003e80                __sclose
 *fill*         0x10003e88       0x38 
 .text          0x10003ec0       0xdc c:/maximsdk/tools/gnutools/10.3/bin/../lib/gcc/arm-none-eabi/10.3.1/../../../../arm-none-eabi/lib/thumb/v7e-m+fp/softfp\libc.a(lib_a-strlen.o)
                0x10003ec0                strlen
 *fill*         0x10003f9c        0x4 
 .text._vfprintf_r
                0x10003fa0     0x1b8c c:/maximsdk/tools/gnutools/10.3/bin/../lib/gcc/arm-none-eabi/10.3.1/../../../../arm-none-eabi/lib/thumb/v7e-m+fp/softfp\libc.a(lib_a-vfprintf.o)
                0x10003fa0                _vfprintf_r
 .text.__sbprintf
                0x10005b2c       0x80 c:/maximsdk/tools/gnutools/10.3/bin/../lib/gcc/arm-none-eabi/10.3.1/../../../../arm-none-eabi/lib/thumb/v7e-m+fp/softfp\libc.a(lib_a-vfprintf.o)
 .text._write_r
                0x10005bac       0x2c c:/maximsdk/tools/gnutools/10.3/bin/../lib/gcc/arm-none-eabi/10.3.1/../../../../arm-none-eabi/lib/thumb/v7e-m+fp/softfp\libc.a(lib_a-writer.o)
                0x10005bac                _write_r
 .text.__swsetup_r
                0x10005bd8       0xd4 c:/maximsdk/tools/gnutools/10.3/bin/../lib/gcc/arm-none-eabi/10.3.1/../../../../arm-none-eabi/lib/thumb/v7e-m+fp/softfp\libc.a(lib_a-wsetup.o)
                0x10005bd8                __swsetup_r
 .text.startup.register_fini
                0x10005cac       0x14 c:/maximsdk/tools/gnutools/10.3/bin/../lib/gcc/arm-none-eabi/10.3.1/../../../../arm-none-eabi/lib/thumb/v7e-m+fp/softfp\libc.a(lib_a-__call_atexit.o)
 .text.atexit   0x10005cc0        0xc c:/maximsdk/tools/gnutools/10.3/bin/../lib/gcc/arm-none-eabi/10.3.1/../../../../arm-none-eabi/lib/thumb/v7e-m+fp/softfp\libc.a(lib_a-atexit.o)
                0x10005cc0                atexit
 .text._close_r
                0x10005ccc       0x24 c:/maximsdk/tools/gnutools/10.3/bin/../lib/gcc/arm-none-eabi/10.3.1/../../../../arm-none-eabi/lib/thumb/v7e-m+fp/softfp\libc.a(lib_a-closer.o)
                0x10005ccc                _close_r
 .text.quorem   0x10005cf0      0x128 c:/maximsdk/tools/gnutools/10.3/bin/../lib/gcc/arm-none-eabi/10.3.1/../../../../arm-none-eabi/lib/thumb/v7e-m+fp/softfp\libc.a(lib_a-dtoa.o)
 .text._dtoa_r  0x10005e18      0xf34 c:/maximsdk/tools/gnutools/10.3/bin/../lib/gcc/arm-none-eabi/10.3.1/../../../../arm-none-eabi/lib/thumb/v7e-m+fp/softfp\libc.a(lib_a-dtoa.o)
                0x10005e18                _dtoa_r
 .text._fclose_r
                0x10006d4c       0xcc c:/maximsdk/tools/gnutools/10.3/bin/../lib/gcc/arm-none-eabi/10.3.1/../../../../arm-none-eabi/lib/thumb/v7e-m+fp/softfp\libc.a(lib_a-fclose.o)
                0x10006d4c                _fclose_r
 .text.__libc_fini_array
                0x10006e18       0x2c c:/maximsdk/tools/gnutools/10.3/bin/../lib/gcc/arm-none-eabi/10.3.1/../../../../arm-none-eabi/lib/thumb/v7e-m+fp/softfp\libc.a(lib_a-fini.o)
                0x10006e18                __libc_fini_array
 .text.__sfvwrite_r
                0x10006e44      0x2f0 c:/maximsdk/tools/gnutools/10.3/bin/../lib/gcc/arm-none-eabi/10.3.1/../../../../arm-none-eabi/lib/thumb/v7e-m+fp/softfp\libc.a(lib_a-fvwrite.o)
                0x10006e44                __sfvwrite_r
 .text._localeconv_r
                0x10007134        0x8 c:/maximsdk/tools/gnutools/10.3/bin/../lib/gcc/arm-none-eabi/10.3.1/../../../../arm-none-eabi/lib/thumb/v7e-m+fp/softfp\libc.a(lib_a-localeconv.o)
                0x10007134                _localeconv_r
 .text._lseek_r
                0x1000713c       0x2c c:/maximsdk/tools/gnutools/10.3/bin/../lib/gcc/arm-none-eabi/10.3.1/../../../../arm-none-eabi/lib/thumb/v7e-m+fp/softfp\libc.a(lib_a-lseekr.o)
                0x1000713c                _lseek_r
 .text.__smakebuf_r
                0x10007168       0xe0 c:/maximsdk/tools/gnutools/10.3/bin/../lib/gcc/arm-none-eabi/10.3.1/../../../../arm-none-eabi/lib/thumb/v7e-m+fp/softfp\libc.a(lib_a-makebuf.o)
                0x10007168                __smakebuf_r
 *fill*         0x10007248        0x8 
 .text          0x10007250       0xa0 c:/maximsdk/tools/gnutools/10.3/bin/../lib/gcc/arm-none-eabi/10.3.1/../../../../arm-none-eabi/lib/thumb/v7e-m+fp/softfp\libc.a(lib_a-memchr.o)
                0x10007250                memchr
 .text.memmove  0x100072f0       0xf8 c:/maximsdk/tools/gnutools/10.3/bin/../lib/gcc/arm-none-eabi/10.3.1/../../../../arm-none-eabi/lib/thumb/v7e-m+fp/softfp\libc.a(lib_a-memmove.o)
                0x100072f0                memmove
 .text._Balloc  0x100073e8       0x4c c:/maximsdk/tools/gnutools/10.3/bin/../lib/gcc/arm-none-eabi/10.3.1/../../../../arm-none-eabi/lib/thumb/v7e-m+fp/softfp\libc.a(lib_a-mprec.o)
                0x100073e8                _Balloc
 .text._Bfree   0x10007434       0x14 c:/maximsdk/tools/gnutools/10.3/bin/../lib/gcc/arm-none-eabi/10.3.1/../../../../arm-none-eabi/lib/thumb/v7e-m+fp/softfp\libc.a(lib_a-mprec.o)
                0x10007434                _Bfree
 .text.__multadd
                0x10007448       0xa8 c:/maximsdk/tools/gnutools/10.3/bin/../lib/gcc/arm-none-eabi/10.3.1/../../../../arm-none-eabi/lib/thumb/v7e-m+fp/softfp\libc.a(lib_a-mprec.o)
                0x10007448                __multadd
 .text.__hi0bits
                0x100074f0       0x40 c:/maximsdk/tools/gnutools/10.3/bin/../lib/gcc/arm-none-eabi/10.3.1/../../../../arm-none-eabi/lib/thumb/v7e-m+fp/softfp\libc.a(lib_a-mprec.o)
                0x100074f0                __hi0bits
 .text.__lo0bits
                0x10007530       0x60 c:/maximsdk/tools/gnutools/10.3/bin/../lib/gcc/arm-none-eabi/10.3.1/../../../../arm-none-eabi/lib/thumb/v7e-m+fp/softfp\libc.a(lib_a-mprec.o)
                0x10007530                __lo0bits
 .text.__i2b    0x10007590       0x5c c:/maximsdk/tools/gnutools/10.3/bin/../lib/gcc/arm-none-eabi/10.3.1/../../../../arm-none-eabi/lib/thumb/v7e-m+fp/softfp\libc.a(lib_a-mprec.o)
                0x10007590                __i2b
 .text.__multiply
                0x100075ec      0x15c c:/maximsdk/tools/gnutools/10.3/bin/../lib/gcc/arm-none-eabi/10.3.1/../../../../arm-none-eabi/lib/thumb/v7e-m+fp/softfp\libc.a(lib_a-mprec.o)
                0x100075ec                __multiply
 .text.__pow5mult
                0x10007748       0xc0 c:/maximsdk/tools/gnutools/10.3/bin/../lib/gcc/arm-none-eabi/10.3.1/../../../../arm-none-eabi/lib/thumb/v7e-m+fp/softfp\libc.a(lib_a-mprec.o)
                0x10007748                __pow5mult
 .text.__lshift
                0x10007808       0xf0 c:/maximsdk/tools/gnutools/10.3/bin/../lib/gcc/arm-none-eabi/10.3.1/../../../../arm-none-eabi/lib/thumb/v7e-m+fp/softfp\libc.a(lib_a-mprec.o)
                0x10007808                __lshift
 .text.__mcmp   0x100078f8       0x44 c:/maximsdk/tools/gnutools/10.3/bin/../lib/gcc/arm-none-eabi/10.3.1/../../../../arm-none-eabi/lib/thumb/v7e-m+fp/softfp\libc.a(lib_a-mprec.o)
                0x100078f8                __mcmp
 .text.__mdiff  0x1000793c      0x14c c:/maximsdk/tools/gnutools/10.3/bin/../lib/gcc/arm-none-eabi/10.3.1/../../../../arm-none-eabi/lib/thumb/v7e-m+fp/softfp\libc.a(lib_a-mprec.o)
                0x1000793c                __mdiff
 .text.__d2b    0x10007a88       0xc4 c:/maximsdk/tools/gnutools/10.3/bin/../lib/gcc/arm-none-eabi/10.3.1/../../../../arm-none-eabi/lib/thumb/v7e-m+fp/softfp\libc.a(lib_a-mprec.o)
                0x10007a88                __d2b
 .text._read_r  0x10007b4c       0x2c c:/maximsdk/tools/gnutools/10.3/bin/../lib/gcc/arm-none-eabi/10.3.1/../../../../arm-none-eabi/lib/thumb/v7e-m+fp/softfp\libc.a(lib_a-readr.o)
                0x10007b4c                _read_r
 .text._realloc_r
                0x10007b78      0x3d8 c:/maximsdk/tools/gnutools/10.3/bin/../lib/gcc/arm-none-eabi/10.3.1/../../../../arm-none-eabi/lib/thumb/v7e-m+fp/softfp\libc.a(lib_a-reallocr.o)
                0x10007b78                _realloc_r
 .text.frexp    0x10007f50       0x70 c:/maximsdk/tools/gnutools/10.3/bin/../lib/gcc/arm-none-eabi/10.3.1/../../../../arm-none-eabi/lib/thumb/v7e-m+fp/softfp\libc.a(lib_a-s_frexp.o)
                0x10007f50                frexp
 .text.strncpy  0x10007fc0       0x64 c:/maximsdk/tools/gnutools/10.3/bin/../lib/gcc/arm-none-eabi/10.3.1/../../../../arm-none-eabi/lib/thumb/v7e-m+fp/softfp\libc.a(lib_a-strncpy.o)
                0x10007fc0                strncpy
 .text.__sprint_r.part.0
                0x10008024       0x78 c:/maximsdk/tools/gnutools/10.3/bin/../lib/gcc/arm-none-eabi/10.3.1/../../../../arm-none-eabi/lib/thumb/v7e-m+fp/softfp\libc.a(lib_a-vfiprintf.o)
 .text.__sprint_r
                0x1000809c       0x18 c:/maximsdk/tools/gnutools/10.3/bin/../lib/gcc/arm-none-eabi/10.3.1/../../../../arm-none-eabi/lib/thumb/v7e-m+fp/softfp\libc.a(lib_a-vfiprintf.o)
                0x1000809c                __sprint_r
 .text._vfiprintf_r
                0x100080b4      0xdfc c:/maximsdk/tools/gnutools/10.3/bin/../lib/gcc/arm-none-eabi/10.3.1/../../../../arm-none-eabi/lib/thumb/v7e-m+fp/softfp\libc.a(lib_a-vfiprintf.o)
                0x100080b4                _vfiprintf_r
 .text.__sbprintf
                0x10008eb0       0x80 c:/maximsdk/tools/gnutools/10.3/bin/../lib/gcc/arm-none-eabi/10.3.1/../../../../arm-none-eabi/lib/thumb/v7e-m+fp/softfp\libc.a(lib_a-vfiprintf.o)
 .text.__swbuf_r
                0x10008f30       0xb0 c:/maximsdk/tools/gnutools/10.3/bin/../lib/gcc/arm-none-eabi/10.3.1/../../../../arm-none-eabi/lib/thumb/v7e-m+fp/softfp\libc.a(lib_a-wbuf.o)
                0x10008f30                __swbuf_r
 .text.__register_exitproc
                0x10008fe0       0x8c c:/maximsdk/tools/gnutools/10.3/bin/../lib/gcc/arm-none-eabi/10.3.1/../../../../arm-none-eabi/lib/thumb/v7e-m+fp/softfp\libc.a(lib_a-__atexit.o)
                0x10008fe0                __register_exitproc
 .text.__assert_func
                0x1000906c       0x40 c:/maximsdk/tools/gnutools/10.3/bin/../lib/gcc/arm-none-eabi/10.3.1/../../../../arm-none-eabi/lib/thumb/v7e-m+fp/softfp\libc.a(lib_a-assert.o)
                0x1000906c                __assert_func
 .text._calloc_r
                0x100090ac       0x78 c:/maximsdk/tools/gnutools/10.3/bin/../lib/gcc/arm-none-eabi/10.3.1/../../../../arm-none-eabi/lib/thumb/v7e-m+fp/softfp\libc.a(lib_a-callocr.o)
                0x100090ac                _calloc_r
 .text.fiprintf
                0x10009124       0x28 c:/maximsdk/tools/gnutools/10.3/bin/../lib/gcc/arm-none-eabi/10.3.1/../../../../arm-none-eabi/lib/thumb/v7e-m+fp/softfp\libc.a(lib_a-fiprintf.o)
                0x10009124                fiprintf
 .text.__fputwc
                0x1000914c       0xa8 c:/maximsdk/tools/gnutools/10.3/bin/../lib/gcc/arm-none-eabi/10.3.1/../../../../arm-none-eabi/lib/thumb/v7e-m+fp/softfp\libc.a(lib_a-fputwc.o)
                0x1000914c                __fputwc
 .text._fputwc_r
                0x100091f4       0x68 c:/maximsdk/tools/gnutools/10.3/bin/../lib/gcc/arm-none-eabi/10.3.1/../../../../arm-none-eabi/lib/thumb/v7e-m+fp/softfp\libc.a(lib_a-fputwc.o)
                0x100091f4                _fputwc_r
 .text._fstat_r
                0x1000925c       0x2c c:/maximsdk/tools/gnutools/10.3/bin/../lib/gcc/arm-none-eabi/10.3.1/../../../../arm-none-eabi/lib/thumb/v7e-m+fp/softfp\libc.a(lib_a-fstatr.o)
                0x1000925c                _fstat_r
 .text._isatty_r
                0x10009288       0x24 c:/maximsdk/tools/gnutools/10.3/bin/../lib/gcc/arm-none-eabi/10.3.1/../../../../arm-none-eabi/lib/thumb/v7e-m+fp/softfp\libc.a(lib_a-isattyr.o)
                0x10009288                _isatty_r
 .text.__locale_mb_cur_max
                0x100092ac        0xc c:/maximsdk/tools/gnutools/10.3/bin/../lib/gcc/arm-none-eabi/10.3.1/../../../../arm-none-eabi/lib/thumb/v7e-m+fp/softfp\libc.a(lib_a-locale.o)
                0x100092ac                __locale_mb_cur_max
 .text.__ascii_mbtowc
                0x100092b8       0x2c c:/maximsdk/tools/gnutools/10.3/bin/../lib/gcc/arm-none-eabi/10.3.1/../../../../arm-none-eabi/lib/thumb/v7e-m+fp/softfp\libc.a(lib_a-mbtowc_r.o)
                0x100092b8                __ascii_mbtowc
 .text._wcrtomb_r
                0x100092e4       0x3c c:/maximsdk/tools/gnutools/10.3/bin/../lib/gcc/arm-none-eabi/10.3.1/../../../../arm-none-eabi/lib/thumb/v7e-m+fp/softfp\libc.a(lib_a-wcrtomb.o)
                0x100092e4                _wcrtomb_r
 .text.__ascii_wctomb
                0x10009320       0x1c c:/maximsdk/tools/gnutools/10.3/bin/../lib/gcc/arm-none-eabi/10.3.1/../../../../arm-none-eabi/lib/thumb/v7e-m+fp/softfp\libc.a(lib_a-wctomb_r.o)
                0x10009320                __ascii_wctomb
 .text.abort    0x1000933c       0x10 c:/maximsdk/tools/gnutools/10.3/bin/../lib/gcc/arm-none-eabi/10.3.1/../../../../arm-none-eabi/lib/thumb/v7e-m+fp/softfp\libc.a(lib_a-abort.o)
                0x1000933c                abort
 .text.raise    0x1000934c       0x5c c:/maximsdk/tools/gnutools/10.3/bin/../lib/gcc/arm-none-eabi/10.3.1/../../../../arm-none-eabi/lib/thumb/v7e-m+fp/softfp\libc.a(lib_a-signal.o)
                0x1000934c                raise
 .text._kill_r  0x100093a8       0x2c c:/maximsdk/tools/gnutools/10.3/bin/../lib/gcc/arm-none-eabi/10.3.1/../../../../arm-none-eabi/lib/thumb/v7e-m+fp/softfp\libc.a(lib_a-signalr.o)
                0x100093a8                _kill_r
 .text._getpid_r
                0x100093d4        0x4 c:/maximsdk/tools/gnutools/10.3/bin/../lib/gcc/arm-none-eabi/10.3.1/../../../../arm-none-eabi/lib/thumb/v7e-m+fp/softfp\libc.a(lib_a-signalr.o)
                0x100093d4                _getpid_r
 .text._getpid  0x100093d8       0x10 c:/maximsdk/tools/gnutools/10.3/bin/../lib/gcc/arm-none-eabi/10.3.1/../../../../arm-none-eabi/lib/thumb/v7e-m+fp/softfp\libnosys.a(getpid.o)
                0x100093d8                _getpid
 .text._kill    0x100093e8       0x10 c:/maximsdk/tools/gnutools/10.3/bin/../lib/gcc/arm-none-eabi/10.3.1/../../../../arm-none-eabi/lib/thumb/v7e-m+fp/softfp\libnosys.a(kill.o)
                0x100093e8                _kill
 .text._exit    0x100093f8        0x4 c:/maximsdk/tools/gnutools/10.3/bin/../lib/gcc/arm-none-eabi/10.3.1/../../../../arm-none-eabi/lib/thumb/v7e-m+fp/softfp\libnosys.a(_exit.o)
                0x100093f8                _exit
 .text          0x100093fc      0x378 c:/maximsdk/tools/gnutools/10.3/bin/../lib/gcc/arm-none-eabi/10.3.1/thumb/v7e-m+fp/softfp\libgcc.a(_arm_addsubdf3.o)
                0x100093fc                __aeabi_drsub
                0x10009404                __aeabi_dsub
                0x10009404                __subdf3
                0x10009408                __aeabi_dadd
                0x10009408                __adddf3
                0x10009680                __floatunsidf
                0x10009680                __aeabi_ui2d
                0x100096a0                __floatsidf
                0x100096a0                __aeabi_i2d
                0x100096c4                __aeabi_f2d
                0x100096c4                __extendsfdf2
                0x10009708                __floatundidf
                0x10009708                __aeabi_ul2d
                0x10009718                __floatdidf
                0x10009718                __aeabi_l2d
 .text          0x10009774      0x424 c:/maximsdk/tools/gnutools/10.3/bin/../lib/gcc/arm-none-eabi/10.3.1/thumb/v7e-m+fp/softfp\libgcc.a(_arm_muldivdf3.o)
                0x10009774                __aeabi_dmul
                0x10009774                __muldf3
                0x100099c8                __divdf3
                0x100099c8                __aeabi_ddiv
 .text          0x10009b98      0x110 c:/maximsdk/tools/gnutools/10.3/bin/../lib/gcc/arm-none-eabi/10.3.1/thumb/v7e-m+fp/softfp\libgcc.a(_arm_cmpdf2.o)
                0x10009b98                __gtdf2
                0x10009b98                __gedf2
                0x10009ba0                __ltdf2
                0x10009ba0                __ledf2
                0x10009ba8                __nedf2
                0x10009ba8                __eqdf2
                0x10009ba8                __cmpdf2
                0x10009c24                __aeabi_cdrcmple
                0x10009c34                __aeabi_cdcmpeq
                0x10009c34                __aeabi_cdcmple
                0x10009c44                __aeabi_dcmpeq
                0x10009c58                __aeabi_dcmplt
                0x10009c6c                __aeabi_dcmple
                0x10009c80                __aeabi_dcmpge
                0x10009c94                __aeabi_dcmpgt
 .text          0x10009ca8       0x2c c:/maximsdk/tools/gnutools/10.3/bin/../lib/gcc/arm-none-eabi/10.3.1/thumb/v7e-m+fp/softfp\libgcc.a(_arm_unorddf2.o)
                0x10009ca8                __unorddf2
                0x10009ca8                __aeabi_dcmpun
 .text          0x10009cd4       0x50 c:/maximsdk/tools/gnutools/10.3/bin/../lib/gcc/arm-none-eabi/10.3.1/thumb/v7e-m+fp/softfp\libgcc.a(_arm_fixdfsi.o)
                0x10009cd4                __aeabi_d2iz
                0x10009cd4                __fixdfsi
 .text          0x10009d24       0x30 c:/maximsdk/tools/gnutools/10.3/bin/../lib/gcc/arm-none-eabi/10.3.1/thumb/v7e-m+fp/softfp\libgcc.a(_aeabi_uldivmod.o)
                0x10009d24                __aeabi_uldivmod
 .text          0x10009d54      0x2d0 c:/maximsdk/tools/gnutools/10.3/bin/../lib/gcc/arm-none-eabi/10.3.1/thumb/v7e-m+fp/softfp\libgcc.a(_udivmoddi4.o)
                0x10009d54                __udivmoddi4
 .text          0x1000a024        0x4 c:/maximsdk/tools/gnutools/10.3/bin/../lib/gcc/arm-none-eabi/10.3.1/thumb/v7e-m+fp/softfp\libgcc.a(_dvmd_tls.o)
                0x1000a024                __aeabi_idiv0
                0x1000a024                __aeabi_ldiv0
 *(.rodata*)
 .rodata.I2CScan.str1.4
                0x1000a028      0x1b1 c:/User/Motion_Sensor/build/main.o
 *fill*         0x1000a1d9        0x3 
 .rodata.print_reg.str1.4
                0x1000a1dc        0x5 c:/User/Motion_Sensor/build/main.o
 *fill*         0x1000a1e1        0x3 
 .rodata.main.str1.4
                0x1000a1e4       0x63 c:/User/Motion_Sensor/build/main.o
 *fill*         0x1000a247        0x1 
 .rodata.read_req.str1.4
                0x1000a248       0x13 c:/User/Motion_Sensor/build/i2c_rw.o
 *fill*         0x1000a25b        0x1 
 .rodata.mxc_assert.str1.4
                0x1000a25c       0x19 c:/User/Motion_Sensor/build/board.o
 *fill*         0x1000a275        0x3 
 .rodata.Board_Init.str1.4
                0x1000a278       0x45 c:/User/Motion_Sensor/build/board.o
 *fill*         0x1000a2bd        0x3 
 .rodata.NMI_Handler.str1.4
                0x1000a2c0        0xc c:/User/Motion_Sensor/build/board.o
 .rodata.HardFault_Handler.str1.4
                0x1000a2cc       0x12 c:/User/Motion_Sensor/build/board.o
 *fill*         0x1000a2de        0x2 
 .rodata        0x1000a2e0       0x70 c:/User/Motion_Sensor/build/board.o
 .rodata.led_pin
                0x1000a350       0x54 c:/User/Motion_Sensor/build/board.o
                0x1000a350                led_pin
 .rodata.num_leds
                0x1000a3a4        0x4 c:/User/Motion_Sensor/build/board.o
                0x1000a3a4                num_leds
 .rodata.num_pbs
                0x1000a3a8        0x4 c:/User/Motion_Sensor/build/board.o
                0x1000a3a8                num_pbs
 .rodata.pb_pin
                0x1000a3ac       0x18 c:/User/Motion_Sensor/build/board.o
                0x1000a3ac                pb_pin
 .rodata.LED_On.str1.4
                0x1000a3c4       0x4f c:/User/Motion_Sensor/build/led.o
 .rodata.MXC_SPI_Init.str1.1
                0x1000a413       0x50 C:/MaximSDK/Libraries/PeriphDrivers/bin/MAX32655/softfp/libPeriphDriver_softfp.a(spi_me17.o)
 .rodata.MXC_SPI_RevA_DMACallback.str1.1
                0x1000a463       0x4f C:/MaximSDK/Libraries/PeriphDrivers/bin/MAX32655/softfp/libPeriphDriver_softfp.a(spi_reva.o)
 .rodata.MXC_SPI_RevA_TransSetup.str1.1
                0x1000a4b2       0x22 C:/MaximSDK/Libraries/PeriphDrivers/bin/MAX32655/softfp/libPeriphDriver_softfp.a(spi_reva.o)
                                 0x2f (size before relaxing)
 .rodata.MXC_SPI_RevA_ReadyForSleep.str1.1
                0x1000a4d4       0x2b C:/MaximSDK/Libraries/PeriphDrivers/bin/MAX32655/softfp/libPeriphDriver_softfp.a(spi_reva.o)
 *fill*         0x1000a4ff        0x1 
 .rodata.gpio_cfg_i2c0
                0x1000a500        0xc C:/MaximSDK/Libraries/PeriphDrivers/bin/MAX32655/softfp/libPeriphDriver_softfp.a(pins_me17.o)
                0x1000a500                gpio_cfg_i2c0
 .rodata.gpio_cfg_i2c1
                0x1000a50c        0xc C:/MaximSDK/Libraries/PeriphDrivers/bin/MAX32655/softfp/libPeriphDriver_softfp.a(pins_me17.o)
                0x1000a50c                gpio_cfg_i2c1
 .rodata.gpio_cfg_i2c2
                0x1000a518        0xc C:/MaximSDK/Libraries/PeriphDrivers/bin/MAX32655/softfp/libPeriphDriver_softfp.a(pins_me17.o)
                0x1000a518                gpio_cfg_i2c2
 .rodata.gpio_cfg_uart0
                0x1000a524        0xc C:/MaximSDK/Libraries/PeriphDrivers/bin/MAX32655/softfp/libPeriphDriver_softfp.a(pins_me17.o)
                0x1000a524                gpio_cfg_uart0
 .rodata.gpio_cfg_uart1
                0x1000a530        0xc C:/MaximSDK/Libraries/PeriphDrivers/bin/MAX32655/softfp/libPeriphDriver_softfp.a(pins_me17.o)
                0x1000a530                gpio_cfg_uart1
 .rodata.gpio_cfg_uart2
                0x1000a53c        0xc C:/MaximSDK/Libraries/PeriphDrivers/bin/MAX32655/softfp/libPeriphDriver_softfp.a(pins_me17.o)
                0x1000a53c                gpio_cfg_uart2
 .rodata.gpio_cfg_uart3
                0x1000a548        0xc C:/MaximSDK/Libraries/PeriphDrivers/bin/MAX32655/softfp/libPeriphDriver_softfp.a(pins_me17.o)
                0x1000a548                gpio_cfg_uart3
 .rodata.MXC_GPIO_Common_Handler.str1.1
                0x1000a554       0x65 C:/MaximSDK/Libraries/PeriphDrivers/bin/MAX32655/softfp/libPeriphDriver_softfp.a(gpio_common.o)
 *fill*         0x1000a5b9        0x3 
 .rodata._global_impure_ptr
                0x1000a5bc        0x4 c:/maximsdk/tools/gnutools/10.3/bin/../lib/gcc/arm-none-eabi/10.3.1/../../../../arm-none-eabi/lib/thumb/v7e-m+fp/softfp\libc.a(lib_a-impure.o)
                0x1000a5bc                _global_impure_ptr
 .rodata._puts_r.str1.4
                0x1000a5c0       0x4f c:/maximsdk/tools/gnutools/10.3/bin/../lib/gcc/arm-none-eabi/10.3.1/../../../../arm-none-eabi/lib/thumb/v7e-m+fp/softfp\libc.a(lib_a-puts.o)
                                  0x2 (size before relaxing)
 .rodata._vfprintf_r.str1.4
                0x1000a5c0       0x42 c:/maximsdk/tools/gnutools/10.3/bin/../lib/gcc/arm-none-eabi/10.3.1/../../../../arm-none-eabi/lib/thumb/v7e-m+fp/softfp\libc.a(lib_a-vfprintf.o)
 *fill*         0x1000a602        0x2 
 .rodata.blanks.1
                0x1000a604       0x10 c:/maximsdk/tools/gnutools/10.3/bin/../lib/gcc/arm-none-eabi/10.3.1/../../../../arm-none-eabi/lib/thumb/v7e-m+fp/softfp\libc.a(lib_a-vfprintf.o)
 .rodata.zeroes.0
                0x1000a614       0x10 c:/maximsdk/tools/gnutools/10.3/bin/../lib/gcc/arm-none-eabi/10.3.1/../../../../arm-none-eabi/lib/thumb/v7e-m+fp/softfp\libc.a(lib_a-vfprintf.o)
 .rodata._dtoa_r.str1.4
                0x1000a624       0xa2 c:/maximsdk/tools/gnutools/10.3/bin/../lib/gcc/arm-none-eabi/10.3.1/../../../../arm-none-eabi/lib/thumb/v7e-m+fp/softfp\libc.a(lib_a-dtoa.o)
                                 0xa6 (size before relaxing)
 *fill*         0x1000a6c6        0x2 
 .rodata.__multadd.str1.4
                0x1000a6c8       0x7f c:/maximsdk/tools/gnutools/10.3/bin/../lib/gcc/arm-none-eabi/10.3.1/../../../../arm-none-eabi/lib/thumb/v7e-m+fp/softfp\libc.a(lib_a-mprec.o)
                                 0x93 (size before relaxing)
 *fill*         0x1000a747        0x1 
 .rodata.__mprec_bigtens
                0x1000a748       0x28 c:/maximsdk/tools/gnutools/10.3/bin/../lib/gcc/arm-none-eabi/10.3.1/../../../../arm-none-eabi/lib/thumb/v7e-m+fp/softfp\libc.a(lib_a-mprec.o)
                0x1000a748                __mprec_bigtens
 .rodata.__mprec_tens
                0x1000a770       0xc8 c:/maximsdk/tools/gnutools/10.3/bin/../lib/gcc/arm-none-eabi/10.3.1/../../../../arm-none-eabi/lib/thumb/v7e-m+fp/softfp\libc.a(lib_a-mprec.o)
                0x1000a770                __mprec_tens
 .rodata.p05.0  0x1000a838        0xc c:/maximsdk/tools/gnutools/10.3/bin/../lib/gcc/arm-none-eabi/10.3.1/../../../../arm-none-eabi/lib/thumb/v7e-m+fp/softfp\libc.a(lib_a-mprec.o)
 .rodata._vfiprintf_r.str1.4
                0x1000a844       0x2f c:/maximsdk/tools/gnutools/10.3/bin/../lib/gcc/arm-none-eabi/10.3.1/../../../../arm-none-eabi/lib/thumb/v7e-m+fp/softfp\libc.a(lib_a-vfiprintf.o)
 .rodata.blanks.1
                0x1000a844       0x10 c:/maximsdk/tools/gnutools/10.3/bin/../lib/gcc/arm-none-eabi/10.3.1/../../../../arm-none-eabi/lib/thumb/v7e-m+fp/softfp\libc.a(lib_a-vfiprintf.o)
 .rodata.zeroes.0
                0x1000a854       0x10 c:/maximsdk/tools/gnutools/10.3/bin/../lib/gcc/arm-none-eabi/10.3.1/../../../../arm-none-eabi/lib/thumb/v7e-m+fp/softfp\libc.a(lib_a-vfiprintf.o)
 .rodata.__assert_func.str1.4
                0x1000a864       0x3f c:/maximsdk/tools/gnutools/10.3/bin/../lib/gcc/arm-none-eabi/10.3.1/../../../../arm-none-eabi/lib/thumb/v7e-m+fp/softfp\libc.a(lib_a-assert.o)
                                 0x43 (size before relaxing)
 *fill*         0x1000a8a3        0x1 
 .rodata._setlocale_r.str1.4
                0x1000a8a4        0xa c:/maximsdk/tools/gnutools/10.3/bin/../lib/gcc/arm-none-eabi/10.3.1/../../../../arm-none-eabi/lib/thumb/v7e-m+fp/softfp\libc.a(lib_a-locale.o)
                                  0xd (size before relaxing)
 *fill*         0x1000a8ae        0x2 
 .rodata.str1.4
                0x1000a8b0        0x2 c:/maximsdk/tools/gnutools/10.3/bin/../lib/gcc/arm-none-eabi/10.3.1/../../../../arm-none-eabi/lib/thumb/v7e-m+fp/softfp\libc.a(lib_a-locale.o)
 *fill*         0x1000a8b2        0x2 
 .rodata._ctype_
                0x1000a8b4      0x101 c:/maximsdk/tools/gnutools/10.3/bin/../lib/gcc/arm-none-eabi/10.3.1/../../../../arm-none-eabi/lib/thumb/v7e-m+fp/softfp\libc.a(lib_a-ctype_.o)
                0x1000a8b4                _ctype_
 *(.init)
 *fill*         0x1000a9b5        0x3 
 .init          0x1000a9b8        0x4 c:/maximsdk/tools/gnutools/10.3/bin/../lib/gcc/arm-none-eabi/10.3.1/thumb/v7e-m+fp/softfp/crti.o
                0x1000a9b8                _init
 .init          0x1000a9bc        0x8 c:/maximsdk/tools/gnutools/10.3/bin/../lib/gcc/arm-none-eabi/10.3.1/thumb/v7e-m+fp/softfp/crtn.o
 *(.fini)
 .fini          0x1000a9c4        0x4 c:/maximsdk/tools/gnutools/10.3/bin/../lib/gcc/arm-none-eabi/10.3.1/thumb/v7e-m+fp/softfp/crti.o
                0x1000a9c4                _fini
 .fini          0x1000a9c8        0x8 c:/maximsdk/tools/gnutools/10.3/bin/../lib/gcc/arm-none-eabi/10.3.1/thumb/v7e-m+fp/softfp/crtn.o
 *(.eh_frame*)
 .eh_frame      0x1000a9d0        0x0 c:/maximsdk/tools/gnutools/10.3/bin/../lib/gcc/arm-none-eabi/10.3.1/thumb/v7e-m+fp/softfp/crtbegin.o
 .eh_frame      0x1000a9d0        0x4 c:/maximsdk/tools/gnutools/10.3/bin/../lib/gcc/arm-none-eabi/10.3.1/thumb/v7e-m+fp/softfp/crtend.o
                0x1000a9d4                _etext = .

.glue_7         0x1000a9d4        0x0
 .glue_7        0x1000a9d4        0x0 linker stubs

.glue_7t        0x1000a9d4        0x0
 .glue_7t       0x1000a9d4        0x0 linker stubs

.vfp11_veneer   0x1000a9d4        0x0
 .vfp11_veneer  0x1000a9d4        0x0 linker stubs

.v4_bx          0x1000a9d4        0x0
 .v4_bx         0x1000a9d4        0x0 linker stubs

.iplt           0x1000a9d4        0x0
 .iplt          0x1000a9d4        0x0 c:/maximsdk/tools/gnutools/10.3/bin/../lib/gcc/arm-none-eabi/10.3.1/thumb/v7e-m+fp/softfp/crtbegin.o

.bin_storage    0x1000a9d4        0x0
 FILL mask 0xff
                0x1000a9d4                _bin_start_ = .
 *(.bin_storage_img)
                0x1000a9d4                _bin_end_ = .
                0x1000a9d4                . = ALIGN (0x4)

.rom_code       0x00000000        0x0
                0x00000000                . = ALIGN (0x10)
                0x20000000                _sran_code = .
 *(.rom_code_section)
                0x20000000                _esran_code = .

.flash_code     0x1000a9d4        0xc
                0x1000a9e0                . = ALIGN (0x10)
 *fill*         0x1000a9d4        0xc 
                0x20000000                _sran_code = .
 *(.flash_code_section)
                0x20000000                _esran_code = .

.sram_code      0x20000000        0x0
                0x20000000                . = ALIGN (0x10)
                0x20000000                _sran_code = .
 *(.sram_code_section)
                0x20000000                _esran_code = .

.ARM.exidx      0x1000a9e0        0x8
                0x1000a9e0                __exidx_start = .
 *(.ARM.exidx*)
 .ARM.exidx     0x1000a9e0        0x8 c:/maximsdk/tools/gnutools/10.3/bin/../lib/gcc/arm-none-eabi/10.3.1/thumb/v7e-m+fp/softfp\libgcc.a(_udivmoddi4.o)
                0x1000a9e8                __exidx_end = .

.rel.dyn        0x1000a9e8        0x0
 .rel.iplt      0x1000a9e8        0x0 c:/maximsdk/tools/gnutools/10.3/bin/../lib/gcc/arm-none-eabi/10.3.1/thumb/v7e-m+fp/softfp/crtbegin.o

.data           0x20000000      0x9c4 load address 0x1000a9e8
                0x20000000                _data = ALIGN (., 0x4)
 *(.data*)
 .data.ConsoleUart
                0x20000000        0x4 c:/User/Motion_Sensor/build/board.o
                0x20000000                ConsoleUart
 .data.SystemCoreClock
                0x20000004        0x4 c:/User/Motion_Sensor/build/system_max32655.o
                0x20000004                SystemCoreClock
 .data.overflows
                0x20000008        0x4 C:/MaximSDK/Libraries/PeriphDrivers/bin/MAX32655/softfp/libPeriphDriver_softfp.a(mxc_delay.o)
 .data._impure_ptr
                0x2000000c        0x4 c:/maximsdk/tools/gnutools/10.3/bin/../lib/gcc/arm-none-eabi/10.3.1/../../../../arm-none-eabi/lib/thumb/v7e-m+fp/softfp\libc.a(lib_a-impure.o)
                0x2000000c                _impure_ptr
 .data.impure_data
                0x20000010      0x428 c:/maximsdk/tools/gnutools/10.3/bin/../lib/gcc/arm-none-eabi/10.3.1/../../../../arm-none-eabi/lib/thumb/v7e-m+fp/softfp\libc.a(lib_a-impure.o)
 .data.__malloc_av_
                0x20000438      0x408 c:/maximsdk/tools/gnutools/10.3/bin/../lib/gcc/arm-none-eabi/10.3.1/../../../../arm-none-eabi/lib/thumb/v7e-m+fp/softfp\libc.a(lib_a-mallocr.o)
                0x20000438                __malloc_av_
 .data.__malloc_sbrk_base
                0x20000840        0x4 c:/maximsdk/tools/gnutools/10.3/bin/../lib/gcc/arm-none-eabi/10.3.1/../../../../arm-none-eabi/lib/thumb/v7e-m+fp/softfp\libc.a(lib_a-mallocr.o)
                0x20000840                __malloc_sbrk_base
 .data.__malloc_trim_threshold
                0x20000844        0x4 c:/maximsdk/tools/gnutools/10.3/bin/../lib/gcc/arm-none-eabi/10.3.1/../../../../arm-none-eabi/lib/thumb/v7e-m+fp/softfp\libc.a(lib_a-mallocr.o)
                0x20000844                __malloc_trim_threshold
 .data.__atexit_recursive_mutex
                0x20000848        0x4 c:/maximsdk/tools/gnutools/10.3/bin/../lib/gcc/arm-none-eabi/10.3.1/../../../../arm-none-eabi/lib/thumb/v7e-m+fp/softfp\libc.a(lib_a-__call_atexit.o)
                0x20000848                __atexit_recursive_mutex
 .data.__global_locale
                0x2000084c      0x16c c:/maximsdk/tools/gnutools/10.3/bin/../lib/gcc/arm-none-eabi/10.3.1/../../../../arm-none-eabi/lib/thumb/v7e-m+fp/softfp\libc.a(lib_a-locale.o)
                0x2000084c                __global_locale
 *(.flashprog*)
                0x200009b8                . = ALIGN (0x4)
                0x200009b8                PROVIDE (__preinit_array_start = .)
 *(.preinit_array)
                0x200009b8                PROVIDE (__preinit_array_end = .)
                0x200009b8                . = ALIGN (0x4)
                0x200009b8                PROVIDE (__init_array_start = .)
 *(SORT_BY_NAME(.init_array.*))
 .init_array.00000
                0x200009b8        0x4 c:/maximsdk/tools/gnutools/10.3/bin/../lib/gcc/arm-none-eabi/10.3.1/../../../../arm-none-eabi/lib/thumb/v7e-m+fp/softfp\libc.a(lib_a-__call_atexit.o)
 *(.init_array)
 .init_array    0x200009bc        0x4 c:/maximsdk/tools/gnutools/10.3/bin/../lib/gcc/arm-none-eabi/10.3.1/thumb/v7e-m+fp/softfp/crtbegin.o
                0x200009c0                PROVIDE (__init_array_end = .)
                0x200009c0                . = ALIGN (0x4)
                0x200009c0                PROVIDE (__fini_array_start = .)
 *(SORT_BY_NAME(.fini_array.*))
 *(.fini_array)
 .fini_array    0x200009c0        0x4 c:/maximsdk/tools/gnutools/10.3/bin/../lib/gcc/arm-none-eabi/10.3.1/thumb/v7e-m+fp/softfp/crtbegin.o
                0x200009c4                PROVIDE (__fini_array_end = .)
                0x200009c4                _edata = ALIGN (., 0x4)
                0x1000a9e8                __load_data = LOADADDR (.data)

.igot.plt       0x200009c4        0x0 load address 0x1000b3ac
 .igot.plt      0x200009c4        0x0 c:/maximsdk/tools/gnutools/10.3/bin/../lib/gcc/arm-none-eabi/10.3.1/thumb/v7e-m+fp/softfp/crtbegin.o

.bss            0x200009c4      0x590 load address 0x1000b3ac
                0x200009c4                . = ALIGN (0x4)
                0x200009c4                _bss = .
 *(.bss*)
 .bss           0x200009c4       0x1c c:/maximsdk/tools/gnutools/10.3/bin/../lib/gcc/arm-none-eabi/10.3.1/thumb/v7e-m+fp/softfp/crtbegin.o
 .bss.resp      0x200009e0        0x8 c:/User/Motion_Sensor/build/i2c_rw.o
 .bss.blen_pin  0x200009e8        0xc c:/User/Motion_Sensor/build/tft_ssd2119.o
 .bss.g_spi_gpio
                0x200009f4        0xc c:/User/Motion_Sensor/build/tft_ssd2119.o
 .bss.reset_pin
                0x20000a00        0xc c:/User/Motion_Sensor/build/tft_ssd2119.o
 .bss.spi       0x20000a0c        0x4 c:/User/Motion_Sensor/build/tft_ssd2119.o
 .bss.ssel      0x20000a10        0x4 c:/User/Motion_Sensor/build/tft_ssd2119.o
 .bss.tft_spi_freq
                0x20000a14        0x4 c:/User/Motion_Sensor/build/tft_ssd2119.o
 .bss.busy_gpio
                0x20000a18        0xc c:/User/Motion_Sensor/build/tsc2046.o
 .bss.int_gpio  0x20000a24        0xc c:/User/Motion_Sensor/build/tsc2046.o
 .bss.t_spi     0x20000a30        0x4 c:/User/Motion_Sensor/build/tsc2046.o
 .bss.t_spi_freq
                0x20000a34        0x4 c:/User/Motion_Sensor/build/tsc2046.o
 .bss.t_spi_gpio
                0x20000a38        0xc c:/User/Motion_Sensor/build/tsc2046.o
 .bss.t_ssel    0x20000a44        0x4 c:/User/Motion_Sensor/build/tsc2046.o
 .bss.g_cfg     0x20000a48       0x10 c:/User/Motion_Sensor/build/w25.o
 .bss.g_is_configured
                0x20000a58        0x1 c:/User/Motion_Sensor/build/w25.o
 *fill*         0x20000a59        0x3 
 .bss.heap_end  0x20000a5c        0x4 c:/User/Motion_Sensor/build/heap.o
 .bss.cbFunc    0x20000a60        0x4 C:/MaximSDK/Libraries/PeriphDrivers/bin/MAX32655/softfp/libPeriphDriver_softfp.a(mxc_delay.o)
 .bss.ctrl_save
                0x20000a64        0x4 C:/MaximSDK/Libraries/PeriphDrivers/bin/MAX32655/softfp/libPeriphDriver_softfp.a(mxc_delay.o)
 .bss.endtick   0x20000a68        0x4 C:/MaximSDK/Libraries/PeriphDrivers/bin/MAX32655/softfp/libPeriphDriver_softfp.a(mxc_delay.o)
 .bss.states    0x20000a6c       0x48 C:/MaximSDK/Libraries/PeriphDrivers/bin/MAX32655/softfp/libPeriphDriver_softfp.a(i2c_reva.o)
 .bss.async     0x20000ab4        0x1 C:/MaximSDK/Libraries/PeriphDrivers/bin/MAX32655/softfp/libPeriphDriver_softfp.a(spi_reva.o)
                0x20000ab4                async
 *fill*         0x20000ab5        0x3 
 .bss.states    0x20000ab8       0x50 C:/MaximSDK/Libraries/PeriphDrivers/bin/MAX32655/softfp/libPeriphDriver_softfp.a(spi_reva.o)
 .bss.callback  0x20000b08      0x200 C:/MaximSDK/Libraries/PeriphDrivers/bin/MAX32655/softfp/libPeriphDriver_softfp.a(gpio_common.o)
 .bss.cbparam   0x20000d08      0x200 C:/MaximSDK/Libraries/PeriphDrivers/bin/MAX32655/softfp/libPeriphDriver_softfp.a(gpio_common.o)
 .bss.initialized
                0x20000f08        0x1 C:/MaximSDK/Libraries/PeriphDrivers/bin/MAX32655/softfp/libPeriphDriver_softfp.a(gpio_common.o)
 *fill*         0x20000f09        0x3 
 .bss.__lock___atexit_recursive_mutex
                0x20000f0c        0x1 c:/maximsdk/tools/gnutools/10.3/bin/../lib/gcc/arm-none-eabi/10.3.1/../../../../arm-none-eabi/lib/thumb/v7e-m+fp/softfp\libc.a(lib_a-lock.o)
                0x20000f0c                __lock___atexit_recursive_mutex
 *fill*         0x20000f0d        0x3 
 .bss.__lock___malloc_recursive_mutex
                0x20000f10        0x1 c:/maximsdk/tools/gnutools/10.3/bin/../lib/gcc/arm-none-eabi/10.3.1/../../../../arm-none-eabi/lib/thumb/v7e-m+fp/softfp\libc.a(lib_a-lock.o)
                0x20000f10                __lock___malloc_recursive_mutex
 *fill*         0x20000f11        0x3 
 .bss.__lock___sfp_recursive_mutex
                0x20000f14        0x1 c:/maximsdk/tools/gnutools/10.3/bin/../lib/gcc/arm-none-eabi/10.3.1/../../../../arm-none-eabi/lib/thumb/v7e-m+fp/softfp\libc.a(lib_a-lock.o)
                0x20000f14                __lock___sfp_recursive_mutex
 *fill*         0x20000f15        0x3 
 .bss.__lock___sinit_recursive_mutex
                0x20000f18        0x1 c:/maximsdk/tools/gnutools/10.3/bin/../lib/gcc/arm-none-eabi/10.3.1/../../../../arm-none-eabi/lib/thumb/v7e-m+fp/softfp\libc.a(lib_a-lock.o)
                0x20000f18                __lock___sinit_recursive_mutex
 *fill*         0x20000f19        0x3 
 .bss.__malloc_current_mallinfo
                0x20000f1c       0x28 c:/maximsdk/tools/gnutools/10.3/bin/../lib/gcc/arm-none-eabi/10.3.1/../../../../arm-none-eabi/lib/thumb/v7e-m+fp/softfp\libc.a(lib_a-mallocr.o)
                0x20000f1c                __malloc_current_mallinfo
 .bss.__malloc_max_sbrked_mem
                0x20000f44        0x4 c:/maximsdk/tools/gnutools/10.3/bin/../lib/gcc/arm-none-eabi/10.3.1/../../../../arm-none-eabi/lib/thumb/v7e-m+fp/softfp\libc.a(lib_a-mallocr.o)
                0x20000f44                __malloc_max_sbrked_mem
 .bss.__malloc_max_total_mem
                0x20000f48        0x4 c:/maximsdk/tools/gnutools/10.3/bin/../lib/gcc/arm-none-eabi/10.3.1/../../../../arm-none-eabi/lib/thumb/v7e-m+fp/softfp\libc.a(lib_a-mallocr.o)
                0x20000f48                __malloc_max_total_mem
 .bss.__malloc_top_pad
                0x20000f4c        0x4 c:/maximsdk/tools/gnutools/10.3/bin/../lib/gcc/arm-none-eabi/10.3.1/../../../../arm-none-eabi/lib/thumb/v7e-m+fp/softfp\libc.a(lib_a-mallocr.o)
                0x20000f4c                __malloc_top_pad
 .bss.errno     0x20000f50        0x4 c:/maximsdk/tools/gnutools/10.3/bin/../lib/gcc/arm-none-eabi/10.3.1/../../../../arm-none-eabi/lib/thumb/v7e-m+fp/softfp\libc.a(lib_a-reent.o)
                0x20000f50                errno
 *(COMMON)
                0x20000f54                _ebss = ALIGN (., 0x4)

.pal_nvm_db     0x10080000        0x0
                0x10080000                . = ALIGN (0x2000)
                0x10080000                __pal_nvm_db_start__ = .
                0x10080000                . = (. + _PAL_NVM_SIZE)
                0x10080000                __pal_nvm_db_end__ = .

.riscv_flash
 *riscv.o()

.shared         0x20000f54        0x0
                0x20000f54                . = ALIGN (0x4)
                0x20000f54                _shared = .
 *(.mailbox*)
                0x20000f54                . = ALIGN (0x4)
 *(.shared*)
                0x20000f54                _eshared = ALIGN (., 0x4)
                0x20000f54                __shared_data = LOADADDR (.shared)
                0x20020000                __StackTop = (ORIGIN (SRAM) + LENGTH (SRAM))
                0x2001f000                __StackLimit = (__StackTop - SIZEOF (.stack_dummy))

.stack_dummy    0x20000f58     0x1000
 *(.stack*)